05-02 11:08:53.955 D/RecentTasks_Recents( 1129): addRecent: adding TaskRecord{bf19b3c #23 A=com.android.testred U=0 StackId=2 sz=1}
05-02 11:08:53.955 D/RecentTasks( 1129): User: UserInfo{0:Owner:13} quiet=false
05-02 11:08:53.955 D/RecentTasks( 1129): isActiveRecentTask: task=TaskRecord{bf19b3c #23 A=com.android.testred U=0 StackId=2 sz=1} globalMax=48
05-02 11:08:53.955 D/RecentTasks( 1129): isVisibleRecentTask: task=TaskRecord{bf19b3c #23 A=com.android.testred U=0 StackId=2 sz=1} minVis=5 maxVis=-1 sessionDuration=21600000 inactiveDuration=0 activityType=1 windowingMode=1 intentFlags=270532608
......
05-02 11:08:53.956 V/WindowManager( 1129): setAppVisibility(Token{54eda1a ActivityRecord{8be2d09 u0 com.android.testred/.TestActivity t23}}, visible=true): mNextAppTransition=TRANSIT_TASK_OPEN hidden=true hiddenRequested=false Callers=com.android.server.am.ActivityRecord.setVisibility:1668 com.android.server.am.ActivityRecord.setVisible:1676 com.android.server.am.ActivityRecord.completeResumeLocked:1880 com.android.server.am.ActivityStack.minimalResumeActivityLocked:1264 com.android.server.am.ActivityStackSupervisor.realStartActivityLocked:1609 com.android.server.am.ActivityStackSupervisor.attachApplicationLocked:996 
......
05-02 11:08:53.956 V/WindowManager( 1129): No longer Stopped: AppWindowToken{322f94b token=Token{54eda1a ActivityRecord{8be2d09 u0 com.android.testred/.TestActivity t23}}}
......
05-02 11:08:53.956 D/ActivityManagerService_Switch( 1129): updateUsageStats: comp=ActivityRecord{8be2d09 u0 com.android.testred/.TestActivity t23}res=true
......
05-02 11:08:53.956 D/ActivityStackSupervisor_Stack( 1129): allResumedActivitiesComplete: mLastFocusedStack changing from=ActivityStack{78f598b stackId=0 type=home mode=fullscreen visible=true translucent=false, 1 tasks} to=ActivityStack{2a5f92f stackId=2 type=standard mode=fullscreen visible=true translucent=true, 1 tasks}
05-02 11:08:53.956 V/ActivityStack_Visibility( 1129): ensureActivitiesVisible behind ActivityRecord{8be2d09 u0 com.android.testred/.TestActivity t23} configChanges=0x0
05-02 11:08:53.957 V/ActivityStack_Visibility( 1129): Make visible? ActivityRecord{8be2d09 u0 com.android.testred/.TestActivity t23} finishing=false state=RESUMED
05-02 11:08:53.957 V/ActivityRecord_Configuration( 1129): Ensuring correct configuration: ActivityRecord{8be2d09 u0 com.android.testred/.TestActivity t23}
05-02 11:08:53.957 V/ActivityRecord_Configuration( 1129): Configuration & display unchanged in ActivityRecord{8be2d09 u0 com.android.testred/.TestActivity t23}
05-02 11:08:53.957 V/ActivityStack_Visibility( 1129): Skipping: already visible at ActivityRecord{8be2d09 u0 com.android.testred/.TestActivity t23}
05-02 11:08:53.957 V/ActivityStack_Visibility( 1129): ensureActivitiesVisible behind ActivityRecord{303b419 u0 com.android.launcher3/.Launcher t2} configChanges=0x0
05-02 11:08:53.958 V/ActivityStack_Visibility( 1129): Fullscreen: at ActivityRecord{303b419 u0 com.android.launcher3/.Launcher t2} stackInvisible=false behindFullscreenActivity=false
05-02 11:08:53.958 V/ActivityStack_Visibility( 1129): Make visible? ActivityRecord{303b419 u0 com.android.launcher3/.Launcher t2} finishing=false state=PAUSED
05-02 11:08:53.958 V/ActivityRecord_Configuration( 1129): Ensuring correct configuration: ActivityRecord{303b419 u0 com.android.launcher3/.Launcher t2}
05-02 11:08:53.958 V/ActivityRecord_Configuration( 1129): Configuration & display unchanged in ActivityRecord{303b419 u0 com.android.launcher3/.Launcher t2}
05-02 11:08:53.958 V/ActivityStack_Visibility( 1129): Skipping: already visible at ActivityRecord{303b419 u0 com.android.launcher3/.Launcher t2}
05-02 11:08:53.958 V/ActivityStack_Visibility( 1129): Home task: at TaskRecord{119d98c #2 ?? U=0 StackId=0 sz=1} stackShouldBeVisible=true behindFullscreenActivity=true
05-02 11:08:53.958 W/WindowManager( 1129): Execute app transition: mNextAppTransition=TRANSIT_TASK_OPEN Callers=com.android.server.am.ActivityStackSupervisor.reportResumedActivityLocked:3716 com.android.server.am.ActivityRecord.completeResumeLocked:1909 com.android.server.am.ActivityStack.minimalResumeActivityLocked:1264 com.android.server.am.ActivityStackSupervisor.realStartActivityLocked:1609 com.android.server.am.ActivityStackSupervisor.attachApplicationLocked:996 
05-02 11:08:53.958 V/RootWindowContainer( 1129): performSurfacePlacementInner: entry. Called by com.android.server.wm.WindowSurfacePlacer.performSurfacePlacementLoop:207 com.android.server.wm.WindowSurfacePlacer.performSurfacePlacement:155 com.android.server.wm.WindowSurfacePlacer.performSurfacePlacement:145 
05-02 11:08:53.958 I/ActivityStack_SavedState( 1129): Launch completed; removing icicle of null
05-02 11:08:53.958 I/RootWindowContainer( 1129): >>> OPEN TRANSACTION performLayoutAndPlaceSurfaces
......
05-02 11:08:53.959 V/ActivityThread( 2961): >>> handling: SET_CORE_SETTINGS
......
05-02 11:08:53.959 V/ActivityThread( 2961): <<< done: SET_CORE_SETTINGS
05-02 11:08:53.959 V/ActivityThread( 2961): >>> handling: BIND_APPLICATION
......
05-02 11:08:53.962 I/ActivityManagerService_ProcessObservers( 1129): *** Delivering 1 process changes
05-02 11:08:53.963 I/ActivityManagerService_UidObservers( 1129): *** Delivering 1 uid changes
05-02 11:08:53.963 I/ActivityManagerService_UidObservers( 1129): UID active uid=10088
05-02 11:08:53.963 I/ActivityManagerService_UidObservers( 1129): UID CHANGED uid=10088: 2
......
05-02 11:08:53.970 D/ActivityManagerService_Network( 1129): Got update from NPMS for uid: 10088 seq: 0
05-02 11:08:53.970 V/ActivityThread( 2961): Loading code package com.android.testred (in com.android.testred)
05-02 11:08:53.970 D/ActivityManagerService_Network( 1129): procStateSeq: 0 has already been handled for uid: 10088
05-02 11:08:53.970 I/RootWindowContainer( 1129): <<< CLOSE TRANSACTION performLayoutAndPlaceSurfaces
05-02 11:08:53.970 V/WindowSurfacePlacer( 1129): Checking 1 opening apps (frozen=false timeout=false)...
05-02 11:08:53.970 V/WindowSurfacePlacer( 1129): Check opening app=AppWindowToken{322f94b token=Token{54eda1a ActivityRecord{8be2d09 u0 com.android.testred/.TestActivity t23}}}: allDrawn=false startingDisplayed=false startingMoved=false isRelaunching()=false startingWindow=null
......
05-02 11:08:53.972 I/WindowManager( 1129): enableScreenIfNeededLocked: mDisplayEnabled=true mForceDisplayEnabled=false mShowingBootMessages=false mSystemBooted=true
05-02 11:08:53.972 I/WindowManager( 1129): java.lang.RuntimeException: here
05-02 11:08:53.972 I/WindowManager( 1129): 	at com.android.server.wm.WindowManagerService.enableScreenIfNeededLocked(WindowManagerService.java:3417)
05-02 11:08:53.972 I/WindowManager( 1129): 	at com.android.server.wm.RootWindowContainer.performSurfacePlacement(RootWindowContainer.java:818)
05-02 11:08:53.972 I/WindowManager( 1129): 	at com.android.server.wm.WindowSurfacePlacer.performSurfacePlacementLoop(WindowSurfacePlacer.java:207)
05-02 11:08:53.972 I/WindowManager( 1129): 	at com.android.server.wm.WindowSurfacePlacer.performSurfacePlacement(WindowSurfacePlacer.java:155)
05-02 11:08:53.972 I/WindowManager( 1129): 	at com.android.server.wm.WindowSurfacePlacer.performSurfacePlacement(WindowSurfacePlacer.java:145)
05-02 11:08:53.972 I/WindowManager( 1129): 	at com.android.server.wm.WindowSurfacePlacer.lambda$new$0(WindowSurfacePlacer.java:118)
05-02 11:08:53.972 I/WindowManager( 1129): 	at com.android.server.wm.-$$Lambda$WindowSurfacePlacer$4Hbamt-LFcbu8AoZBoOZN_LveKQ.run(Unknown Source:2)
05-02 11:08:53.972 I/WindowManager( 1129): 	at android.os.Handler.handleCallback(Handler.java:873)
05-02 11:08:53.972 I/WindowManager( 1129): 	at android.os.Handler.dispatchMessage(Handler.java:99)
05-02 11:08:53.972 I/WindowManager( 1129): 	at android.os.Looper.loop(Looper.java:193)
05-02 11:08:53.972 I/WindowManager( 1129): 	at android.os.HandlerThread.run(HandlerThread.java:65)
05-02 11:08:53.972 I/WindowManager( 1129): 	at com.android.server.ServiceThread.run(ServiceThread.java:44)
05-02 11:08:53.972 E/RootWindowContainer( 1129): performSurfacePlacementInner exit: animating=false
......
(id=2131361857) (tag=AppInfo(id=-1 type=APP container=-1 screen=-1 cell(-1,-1) span(1,1) minSpan(1,1) rank=0 user=UserHandle{0} title=Test Viewport componentName=ComponentInfo{com.android.testred/com.android.testred.TestActivity}))
......
05-02 11:08:53.989 D/RecentTasks( 1129): isVisibleRecentTask: task=TaskRecord{bf19b3c #23 A=com.android.testred U=0 StackId=2 sz=1} minVis=5 maxVis=-1 sessionDuration=21600000 inactiveDuration=2 activityType=1 windowingMode=1 intentFlags=270532608
......
05-02 11:08:54.019 V/ActivityThread( 2961): Handle configuration changed: {1.0 ?mcc?mnc [en_US] ldltr sw320dp w320dp h497dp 240dpi nrml port finger -keyb/v/h -nav/h winConfig={ mBounds=Rect(0, 0 - 0, 0) mAppBounds=Rect(0, 0 - 480, 782) mWindowingMode=fullscreen mActivityType=undefined} s.5}
05-02 11:08:54.019 V/ResourcesManager( 2961): Skipping new config: curSeq=5, newSeq=5
05-02 11:08:54.019 V/ActivityThread( 2961): Handling launch of ActivityRecord{aad6764 token=android.os.BinderProxy@48b70f6 {com.android.testred/com.android.testred.TestActivity}}
......
05-02 11:08:54.027 V/ActivityThread( 2961): Performing launch of ActivityRecord{aad6764 token=android.os.BinderProxy@48b70f6 {com.android.testred/com.android.testred.TestActivity}}
05-02 11:08:54.027 V/ActivityThread( 2961): ActivityRecord{aad6764 token=android.os.BinderProxy@48b70f6 {com.android.testred/com.android.testred.TestActivity}}: app=android.app.Application@a75a682, appName=com.android.testred, pkg=com.android.testred, comp={com.android.testred/com.android.testred.TestActivity}, dir=/system/app/TestViewportRed/TestViewportRed.apk
05-02 11:08:54.028 V/ActivityThread( 2961): Launching activity com.android.testred.TestActivity with config {1.0 ?mcc?mnc [en_US] ldltr sw320dp w320dp h497dp 240dpi nrml port finger -keyb/v/h -nav/h winConfig={ mBounds=Rect(0, 0 - 480, 782) mAppBounds=Rect(0, 0 - 480, 782) mWindowingMode=fullscreen mActivityType=standard} s.5}
......
05-02 11:08:54.048 I/GLThread( 2961): starting tid=203
05-02 11:08:54.049 I/GLThread( 2961): noticed surfaceView surface lost tid=203
05-02 11:08:54.049 V/ActivityManagerService( 1129): Report configuration: Token{54eda1a ActivityRecord{8be2d09 u0 com.android.testred/.TestActivity t23}} null null
05-02 11:08:54.049 I/GLThread( 2961): waiting tid=203 mHaveEglContext: false mHaveEglSurface: false mFinishedCreatingEglSurface: false mPaused: false mHasSurface: false mSurfaceIsBad: false mWaitingForSurface: true mWidth: 0 mHeight: 0 mRequestRender: true mRenderMode: 0
(id=2131361857) (tag=AppInfo(id=-1 type=APP container=-1 screen=-1 cell(-1,-1) span(1,1) minSpan(1,1) rank=0 user=UserHandle{0} title=Search componentName=ComponentInfo{com.android.quicksearchbox/com.android.quicksearchbox.SearchActivity}))
05-02 11:08:54.051 V/ActivityThread( 2961): Performing resume of ActivityRecord{aad6764 token=android.os.BinderProxy@48b70f6 {com.android.testred/com.android.testred.TestActivity}} finished=false
05-02 11:08:54.052 I/GLThread( 2961): onResume tid=203
05-02 11:08:54.052 V/ActivityThread( 2961): Resume ActivityRecord{aad6764 token=android.os.BinderProxy@48b70f6 {com.android.testred/com.android.testred.TestActivity}} started activity: false, hideForNow: false, finished: false
......
05-02 11:08:54.073 D/ViewRootImpl[TestActivity]( 2961): WindowLayout in setView:{(0,0)(fillxfill) sim={forwardNavigation} ty=BASE_APPLICATION fmt=TRANSPARENT wanim=0x1030000
05-02 11:08:54.073 D/ViewRootImpl[TestActivity]( 2961):   fl=LAYOUT_IN_SCREEN LAYOUT_INSET_DECOR SPLIT_TOUCH HARDWARE_ACCELERATED}
05-02 11:08:54.076 V/WindowState( 1129): Window Window{9f1d5ed u0 com.android.testred/com.android.testred.TestActivity} client=android.os.BinderProxy@6869c04 token=AppWindowToken{322f94b token=Token{54eda1a ActivityRecord{8be2d09 u0 com.android.testred/.TestActivity t23}}} (Token{54eda1a ActivityRecord{8be2d09 u0 com.android.testred/.TestActivity t23}}) params={(0,0)(fillxfill) sim={forwardNavigation} ty=BASE_APPLICATION fmt=TRANSPARENT wanim=0x1030000
05-02 11:08:54.076 V/WindowState( 1129):   fl=LAYOUT_IN_SCREEN LAYOUT_INSET_DECOR SPLIT_TOUCH HARDWARE_ACCELERATED}
......
05-02 11:08:54.077 V/WindowState( 1129): Attaching Window{9f1d5ed u0 com.android.testred/com.android.testred.TestActivity} token=AppWindowToken{322f94b token=Token{54eda1a ActivityRecord{8be2d09 u0 com.android.testred/.TestActivity t23}}}
......
05-02 11:08:54.078 I/WindowManager( 1129):   NEW SURFACE SESSION android.view.SurfaceSession@d747c22
......
05-02 11:08:54.078 D/WindowManager( 1129): addWindow: win=Window{9f1d5ed u0 com.android.testred/com.android.testred.TestActivity} Callers=com.android.server.wm.AppWindowToken.addWindow:989 com.android.server.wm.WindowManagerService.addWindow:1426 com.android.server.wm.Session.addToDisplay:205 android.view.IWindowSession$Stub.onTransact:129 com.android.server.wm.Session.onTransact:164 
05-02 11:08:54.078 V/WindowManager( 1129): Adding Window{9f1d5ed u0 com.android.testred/com.android.testred.TestActivity} to AppWindowToken{322f94b token=Token{54eda1a ActivityRecord{8be2d09 u0 com.android.testred/.TestActivity t23}}}
......
05-02 11:08:54.079 V/BufferLayer( 1003): Creating Layer 9f1d5ed com.android.testred/com.android.testred.TestActivity#0
05-02 11:08:54.079 V/BufferQueueConsumer( 1003): [] connect: controlledByApp=false
05-02 11:08:54.079 V/BufferQueueConsumer( 1003): [] setConsumerName: 'unnamed-1003-50'
05-02 11:08:54.079 V/BufferLayerConsumer( 1003): [unnamed-1003-50] BufferLayerConsumer
05-02 11:08:54.079 V/BufferQueueConsumer( 1003): [unnamed-1003-50] setConsumerUsageBits: 0x100
05-02 11:08:54.079 V/BufferQueueConsumer( 1003): [unnamed-1003-50] setConsumerUsageBits: 0x900
05-02 11:08:54.079 V/ConsumerBase( 1003): [unnamed-1003-50] setFrameAvailableListener
05-02 11:08:54.079 V/BufferQueueConsumer( 1003): [unnamed-1003-50] setConsumerName: '9f1d5ed com.android.testred/com.android.testred.TestActivity#0'
05-02 11:08:54.079 V/BufferQueueProducer( 1003): [] setMaxDequeuedBufferCount: maxDequeuedBuffers = 2
05-02 11:08:54.079 V/BufferQueueConsumer( 1003): [9f1d5ed com.android.testred/com.android.testred.TestActivity#0] setTransformHint: 0
05-02 11:08:54.079 V/BufferQueueConsumer( 1003): [9f1d5ed com.android.testred/com.android.testred.TestActivity#0] setDefaultBufferSize: width=1708 height=1708
05-02 11:08:54.079 V/BufferQueueConsumer( 1003): [9f1d5ed com.android.testred/com.android.testred.TestActivity#0] setDefaultBufferFormat: 2
05-02 11:08:54.079 V/BufferQueueConsumer( 1003): [9f1d5ed com.android.testred/com.android.testred.TestActivity#0] setConsumerUsageBits: 0x900
......
05-02 11:08:54.080 W/WindowManager( 1129): Moving IM target from null to null since mInputMethodWindow is null
05-02 11:08:54.080 D/WindowManager( 1129): addInputWindowHandle: Window{a8feb48 u0 NavigationBar}, Window{a8feb48 u0 NavigationBar}, layer=0, frame=[0,782,480,854], touchableRegion=SkRegion((0,782,480,854)), visible=true
05-02 11:08:54.080 D/WindowManager( 1129): addInputWindowHandle: Window{ccca422 u0 StatusBar}, Window{ccca422 u0 StatusBar}, layer=0, frame=[0,0,480,36], touchableRegion=SkRegion((0,0,480,36)), visible=true
05-02 11:08:54.081 D/WindowManager( 1129): addInputWindowHandle: Window{95ed7ce u0 AssistPreviewPanel}, Window{95ed7ce u0 AssistPreviewPanel}, layer=0, frame=[0,854,480,854], touchableRegion=SkRegion(), visible=false
05-02 11:08:54.081 D/WindowManager( 1129): addInputWindowHandle: Window{cd1acce u0 DockedStackDivider}, Window{cd1acce u0 DockedStackDivider}, layer=0, frame=[0,0,0,0], touchableRegion=SkRegion((-72,0,72,72)), visible=false
05-02 11:08:54.081 D/WindowManager( 1129): addInputWindowHandle: Window{9f1d5ed u0 com.android.testred/com.android.testred.TestActivity}, Window{9f1d5ed u0 com.android.testred/com.android.testred.TestActivity}, layer=0, frame=[0,0,0,0], touchableRegion=SkRegion((0,0,480,854)), visible=false
05-02 11:08:54.081 D/View    ( 2003):                                   flags={TAKES_FOCUS}
05-02 11:08:54.081 D/WindowManager( 1129): addInputWindowHandle: Window{9958bf8 u0 com.android.launcher3/com.android.launcher3.Launcher}, Window{9958bf8 u0 com.android.launcher3/com.android.launcher3.Launcher}, layer=0, frame=[0,0,480,854], touchableRegion=SkRegion((0,0,480,854)), visible=true
05-02 11:08:54.081 D/View    ( 2003):                                   privateFlags={HAS_BOUNDS DRAWN}
05-02 11:08:54.081 D/WindowManager( 1129): addInputWindowHandle: Window{695da45 u0 com.android.systemui.ImageWallpaper}, Window{695da45 u0 com.android.systemui.ImageWallpaper}, layer=0, frame=[0,0,1243,1024], touchableRegion=SkRegion((0,0,1243,1024)), visible=true

05-02 11:08:54.082 V/WindowManager( 1129): addWindow: New client android.os.BinderProxy@6869c04: window=Window{9f1d5ed u0 com.android.testred/com.android.testred.TestActivity} Callers=com.android.server.wm.Session.addToDisplay:205 android.view.IWindowSession$Stub.onTransact:129 com.android.server.wm.Session.onTransact:164 android.os.Binder.execTransact:731 <bottom of call stack> 
(id=2131361857) (tag=AppInfo(id=-1 type=APP container=-1 screen=-1 cell(-1,-1) span(1,1) minSpan(1,1) rank=0 user=UserHandle{0} title=Voice Activation componentName=ComponentInfo{com.qualcomm.qti.sva/com.qualcomm.qti.sva.MainActivity}))
05-02 11:08:54.082 V/ViewRootImpl[TestActivity]( 2961): Added window android.view.ViewRootImpl$W@fe9e17e
05-02 11:08:54.082 D/View    ( 2003):                               + com.android.launcher3.BubbleTextView{94311 VFED..CL. ........ 130,558-240,698 #7f0a0041 app:id/icon} (id=2131361857) (tag=AppInfo(id=-1 type=APP container=-1 screen=-1 cell(-1,-1) span(1,1) minSpan(1,1) rank=0 user=UserHandle{0} title=WebView Browser Tester componentName=ComponentInfo{org.chromium.webview_shell/org.chromium.webview_shell.WebViewBrowserActivity}))
05-02 11:08:54.082 V/ActivityThread( 2961): Resuming ActivityRecord{aad6764 token=android.os.BinderProxy@48b70f6 {com.android.testred/com.android.testred.TestActivity}} with isForward=true
05-02 11:08:54.082 V/ViewRootImpl[TestActivity]( 2961): Invalidate child: null
05-02 11:08:54.083 V/ActivityThread( 2961): Scheduling idle handler for ActivityRecord{aad6764 token=android.os.BinderProxy@48b70f6 {com.android.testred/com.android.testred.TestActivity}}
05-02 11:08:54.083 I/ActivityRecord_States( 1129): Resumed activity; dropping state of: ActivityRecord{8be2d09 u0 com.android.testred/.TestActivity t23}
05-02 11:08:54.083 V/ActivityThread( 2961): <<< done: EXECUTE_TRANSACTION
05-02 11:08:54.084 I/System.out( 2961): ======================================
05-02 11:08:54.084 I/System.out( 2961): performTraversals
05-02 11:08:54.084 D/View    ( 2961):   + DecorView@509c00b[TestActivity]
05-02 11:08:54.086 D/Debug   ( 2961): ViewGroup.LayoutParams={ width=match-parent, height=match-parent }
05-02 11:08:54.086 D/Debug   ( 2961): WindowManager.LayoutParams={title=com.android.testred/com.android.testred.TestActivity}
......
05-02 11:08:54.090 V/ViewRootImpl[TestActivity]( 2961): Measuring DecorView@509c00b[TestActivity] in display 480x782...
05-02 11:08:54.092 I/System.out( 2961): ======================================
05-02 11:08:54.092 I/System.out( 2961): performTraversals -- after measure
05-02 11:08:54.092 D/View    ( 2961):   + DecorView@509c00b[TestActivity]
......
05-02 11:08:54.101 I/ViewRootImpl[TestActivity]( 2961): host=w:480, h:782, params={(0,0)(fillxfill) sim={adjust=pan forwardNavigation} ty=BASE_APPLICATION fmt=TRANSPARENT wanim=0x1030000
05-02 11:08:54.101 I/ViewRootImpl[TestActivity]( 2961):   fl=LAYOUT_IN_SCREEN LAYOUT_INSET_DECOR SPLIT_TOUCH HARDWARE_ACCELERATED}
05-02 11:08:54.103 D/ViewRootImpl[TestActivity]( 2961): WindowLayout in layoutWindow:{(0,0)(fillxfill) sim={adjust=pan forwardNavigation} ty=BASE_APPLICATION fmt=TRANSPARENT wanim=0x1030000
05-02 11:08:54.103 D/ViewRootImpl[TestActivity]( 2961):   fl=LAYOUT_IN_SCREEN LAYOUT_INSET_DECOR SPLIT_TOUCH HARDWARE_ACCELERATED}
05-02 11:08:54.104 V/WindowManager( 1129): Looking up client android.os.BinderProxy@6869c04: Window{9f1d5ed u0 com.android.testred/com.android.testred.TestActivity}
05-02 11:08:54.107 V/WindowManager( 1129): Relayout Window{9f1d5ed u0 com.android.testred/com.android.testred.TestActivity}: viewVisibility=0 req=160x854 {(0,0)(160x854) sim={adjust=pan forwardNavigation} ty=BASE_APPLICATION fmt=TRANSPARENT wanim=0x1030000
05-02 11:08:54.107 V/WindowManager( 1129):   fl=LAYOUT_IN_SCREEN LAYOUT_INSET_DECOR SPLIT_TOUCH HARDWARE_ACCELERATED}
05-02 11:08:54.107 I/WindowManager( 1129): Relayout Window{9f1d5ed u0 com.android.testred/com.android.testred.TestActivity}: oldVis=4 newVis=0
05-02 11:08:54.107 I/WindowManager( 1129): java.lang.RuntimeException
05-02 11:08:54.107 I/WindowManager( 1129): 	at com.android.server.wm.WindowManagerService.relayoutWindow(WindowManagerService.java:1994)
05-02 11:08:54.107 I/WindowManager( 1129): 	at com.android.server.wm.Session.relayout(Session.java:244)
05-02 11:08:54.107 I/WindowManager( 1129): 	at android.view.IWindowSession$Stub.onTransact(IWindowSession.java:309)
05-02 11:08:54.107 I/WindowManager( 1129): 	at com.android.server.wm.Session.onTransact(Session.java:164)
05-02 11:08:54.107 I/WindowManager( 1129): 	at android.os.Binder.execTransact(Binder.java:731)
05-02 11:08:54.107 W/WindowManager( 1129): setLayoutNeeded: callers=com.android.server.wm.WindowState.setDisplayLayoutNeeded:2250 com.android.server.wm.WindowManagerService.relayoutWindow:1999 com.android.server.wm.Session.relayout:244 
05-02 11:08:54.107 V/RootWindowContainer( 1129): performSurfacePlacementInner: entry. Called by com.android.server.wm.WindowSurfacePlacer.performSurfacePlacementLoop:207 com.android.server.wm.WindowSurfacePlacer.performSurfacePlacement:155 com.android.server.wm.WindowManagerService.relayoutWindow:2031 
05-02 11:08:54.107 I/RootWindowContainer( 1129): >>> OPEN TRANSACTION performLayoutAndPlaceSurfaces
05-02 11:08:54.107 W/WindowManager( 1129): clearLayoutNeeded: callers=com.android.server.wm.DisplayContent.performLayout:2967 com.android.server.wm.DisplayContent.applySurfaceChangesTransaction:2880 com.android.server.wm.RootWindowContainer.applySurfaceChangesTransaction:852 
05-02 11:08:54.107 V/DisplayContent( 1129): -------------------------------------
05-02 11:08:54.107 V/DisplayContent( 1129): performLayout: needed=false dw=480 dh=854
......
05-02 11:08:54.108 V/DisplayContent( 1129): 1ST PASS Window{9f1d5ed u0 com.android.testred/com.android.testred.TestActivity}: gone=false mHaveFrame=false mLayoutAttached=false screen changed=true
05-02 11:08:54.108 V/DisplayContent( 1129):   VIS: mViewVisibility=0 mRelayoutCalled=true hidden=true hiddenRequested=false parentHidden=false
05-02 11:08:54.108 V/WindowManager( 1129): layoutWindowLw(com.android.testred/com.android.testred.TestActivity): IN_SCREEN, INSET_DECOR
05-02 11:08:54.108 V/WindowManager( 1129): Compute frame com.android.testred/com.android.testred.TestActivity: sim=#120 attach=null type=1 flags=0x01810100 pf=[0,0][160,854] df=[0,0][160,854] of=[0,0][160,854] cf=[0,0][160,854] vf=[0,36][480,782] dcf=[0,36][480,782] sf=[0,36][480,782] osf=null
05-02 11:08:54.109 V/WindowState( 1129): Resolving (mRequestedWidth=160, mRequestedheight=854) to (pw=160, ph=854): frame=[0,0][160,854] ci=[0,0][0,0] vi=[0,36][0,72] si=[0,36][0,72] of=[0,0][0,0]
05-02 11:08:54.109 V/DisplayContent( 1129):   LAYOUT: mFrame=Rect(0, 0 - 160, 854) mContainingFrame=Rect(0, 0 - 160, 854) mDisplayFrame=Rect(0, 0 - 160, 854)
......
05-02 11:08:54.110 I/WindowManager( 1129): Win Window{9f1d5ed u0 com.android.testred/com.android.testred.TestActivity}: affectsSystemUi=false
......
05-02 11:08:54.118 V/AppWindowToken( 1129): Eval win Window{9f1d5ed u0 com.android.testred/com.android.testred.TestActivity}: isDrawn=false, isAnimationSet=true

05-02 11:08:54.118 V/AppWindowToken( 1129): Not displayed: s=null pv=true mDrawState=NO_SURFACE ph=false th=false a=true
......
05-02 11:08:54.127 V/ViewRootImpl[TestActivity]( 2961): relayout: frame=[0,0][160,854] overscan=[0,0][0,0] content=[0,0][0,0] visible=[0,36][0,72] stable=[0,36][0,72] cutout=DisplayCutout{insets=Rect(0, 0 - 0, 0) boundingRect=Rect(0, 0 - 0, 0)} outsets=[0,0][0,0] surface=Surface(name=null)/@0x8be978a

05-02 11:08:54.128 V/ViewRootImpl[TestActivity]( 2961): Visible with new config: {1.0 ?mcc?mnc [en_US] ldltr sw320dp w320dp h497dp 240dpi nrml port finger -keyb/v/h -nav/h winConfig={ mBounds=Rect(0, 0 - 480, 854) mAppBounds=Rect(0, 0 - 480, 782) mWindowingMode=fullscreen mActivityType=standard} s.5}
05-02 11:08:54.128 V/ViewRootImpl[TestActivity]( 2961): Applying new config to window com.android.testred/com.android.testred.TestActivity, globalConfig: {1.0 ?mcc?mnc [en_US] ldltr sw320dp w320dp h497dp 240dpi nrml port finger -keyb/v/h -nav/h winConfig={ mBounds=Rect(0, 0 - 480, 782) mAppBounds=Rect(0, 0 - 480, 782) mWindowingMode=fullscreen mActivityType=undefined} s.5}, overrideConfig: {1.0 ?mcc?mnc [en_US] ldltr sw320dp w320dp h497dp 240dpi nrml port finger -keyb/v/h -nav/h winConfig={ mBounds=Rect(0, 0 - 480, 854) mAppBounds=Rect(0, 0 - 480, 782) mWindowingMode=fullscreen mActivityType=standard} s.5}
05-02 11:08:54.128 V/ActivityThread( 2961): Handle activity config changed: com.android.testred.TestActivity, config={1.0 ?mcc?mnc [en_US] ldltr sw320dp w320dp h497dp 240dpi nrml port finger -keyb/v/h -nav/h winConfig={ mBounds=Rect(0, 0 - 480, 854) mAppBounds=Rect(0, 0 - 480, 782) mWindowingMode=fullscreen mActivityType=standard} s.5}
05-02 11:08:54.128 V/ViewRootImpl[TestActivity]( 2961): Content insets changing to: Rect(0, 0 - 0, 0)
05-02 11:08:54.128 V/ViewRootImpl[TestActivity]( 2961): Decor insets changing to: Rect(0, 36 - 0, 72)
05-02 11:08:54.128 V/ViewRootImpl[TestActivity]( 2961): Visible insets changing to: Rect(0, 36 - 0, 72)
05-02 11:08:54.128 V/ViewRootImpl( 2961): Relayout returned: frame=Rect(0, 0 - 160, 854), surface=Surface(name=null)/@0x8be978a
05-02 11:08:54.128 I/Adreno  ( 2961): QUALCOMM build                   : 8e365b5, I0a0a97fdbe
05-02 11:08:54.128 I/Adreno  ( 2961): Build Date                       : 10/23/18
05-02 11:08:54.128 I/Adreno  ( 2961): OpenGL ES Shader Compiler Version: EV031.25.03.01
05-02 11:08:54.128 I/Adreno  ( 2961): Local Branch                     : 
05-02 11:08:54.128 I/Adreno  ( 2961): Remote Branch                    : 
05-02 11:08:54.128 I/Adreno  ( 2961): Remote Branch                    : 
05-02 11:08:54.128 I/Adreno  ( 2961): Reconstruct Branch               : 
05-02 11:08:54.128 I/Adreno  ( 2961): Build Config                     : S L 6.0.7 AArch64
.......                                                         }
05-02 11:08:54.134 I/WindowManager( 1129): Focus moving from null to Window{9f1d5ed u0 com.android.testred/com.android.testred.TestActivity}
05-02 11:08:54.134 I/WindowManager( 1129): Gaining focus: Window{9f1d5ed u0 com.android.testred/com.android.testred.TestActivity}

05-02 11:08:54.135 V/ViewRootImpl[TestActivity]( 2961): Laying out DecorView@509c00b[TestActivity] to (160, 854)
05-02 11:08:54.135 D/View    ( 2961): DecorView@509c00b[TestActivity] View.setFrame(0,0,160,854)
05-02 11:08:54.135 V/ViewRootImpl[TestActivity]( 2961): Invalidate child: Rect(0, 0 - 160, 854)
05-02 11:08:54.135 V/WindowManager( 1129): handleMessage: exit
05-02 11:08:54.135 D/View    ( 2961): android.widget.LinearLayout{49d3ef V.ED..... ......I. 0,0-0,0} View.setFrame(0,0,160,854)
05-02 11:08:54.136 D/View    ( 2961): android.widget.FrameLayout{e8d83da V.ED..... ......ID 0,0-0,0} View.setFrame(0,0,160,38)
05-02 11:08:54.136 D/View    ( 2961): android.widget.TextView{a2b5f2c V.ED..... ......ID 0,0-0,0 #1020016 android:id/title} View.setFrame(6,1,154,36)
05-02 11:08:54.136 D/View    ( 2961): android.widget.FrameLayout{12c4ee8 V.ED..... ......I. 0,0-0,0 #1020002 android:id/content} View.setFrame(0,38,160,854)
05-02 11:08:54.136 D/View    ( 2961): com.android.testred.TestView{37f1df5 VFE...... ......I. 0,0-0,0} View.setFrame(0,0,160,816)
05-02 11:08:54.136 I/System.out( 2961): ======================================
05-02 11:08:54.136 D/View    ( 2961):       mMeasureWidth=160 mMeasureHeight=854
05-02 11:08:54.138 D/Debug   ( 2961):       Contents of {(0,0)(fillxfill) sim={forwardNavigation} ty=BASE_APPLICATION fmt=TRANSPARENT wanim=0x1030000
05-02 11:08:54.138 D/Debug   ( 2961):   fl=LAYOUT_IN_SCREEN LAYOUT_INSET_DECOR SPLIT_TOUCH HARDWARE_ACCELERATED}:
05-02 11:08:54.138 D/Debug   ( 2961): ViewGroup.LayoutParams={ width=match-parent, height=match-parent }
05-02 11:08:54.138 D/Debug   ( 2961): 
05-02 11:08:54.138 D/Debug   ( 2961): WindowManager.LayoutParams={title=com.android.testred/com.android.testred.TestActivity}
05-02 11:08:54.138 D/View    ( 2961): 
05-02 11:08:54.138 D/View    ( 2961):       flags={}
05-02 11:08:54.138 D/View    ( 2961):       privateFlags={IS_ROOT_NAMESPACE HAS_BOUNDS DRAWN}
05-02 11:08:54.138 D/View    ( 2961):       {
05-02 11:08:54.138 D/View    ( 2961):       + android.widget.LinearLayout{49d3ef V.ED..... ......ID 0,0-160,854}
05-02 11:08:54.138 D/View    ( 2961):           frame={0, 0, 160, 854} scroll={0, 0} 
05-02 11:08:54.138 D/View    ( 2961):           mMeasureWidth=160 mMeasureHeight=854
05-02 11:08:54.138 D/View    ( 2961):           ViewGroup.LayoutParams={ width=match-parent, height=match-parent }
05-02 11:08:54.138 D/View    ( 2961):           flags={}
05-02 11:08:54.138 D/View    ( 2961):           privateFlags={HAS_BOUNDS}
05-02 11:08:54.138 D/View    ( 2961):           {
05-02 11:08:54.138 D/View    ( 2961):           + android.view.ViewStub{ebd96df G.E...... ......I. 0,0-0,0 #102018a android:id/action_mode_bar_stub} (id=16908682)
05-02 11:08:54.138 D/View    ( 2961):               frame={0, 0, 0, 0} scroll={0, 0} 
05-02 11:08:54.139 D/View    ( 2961):               mMeasureWidth=0 mMeasureHeight=0
05-02 11:08:54.139 D/View    ( 2961):               LinearLayout.LayoutParams={width=match-parent, height=wrap-content weight=0.0}
05-02 11:08:54.140 D/View    ( 2961):               LinearLayout.LayoutParams={width=match-parent, height=38 weight=0.0}
05-02 11:08:54.140 D/View    ( 2961):               flags={}
05-02 11:08:54.140 D/View    ( 2961):               privateFlags={HAS_BOUNDS}
05-02 11:08:54.140 D/View    ( 2961):                   frame={6, 1, 154, 36} scroll={0, 0} mText="Test Viewport" mLayout width=1048576 height=29
05-02 11:08:54.140 D/View    ( 2961):               }
05-02 11:08:54.140 D/View    ( 2961):           + android.widget.FrameLayout{12c4ee8 V.ED..... ......ID 0,38-160,854 #1020002 android:id/content} (id=16908290)
05-02 11:08:54.140 D/View    ( 2961):               frame={0, 38, 160, 854} scroll={0, 0} 
05-02 11:08:54.140 D/View    ( 2961):               mMeasureWidth=160 mMeasureHeight=816
05-02 11:08:54.141 D/View    ( 2961):               LinearLayout.LayoutParams={width=match-parent, height=0 weight=1.0}
05-02 11:08:54.141 D/View    ( 2961):                   mMeasureWidth=160 mMeasureHeight=816
05-02 11:08:54.141 D/View    ( 2961):                   ViewGroup.LayoutParams={ width=match-parent, height=match-parent }
05-02 11:08:54.141 D/View    ( 2961):                   flags={TAKES_FOCUS}
05-02 11:08:54.142 I/Adreno  ( 2961): PFP: 0x005ff110, ME: 0x005ff066
05-02 11:08:54.142 V/ViewRootImpl[TestActivity]( 2961): First: mView.hasFocus()=false
05-02 11:08:54.142 I/System.out( 2961): DecorView@509c00b[TestActivity] ViewGroup.requestFocus direction=130
05-02 11:08:54.142 I/System.out( 2961): android.widget.LinearLayout{49d3ef V.ED..... ......ID 0,0-160,854} ViewGroup.requestFocus direction=130
05-02 11:08:54.142 I/System.out( 2961): android.widget.FrameLayout{e8d83da V.ED..... ......ID 0,0-160,38} ViewGroup.requestFocus direction=130
05-02 11:08:54.142 I/System.out( 2961): com.android.testred.TestView{37f1df5 VFE...... ......ID 0,0-160,816} requestFocus()                                padding={12, 15, 12, 0}
05-02 11:08:54.142 I/System.out( 2961): android.widget.FrameLayout{12c4ee8 V.ED..... ......ID 0,38-160,854 #1020002 android:id/content} requestChildFocus()
05-02 11:08:54.142 I/System.out( 2961): android.widget.FrameLayout{12c4ee8 V.ED..... ......ID 0,38-160,854 #1020002 android:id/content} unFocus()
05-02 11:08:54.142 I/System.out( 2961): android.widget.LinearLayout{49d3ef V.ED..... ......ID 0,0-160,854} requestChildFocus()
05-02 11:08:54.142 I/System.out( 2961): android.widget.LinearLayout{49d3ef V.ED..... ......ID 0,0-160,854} unFocus()
05-02 11:08:54.142 I/System.out( 2961): DecorView@509c00b[TestActivity] requestChildFocus()
05-02 11:08:54.142 I/System.out( 2961): DecorView@509c00b[TestActivity] unFocus()
05-02 11:08:54.142 V/ViewRootImpl[TestActivity]( 2961): Request child focus: focus now com.android.testred.TestView{37f1df5 VFE...... .F....ID 0,0-160,816}
05-02 11:08:54.142 I/System.out( 2961): Find focus in DecorView@509c00b[TestActivity]: flags=false, child=android.widget.LinearLayout{49d3ef V.ED..... ......ID 0,0-160,854}
05-02 11:08:54.143 I/System.out( 2961): Find focus in android.widget.LinearLayout{49d3ef V.ED..... ......ID 0,0-160,854}: flags=false, child=android.widget.FrameLayout{12c4ee8 V.ED..... ......ID 0,38-160,854 #1020002 android:id/content}
05-02 11:08:54.143 I/System.out( 2961): Find focus in android.widget.FrameLayout{12c4ee8 V.ED..... ......ID 0,38-160,854 #1020002 android:id/content}: flags=false, child=com.android.testred.TestView{37f1df5 VFE...... .F....ID 0,0-160,816}
05-02 11:08:54.143 V/ViewRootImpl[TestActivity]( 2961): First: requested focused view=com.android.testred.TestView{37f1df5 VFE...... .F....ID 0,0-160,816}
05-02 11:08:54.143 I/SurfaceView( 2961): 58662389 Changes: creating=true format=true size=true visible=true left=true top=true
......
05-02 11:08:54.150 I/ConfigStore( 2961): android::hardware::configstore::V1_0::ISurfaceFlingerConfigs::hasWideColorDisplay retrieved: 0
05-02 11:08:54.150 V/BufferLayer( 1003): Creating Layer SurfaceView - com.android.testred/com.android.testred.TestActivity#0
05-02 11:08:54.150 V/BufferQueueConsumer( 1003): [] connect: controlledByApp=false
05-02 11:08:54.150 V/BufferQueueConsumer( 1003): [] setConsumerName: 'unnamed-1003-52'
05-02 11:08:54.150 V/BufferLayerConsumer( 1003): [unnamed-1003-52] BufferLayerConsumer
05-02 11:08:54.150 V/BufferQueueConsumer( 1003): [unnamed-1003-52] setConsumerUsageBits: 0x100
05-02 11:08:54.150 V/BufferQueueConsumer( 1003): [unnamed-1003-52] setConsumerUsageBits: 0x900
05-02 11:08:54.150 V/ConsumerBase( 1003): [unnamed-1003-52] setFrameAvailableListener
05-02 11:08:54.150 V/BufferQueueConsumer( 1003): [unnamed-1003-52] setConsumerName: 'SurfaceView - com.android.testred/com.android.testred.TestActivity#0'
05-02 11:08:54.150 V/BufferQueueProducer( 1003): [] setMaxDequeuedBufferCount: maxDequeuedBuffers = 2
05-02 11:08:54.150 V/BufferQueueConsumer( 1003): [SurfaceView - com.android.testred/com.android.testred.TestActivity#0] setTransformHint: 0
05-02 11:08:54.150 V/BufferQueueConsumer( 1003): [SurfaceView - com.android.testred/com.android.testred.TestActivity#0] setDefaultBufferSize: width=160 height=816
05-02 11:08:54.150 V/BufferQueueConsumer( 1003): [SurfaceView - com.android.testred/com.android.testred.TestActivity#0] setDefaultBufferFormat: 4
05-02 11:08:54.151 V/BufferQueueConsumer( 1003): [SurfaceView - com.android.testred/com.android.testred.TestActivity#0] setConsumerUsageBits: 0x900
05-02 11:08:54.151 I/ConfigStore( 2961): android::hardware::configstore::V1_0::ISurfaceFlingerConfigs::hasHDRDisplay retrieved: 0

05-02 11:08:54.152 I/OpenGLRenderer( 2961): Initialized EGL, version 1.4
05-02 11:08:54.152 D/OpenGLRenderer( 2961): Swap behavior 2
05-02 11:08:54.158 I/SurfaceView( 2961): 58662389 Cur surface: Surface(name=null)/@0xa0ec1fb
......
05-02 11:08:54.163 V/Surface ( 2961): Surface::query
05-02 11:08:54.163 V/Surface ( 2961): Surface::connect

05-02 11:08:54.163 I/SurfaceView( 2961): 58662389 visibleChanged -- surfaceCreated

05-02 11:08:54.164 I/GLThread( 2961): surfaceCreated tid=203

05-02 11:08:54.164 I/GLThread( 2961): noticed surfaceView surface acquired tid=203

05-02 11:08:54.164 I/GLThread( 2961): waiting tid=203 mHaveEglContext: false mHaveEglSurface: false mFinishedCreatingEglSurface: false mPaused: false mHasSurface: true mSurfaceIsBad: false mWaitingForSurface: false mWidth: 0 mHeight: 0 mRequestRender: true mRenderMode: 0

05-02 11:08:54.164 I/SurfaceView( 2961): 58662389 surfaceChanged -- format=4 w=160 h=816

05-02 11:08:54.164 I/SurfaceView( 2961): 58662389 surfaceRedrawNeeded

05-02 11:08:54.164 W/EglHelper( 2961): start() tid=203
05-02 11:08:54.164 V/BufferQueueProducer( 1003): [com.android.testred/com.android.testred.TestActivity#0] connect: api=1 producerControlledByApp=true

05-02 11:08:54.165 V/Surface ( 2961): Surface::setBuffersFormat
05-02 11:08:54.166 V/BufferQueueProducer( 1003): [com.android.testred/com.android.testred.TestActivity#0] setAsyncMode: async = 0
......
05-02 11:08:54.167 V/Surface ( 2961): Surface::query
05-02 11:08:54.167 D/View    ( 2003):                                   frame={350, 418, 460, 558} scroll={524245, 0} mText="Videos" mLayout width=1048576 height=27
05-02 11:08:54.167 D/View    ( 2003):                               + com.android.launcher3.BubbleTextView{5f8b738 VFED..CL. ........ 20,558-130,698 #7f0a0041 app:id/icon} (id=2131361857) (tag=AppInfo(id=-1 type=APP container=-1 screen=-1 cell(-1,-1) span(1,1) minSpan(1,1) rank=0 user=UserHandle{0} title=Voice Activation componentName=ComponentInfo{com.qualcomm.qti.sva/com.qualcomm.qti.sva.MainActivity}))
......
05-02 11:08:54.167 V/Surface ( 2961): Surface::query
05-02 11:08:54.167 I/chatty  ( 2961): uid=10088(com.android.testred) RenderThread identical 1 line
05-02 11:08:54.167 V/Surface ( 2961): Surface::query

05-02 11:08:54.168 V/BufferQueueProducer( 1003): [com.android.testred/com.android.testred.TestActivity#0] query: 10? 2304
......
05-02 11:08:54.172 W/EglHelper( 2961): createContext com.google.android.gles_jni.EGLContextImpl@6abed00a tid=203

05-02 11:08:54.172 I/GLThread( 2961): noticing that we want render notification tid=203

05-02 11:08:54.172 W/GLThread( 2961): egl createSurface
05-02 11:08:54.172 W/EglHelper( 2961): createSurface()  tid=203
05-02 11:08:54.172 V/SurfaceView( 2961): Layout: x=0 y=38 w=160 h=816, frame=Rect(0, 0 - 160, 816)
05-02 11:08:54.172 V/Surface ( 2961): Surface::query
05-02 11:08:54.172 V/Surface ( 2961): Surface::connect
05-02 11:08:54.172 V/BufferQueueProducer( 1003): [SurfaceView - com.android.testred/com.android.testred.TestActivity#0] connect: api=1 producerControlledByApp=false
05-02 11:08:54.172 I/System.out( 2961): ======================================
05-02 11:08:54.172 I/System.out( 2961): performTraversals
05-02 11:08:54.172 D/View    ( 2961):   + DecorView@509c00b[TestActivity]
05-02 11:08:54.172 D/View    ( 2961):       frame={0, 0, 160, 854} scroll={0, 0} 
05-02 11:08:54.172 D/View    ( 2961):       mMeasureWidth=160 mMeasureHeight=854
05-02 11:08:54.174 D/Debug   ( 2961):       Contents of {(0,0)(fillxfill) sim={forwardNavigation} ty=BASE_APPLICATION fmt=TRANSPARENT wanim=0x1030000
05-02 11:08:54.174 D/Debug   ( 2961):   fl=LAYOUT_IN_SCREEN LAYOUT_INSET_DECOR SPLIT_TOUCH HARDWARE_ACCELERATED}:
05-02 11:08:54.174 D/Debug   ( 2961): ViewGroup.LayoutParams={ width=match-parent, height=match-parent }
05-02 11:08:54.174 D/Debug   ( 2961): 
05-02 11:08:54.174 D/Debug   ( 2961): WindowManager.LayoutParams={title=com.android.testred/com.android.testred.TestActivity}
05-02 11:08:54.174 D/View    ( 2961): 
05-02 11:08:54.174 D/View    ( 2961):       flags={}
05-02 11:08:54.174 D/View    ( 2961):       privateFlags={IS_ROOT_NAMESPACE HAS_BOUNDS DRAWN}
05-02 11:08:54.174 D/View    ( 2961):       mFocused
05-02 11:08:54.174 D/View    ( 2961):       + android.widget.LinearLayout{49d3ef V.ED..... ......ID 0,0-160,854}
05-02 11:08:54.174 D/View    ( 2961):           frame={0, 0, 160, 854} scroll={0, 0} 
05-02 11:08:54.174 D/View    ( 2961):           mMeasureWidth=160 mMeasureHeight=854
05-02 11:08:54.174 D/View    ( 2961):           ViewGroup.LayoutParams={ width=match-parent, height=match-parent }
05-02 11:08:54.174 D/View    ( 2961):           flags={}
05-02 11:08:54.174 D/View    ( 2961):           privateFlags={HAS_BOUNDS}
05-02 11:08:54.174 D/View    ( 2961):           mFocused
05-02 11:08:54.174 D/View    ( 2961):           + android.widget.FrameLayout{12c4ee8 V.ED..... ......ID 0,38-160,854 #1020002 android:id/content} (id=16908290)
05-02 11:08:54.174 D/View    ( 2961):               mMeasureWidth=160 mMeasureHeight=816
05-02 11:08:54.175 D/View    ( 2961):               LinearLayout.LayoutParams={width=match-parent, height=0 weight=1.0}
05-02 11:08:54.175 D/View    ( 2961):               flags={}
05-02 11:08:54.175 D/View    ( 2961):               privateFlags={HAS_BOUNDS}
05-02 11:08:54.175 D/View    ( 2961):               mFocused
05-02 11:08:54.175 D/View    ( 2961):               + com.android.testred.TestView{37f1df5 VFE...... .F....ID 0,0-160,816}
05-02 11:08:54.175 D/View    ( 2961):                    FOCUSED
05-02 11:08:54.175 D/View    ( 2961):                   frame={0, 0, 160, 816} scroll={0, 0} 
05-02 11:08:54.175 D/View    ( 2961):                   mMeasureWidth=160 mMeasureHeight=816
05-02 11:08:54.175 D/View    ( 2961):                   ViewGroup.LayoutParams={ width=match-parent, height=match-parent }
05-02 11:08:54.175 D/View    ( 2961):                   flags={TAKES_FOCUS}
05-02 11:08:54.175 D/View    ( 2961):                   privateFlags={FOCUSED HAS_BOUNDS}
05-02 11:08:54.175 D/View    ( 2961):               {
05-02 11:08:54.175 D/View    ( 2961):               + com.android.testred.TestView{37f1df5 VFE...... .F....ID 0,0-160,816}
05-02 11:08:54.175 D/View    ( 2961):                    FOCUSED
05-02 11:08:54.175 D/View    ( 2961):                   frame={0, 0, 160, 816} scroll={0, 0} 
05-02 11:08:54.175 D/View    ( 2961):                   mMeasureWidth=160 mMeasureHeight=816
05-02 11:08:54.175 D/View    ( 2961):                   ViewGroup.LayoutParams={ width=match-parent, height=match-parent }
05-02 11:08:54.175 D/View    ( 2961):                   flags={TAKES_FOCUS}
05-02 11:08:54.175 D/View    ( 2961):                   privateFlags={FOCUSED HAS_BOUNDS}
05-02 11:08:54.175 D/View    ( 2961):               }
05-02 11:08:54.175 D/View    ( 2961):           {
05-02 11:08:54.175 D/View    ( 2961):           + android.view.ViewStub{ebd96df G.E...... ......I. 0,0-0,0 #102018a android:id/action_mode_bar_stub} (id=16908682)
05-02 11:08:54.175 D/View    ( 2961):               frame={0, 0, 0, 0} scroll={0, 0} 
05-02 11:08:54.175 D/View    ( 2961):               mMeasureWidth=0 mMeasureHeight=0
05-02 11:08:54.175 D/View    ( 2961):               LinearLayout.LayoutParams={width=match-parent, height=wrap-content weight=0.0}
05-02 11:08:54.175 D/View    ( 2961):               flags={GONE}
05-02 11:08:54.175 D/View    ( 2961):               privateFlags={DRAWN}
05-02 11:08:54.175 D/View    ( 2961):           + android.widget.FrameLayout{e8d83da V.ED..... ......ID 0,0-160,38}
05-02 11:08:54.175 D/View    ( 2961):               frame={0, 0, 160, 38} scroll={0, 0} 
05-02 11:08:54.175 D/View    ( 2961):               padding={6, 1, 6, 2}
05-02 11:08:54.175 D/View    ( 2961):               mMeasureWidth=160 mMeasureHeight=38
05-02 11:08:54.175 D/View    ( 2961):               LinearLayout.LayoutParams={width=match-parent, height=38 weight=0.0}
05-02 11:08:54.175 D/View    ( 2961):               flags={}
05-02 11:08:54.175 D/View    ( 2961):               privateFlags={HAS_BOUNDS}
05-02 11:08:54.175 D/View    ( 2961):               {
05-02 11:08:54.175 D/View    ( 2961):               + android.widget.TextView{a2b5f2c V.ED..... ......ID 6,1-154,36 #1020016 android:id/title} (id=16908310)
05-02 11:08:54.175 D/View    ( 2961):                   frame={6, 1, 154, 36} scroll={0, 0} 
05-02 11:08:54.175 D/View    ( 2961):                   mMeasureWidth=148 mMeasureHeight=35
05-02 11:08:54.175 D/View    ( 2961):                   ViewGroup.LayoutParams={ width=match-parent, height=match-parent }
05-02 11:08:54.175 D/View    ( 2961):                   flags={}
05-02 11:08:54.176 D/View    ( 2961):                   privateFlags={HAS_BOUNDS}
05-02 11:08:54.176 D/View    ( 2961):                   frame={6, 1, 154, 36} scroll={0, 0} mText="Test Viewport" mLayout width=1048576 height=29
05-02 11:08:54.176 D/View    ( 2961):               }
05-02 11:08:54.176 D/View    ( 2961):           + android.widget.FrameLayout{12c4ee8 V.ED..... ......ID 0,38-160,854 #1020002 android:id/content} (id=16908290)
05-02 11:08:54.176 D/View    ( 2961):               frame={0, 38, 160, 854} scroll={0, 0} 
05-02 11:08:54.176 D/View    ( 2961):               mMeasureWidth=160 mMeasureHeight=816
05-02 11:08:54.176 D/View    ( 2961):               LinearLayout.LayoutParams={width=match-parent, height=0 weight=1.0}
05-02 11:08:54.176 D/View    ( 2961):               flags={}
05-02 11:08:54.176 D/View    ( 2961):               privateFlags={HAS_BOUNDS}
05-02 11:08:54.176 D/View    ( 2961):               mFocused
05-02 11:08:54.176 D/View    ( 2961):               + com.android.testred.TestView{37f1df5 VFE...... .F....ID 0,0-160,816}
05-02 11:08:54.176 D/View    ( 2961):                    FOCUSED
05-02 11:08:54.176 D/View    ( 2961):                   frame={0, 0, 160, 816} scroll={0, 0} 
05-02 11:08:54.176 D/View    ( 2961):                   mMeasureWidth=160 mMeasureHeight=816
05-02 11:08:54.176 D/View    ( 2961):                   ViewGroup.LayoutParams={ width=match-parent, height=match-parent }
05-02 11:08:54.176 D/View    ( 2961):                   flags={TAKES_FOCUS}
05-02 11:08:54.176 D/View    ( 2961):                   privateFlags={FOCUSED HAS_BOUNDS}
05-02 11:08:54.176 D/View    ( 2961):               {
05-02 11:08:54.176 D/View    ( 2961):               + com.android.testred.TestView{37f1df5 VFE...... .F....ID 0,0-160,816}
05-02 11:08:54.176 D/View    ( 2961):                    FOCUSED
05-02 11:08:54.176 D/View    ( 2961):                   frame={0, 0, 160, 816} scroll={0, 0} 
05-02 11:08:54.176 D/View    ( 2961):                   mMeasureWidth=160 mMeasureHeight=816
05-02 11:08:54.176 D/View    ( 2961):                   ViewGroup.LayoutParams={ width=match-parent, height=match-parent }
05-02 11:08:54.176 D/View    ( 2961):                   flags={TAKES_FOCUS}
05-02 11:08:54.176 D/View    ( 2961):                   privateFlags={FOCUSED HAS_BOUNDS}
05-02 11:08:54.176 D/View    ( 2961):               }
05-02 11:08:54.176 D/View    ( 2961):           }
05-02 11:08:54.186 V/BufferQueueProducer( 1003): [SurfaceView - com.android.testred/com.android.testred.TestActivity#0] dequeueBuffer: w=160 h=816 format=0x2, usage=0x10000900
05-02 11:08:54.186 V/BufferQueueProducer( 1003): [SurfaceView - com.android.testred/com.android.testred.TestActivity#0] dequeueBuffer: setting buffer age to 0
05-02 11:08:54.187 V/WindowManager( 1129): Relayout Window{9f1d5ed u0 com.android.testred/com.android.testred.TestActivity}: viewVisibility=0 req=160x854 {(0,0)(160x854) sim={adjust=pan forwardNavigation} ty=BASE_APPLICATION fmt=TRANSPARENT wanim=0x1030000
05-02 11:08:54.187 V/WindowManager( 1129):   fl=LAYOUT_IN_SCREEN LAYOUT_INSET_DECOR SPLIT_TOUCH HARDWARE_ACCELERATED}
05-02 11:08:54.187 V/BufferQueueProducer( 1003): [SurfaceView - com.android.testred/com.android.testred.TestActivity#0] dequeueBuffer: returning slot=0/0 buf=0x7026a27a00 flags=0x1
05-02 11:08:54.188 I/WindowManager( 1129): Relayout Window{9f1d5ed u0 com.android.testred/com.android.testred.TestActivity}: oldVis=0 newVis=0
05-02 11:08:54.188 I/WindowManager( 1129): java.lang.RuntimeException
05-02 11:08:54.188 I/WindowManager( 1129): 	at com.android.server.wm.WindowManagerService.relayoutWindow(WindowManagerService.java:1994)
05-02 11:08:54.188 I/WindowManager( 1129): 	at com.android.server.wm.Session.relayout(Session.java:244)
05-02 11:08:54.188 I/WindowManager( 1129): 	at android.view.IWindowSession$Stub.onTransact(IWindowSession.java:309)
05-02 11:08:54.188 I/WindowManager( 1129): 	at com.android.server.wm.Session.onTransact(Session.java:164)
05-02 11:08:54.188 I/WindowManager( 1129): 	at android.os.Binder.execTransact(Binder.java:731)
05-02 11:08:54.188 V/BufferQueueProducer( 1003): [SurfaceView - com.android.testred/com.android.testred.TestActivity#0] requestBuffer: slot 0
05-02 11:08:54.188 W/WindowManager( 1129): setLayoutNeeded: callers=com.android.server.wm.WindowState.setDisplayLayoutNeeded:2250 com.android.server.wm.WindowManagerService.relayoutWindow:1999 com.android.server.wm.Session.relayout:244 
05-02 11:08:54.188 V/RootWindowContainer( 1129): performSurfacePlacementInner: entry. Called by com.android.server.wm.WindowSurfacePlacer.performSurfacePlacementLoop:207 com.android.server.wm.WindowSurfacePlacer.performSurfacePlacement:155 com.android.server.wm.WindowManagerService.relayoutWindow:2031 
05-02 11:08:54.188 I/RootWindowContainer( 1129): >>> OPEN TRANSACTION performLayoutAndPlaceSurfaces
05-02 11:08:54.188 D/View    ( 2003):                               + com.android.launcher3.BubbleTextView{953436 VFED..CL. ........ 20,-2-130,138 #7f0a0041 app:id/icon} (id=2131361857) (tag=AppInfo(id=-1 type=APP container=-1 screen=-1 cell(-1,-1) span(1,1) minSpan(1,1) rank=0 user=UserHandle{0} title=hid componentName=ComponentInfo{org.codeaurora.bluetooth.hidtestapp/org.codeaurora.bluetooth.hidtestapp.HidTestApp}))
05-02 11:08:54.188 W/WindowManager( 1129): clearLayoutNeeded: callers=com.android.server.wm.DisplayContent.performLayout:2967 com.android.server.wm.DisplayContent.applySurfaceChangesTransaction:2880 com.android.server.wm.RootWindowContainer.applySurfaceChangesTransaction:852 
05-02 11:08:54.188 V/DisplayContent( 1129): -------------------------------------
05-02 11:08:54.188 V/DisplayContent( 1129): performLayout: needed=false dw=480 dh=854
.......
