05-02 11:17:28.031 I/System.out( 1408): Find focus in com.android.systemui.statusbar.phone.NavigationBarView{afcdcee V.ED..... ........ 0,0-480,72}: flags=false, child=com.android.systemui.statusbar.phone.NavigationBarInflaterView{67f069a V.ED..... ........ 0,0-480,72 #7f0a022f app:id/navigation_inflater}
05-02 11:17:28.031 I/System.out( 1408): Find focus in com.android.systemui.statusbar.phone.NavigationBarInflaterView{67f069a V.ED..... ........ 0,0-480,72 #7f0a022f app:id/navigation_inflater}: flags=false, child=android.widget.FrameLayout{8ee9f45 V.ED..... ........ 0,0-480,72 #7f0a02b7 app:id/rot0}
05-02 11:17:28.032 I/System.out( 1408): Find focus in android.widget.FrameLayout{8ee9f45 V.ED..... ........ 0,0-480,72 #7f0a02b7 app:id/rot0}: flags=false, child=com.android.systemui.statusbar.phone.NearestTouchFrame{dadd3bc V.ED..... ........ 0,0-480,72 #7f0a022c app:id/nav_buttons}
05-02 11:17:28.032 I/System.out( 1408): Find focus in com.android.systemui.statusbar.phone.NearestTouchFrame{dadd3bc V.ED..... ........ 0,0-480,72 #7f0a022c app:id/nav_buttons}: flags=false, child=android.widget.LinearLayout{942de54 V.ED..... ........ 0,0-480,72 #7f0a0109 app:id/ends_group}
05-02 11:17:28.032 I/System.out( 1408): Find focus in android.widget.LinearLayout{942de54 V.ED..... ........ 0,0-480,72 #7f0a0109 app:id/ends_group}: flags=false, child=com.android.systemui.statusbar.phone.ReverseLinearLayout$ReverseRelativeLayout{edafb6b V.ED..... ........ 60,0-180,72}
05-02 11:17:28.032 I/System.out( 1408): Find focus in com.android.systemui.statusbar.phone.ReverseLinearLayout$ReverseRelativeLayout{edafb6b V.ED..... ........ 60,0-180,72}: flags=false, child=com.android.systemui.statusbar.policy.KeyButtonView{676432a VFED..CL. .F...... 7,0-112,72 #7f0a0066 app:id/back}
05-02 11:17:28.032 I/System.out( 1408): com.android.systemui.statusbar.phone.ReverseLinearLayout$ReverseRelativeLayout{edafb6b V.ED..... ........ 60,0-180,72} clearChildFocus()
05-02 11:17:28.032 I/System.out( 1408): android.widget.LinearLayout{942de54 V.ED..... ........ 0,0-480,72 #7f0a0109 app:id/ends_group} clearChildFocus()
05-02 11:17:28.032 I/System.out( 1408): com.android.systemui.statusbar.phone.NearestTouchFrame{dadd3bc V.ED..... ........ 0,0-480,72 #7f0a022c app:id/nav_buttons} clearChildFocus()
05-02 11:17:28.032 I/System.out( 1408): android.widget.FrameLayout{8ee9f45 V.ED..... ........ 0,0-480,72 #7f0a02b7 app:id/rot0} clearChildFocus()
05-02 11:17:28.032 I/System.out( 1408): com.android.systemui.statusbar.phone.NavigationBarInflaterView{67f069a V.ED..... ........ 0,0-480,72 #7f0a022f app:id/navigation_inflater} clearChildFocus()
05-02 11:17:28.032 I/System.out( 1408): com.android.systemui.statusbar.phone.NavigationBarView{afcdcee V.ED..... ........ 0,0-480,72} clearChildFocus()
05-02 11:17:28.032 I/System.out( 1408): com.android.systemui.statusbar.phone.NavigationBarFrame{198407d V.ED..... ........ 0,0-480,72 #7f0a022d app:id/navigation_bar_frame} clearChildFocus()
05-02 11:17:28.032 V/ViewRootImpl[NavigationBar]( 1408): Clearing child focus
05-02 11:17:28.033 V/ViewRootImpl[NavigationBar]( 1408): Done with EarlyPostImeInputStage. QueuedInputEvent{flags=0, hasNextQueuedEvent=true, hasInputEventReceiver=true, mEvent=MotionEvent { action=ACTION_DOWN, actionButton=0, id[0]=0, x[0]=137.0, y[0]=50.0, toolType[0]=TOOL_TYPE_FINGER, buttonState=0, metaState=0, flags=0x0, edgeFlags=0x0, pointerCount=1, historySize=0, eventTime=2793807, downTime=2793807, deviceId=7, source=0x5002 }}
05-02 11:17:28.033 V/ViewRootImpl[NavigationBar]( 1408): Done with NativePostImeInputStage. QueuedInputEvent{flags=0, hasNextQueuedEvent=true, hasInputEventReceiver=true, mEvent=MotionEvent { action=ACTION_DOWN, actionButton=0, id[0]=0, x[0]=137.0, y[0]=50.0, toolType[0]=TOOL_TYPE_FINGER, buttonState=0, metaState=0, flags=0x0, edgeFlags=0x0, pointerCount=1, historySize=0, eventTime=2793807, downTime=2793807, deviceId=7, source=0x5002 }}
05-02 11:17:28.043 V/DispSync( 1003): [PrimaryDispSync] addResyncSample(2793829523)
05-02 11:17:28.044 V/ViewRootImpl[NavigationBar]( 1408): Done with ViewPostImeInputStage. QueuedInputEvent{flags=FINISHED|FINISHED_HANDLED, hasNextQueuedEvent=true, hasInputEventReceiver=true, mEvent=MotionEvent { action=ACTION_DOWN, actionButton=0, id[0]=0, x[0]=137.0, y[0]=50.0, toolType[0]=TOOL_TYPE_FINGER, buttonState=0, metaState=0, flags=0x0, edgeFlags=0x0, pointerCount=1, historySize=0, eventTime=2793807, downTime=2793807, deviceId=7, source=0x5002 }}
05-02 11:17:28.044 V/DispSync( 1003): [PrimaryDispSync] First resync sample: mPeriod = 16666, mPhase = 0, mReferenceTime = 2793829523
05-02 11:17:28.044 V/DispSyncThread( 1003): [PrimaryDispSync] updateModel: mPeriod = 16666, mPhase = 0 mReferenceTime = 2793829523
05-02 11:17:28.044 V/DispSync( 1003): [PrimaryDispSync] updateModelLocked 1
05-02 11:17:28.044 V/ViewRootImpl[NavigationBar]( 1408): Done with SyntheticInputStage. QueuedInputEvent{flags=FINISHED|FINISHED_HANDLED, hasNextQueuedEvent=true, hasInputEventReceiver=true, mEvent=MotionEvent { action=ACTION_DOWN, actionButton=0, id[0]=0, x[0]=137.0, y[0]=50.0, toolType[0]=TOOL_TYPE_FINGER, buttonState=0, metaState=0, flags=0x0, edgeFlags=0x0, pointerCount=1, historySize=0, eventTime=2793807, downTime=2793807, deviceId=7, source=0x5002 }}
05-02 11:17:28.044 V/DispSync( 1003): [PrimaryDispSync] addResyncSample returning unlocked
05-02 11:17:28.044 V/DispSyncThread( 1003): [PrimaryDispSync] gatherCallbackInvocationsLocked @ 2793831157
05-02 11:17:28.044 V/DispSyncThread( 1003): [PrimaryDispSync] [app] computeListenerNextEventTimeLocked(2793814491)
05-02 11:17:28.044 V/DispSyncThread( 1003): [PrimaryDispSync] lastEventTime: 2793817554
05-02 11:17:28.044 V/DispSyncThread( 1003): [PrimaryDispSync] Clamping baseTime to lastEventTime -> 2793817554
05-02 11:17:28.044 V/DispSyncThread( 1003): [PrimaryDispSync] Relative baseTime = -11968
05-02 11:17:28.044 V/DispSyncThread( 1003): [PrimaryDispSync] Phase = 1000
05-02 11:17:28.044 V/DispSyncThread( 1003): [PrimaryDispSync] baseTime - phase = -12968
05-02 11:17:28.044 I/System.out( 1408): ======================================
05-02 11:17:28.044 V/DispSyncThread( 1003): [PrimaryDispSync] Correcting negative baseTime
05-02 11:17:28.044 V/DispSyncThread( 1003): [PrimaryDispSync] numPeriods = -1
05-02 11:17:28.044 I/System.out( 1408): performTraversals
05-02 11:17:28.044 V/DispSyncThread( 1003): [PrimaryDispSync] t = 1000
05-02 11:17:28.044 V/DispSyncThread( 1003): [PrimaryDispSync] Absolute t = 2793830523
05-02 11:17:28.044 V/DispSyncThread( 1003): [PrimaryDispSync] Corrected for wakeup latency -> 2793829495
05-02 11:17:28.044 V/DispSyncThread( 1003): [PrimaryDispSync] [app] Preparing to fire
05-02 11:17:28.044 D/View    ( 1408):   + com.android.systemui.statusbar.phone.NavigationBarFrame{198407d V.ED..... .......D 0,0-480,72 #7f0a022d app:id/navigation_bar_frame} (id=2131362349)
05-02 11:17:28.044 V/DispSyncThread( 1003): [PrimaryDispSync] Frame 4667
05-02 11:17:28.044 V/DispSyncThread( 1003): [PrimaryDispSync] computeNextEventTimeLocked
05-02 11:17:28.044 D/View    ( 1408):       frame={0, 0, 480, 72} scroll={0, 0} 
05-02 11:17:28.044 V/DispSyncThread( 1003): [PrimaryDispSync] [app] computeListenerNextEventTimeLocked(2793831157)
05-02 11:17:28.044 D/View    ( 1408):       mMeasureWidth=480 mMeasureHeight=72
05-02 11:17:28.044 V/DispSyncThread( 1003): [PrimaryDispSync] lastEventTime: 2793830523
05-02 11:17:28.044 V/DispSyncThread( 1003): [PrimaryDispSync] Relative baseTime = 1634
05-02 11:17:28.044 V/DispSyncThread( 1003): [PrimaryDispSync] Phase = 1000
05-02 11:17:28.044 V/DispSyncThread( 1003): [PrimaryDispSync] baseTime - phase = 634
05-02 11:17:28.044 V/DispSyncThread( 1003): [PrimaryDispSync] numPeriods = 0
05-02 11:17:28.044 V/DispSyncThread( 1003): [PrimaryDispSync] t = 17666
05-02 11:17:28.044 V/DispSyncThread( 1003): [PrimaryDispSync] Absolute t = 2793847190
05-02 11:17:28.044 V/DispSyncThread( 1003): [PrimaryDispSync] Corrected for wakeup latency -> 2793846162
05-02 11:17:28.044 V/DispSyncThread( 1003): [PrimaryDispSync] nextEventTime = 2793846162
05-02 11:17:28.044 V/DispSyncThread( 1003): [PrimaryDispSync] Waiting until 2793846162
05-02 11:17:28.045 V/DispSyncThread( 1003): [PrimaryDispSync] gatherCallbackInvocationsLocked @ 2793831863
05-02 11:17:28.045 V/DispSyncThread( 1003): [PrimaryDispSync] Frame 4668
05-02 11:17:28.045 V/DispSyncThread( 1003): [PrimaryDispSync] computeNextEventTimeLocked
05-02 11:17:28.045 V/DispSyncThread( 1003): [PrimaryDispSync] nextEventTime = 9223372036854775
05-02 11:17:28.045 V/DispSyncThread( 1003): [PrimaryDispSync] Waiting forever
05-02 11:17:28.047 V/ViewRootImpl[TestActivity]( 2961): Done with NativePreImeInputStage. QueuedInputEvent{flags=0, hasNextQueuedEvent=true, hasInputEventReceiver=true, mEvent=KeyEvent { action=ACTION_DOWN, keyCode=KEYCODE_BACK, scanCode=0, metaState=0, flags=0x48, repeatCount=0, eventTime=2793822, downTime=2793822, deviceId=-1, source=0x101 }}
......
05-02 11:17:28.121 V/ViewRootImpl[NavigationBar]( 1408): Done with EarlyPostImeInputStage. QueuedInputEvent{flags=0, hasNextQueuedEvent=true, hasInputEventReceiver=true, mEvent=MotionEvent { action=ACTION_UP, actionButton=0, id[0]=0, x[0]=137.0, y[0]=50.0, toolType[0]=TOOL_TYPE_FINGER, buttonState=0, metaState=0, flags=0x0, edgeFlags=0x0, pointerCount=1, historySize=0, eventTime=2793906, downTime=2793807, deviceId=7, source=0x5002 }}
05-02 11:17:28.121 V/ViewRootImpl[NavigationBar]( 1408): Done with NativePostImeInputStage. QueuedInputEvent{flags=0, hasNextQueuedEvent=true, hasInputEventReceiver=true, mEvent=MotionEvent { action=ACTION_UP, actionButton=0, id[0]=0, x[0]=137.0, y[0]=50.0, toolType[0]=TOOL_TYPE_FINGER, buttonState=0, metaState=0, flags=0x0, edgeFlags=0x0, pointerCount=1, historySize=0, eventTime=2793906, downTime=2793807, deviceId=7, source=0x5002 }}
05-02 11:17:28.124 V/ViewRootImpl[TestActivity]( 2961): Done with NativePreImeInputStage. QueuedInputEvent{flags=0, hasNextQueuedEvent=true, hasInputEventReceiver=true, mEvent=KeyEvent { action=ACTION_UP, keyCode=KEYCODE_BACK, scanCode=0, metaState=0, flags=0x48, repeatCount=0, eventTime=2793909, downTime=2793822, deviceId=-1, source=0x101 }}
05-02 11:17:28.124 V/ViewRootImpl[TestActivity]( 2961): Done with ViewPreImeInputStage. QueuedInputEvent{flags=0, hasNextQueuedEvent=true, hasInputEventReceiver=true, mEvent=KeyEvent { action=ACTION_UP, keyCode=KEYCODE_BACK, scanCode=0, metaState=0, flags=0x48, repeatCount=0, eventTime=2793909, downTime=2793822, deviceId=-1, source=0x101 }}
05-02 11:17:28.124 V/ViewRootImpl[TestActivity]( 2961): Sending input event to IME: KeyEvent { action=ACTION_UP, keyCode=KEYCODE_BACK, scanCode=0, metaState=0, flags=0x48, repeatCount=0, eventTime=2793909, downTime=2793822, deviceId=-1, source=0x101 }
05-02 11:17:28.124 V/ViewRootImpl[NavigationBar]( 1408): Done with ViewPostImeInputStage. QueuedInputEvent{flags=FINISHED|FINISHED_HANDLED, hasNextQueuedEvent=true, hasInputEventReceiver=true, mEvent=MotionEvent { action=ACTION_UP, actionButton=0, id[0]=0, x[0]=137.0, y[0]=50.0, toolType[0]=TOOL_TYPE_FINGER, buttonState=0, metaState=0, flags=0x0, edgeFlags=0x0, pointerCount=1, historySize=0, eventTime=2793906, downTime=2793807, deviceId=7, source=0x5002 }}
05-02 11:17:28.124 D/AutofillManagerService( 1129): onBackKeyPressed()
05-02 11:17:28.125 V/ViewRootImpl[NavigationBar]( 1408): Done with SyntheticInputStage. QueuedInputEvent{flags=FINISHED|FINISHED_HANDLED, hasNextQueuedEvent=true, hasInputEventReceiver=true, mEvent=MotionEvent { action=ACTION_UP, actionButton=0, id[0]=0, x[0]=137.0, y[0]=50.0, toolType[0]=TOOL_TYPE_FINGER, buttonState=0, metaState=0, flags=0x0, edgeFlags=0x0, pointerCount=1, historySize=0, eventTime=2793906, downTime=2793807, deviceId=7, source=0x5002 }}
05-02 11:17:28.125 V/ViewRootImpl[TestActivity]( 2961): Done with ImeInputStage. QueuedInputEvent{flags=0, hasNextQueuedEvent=true, hasInputEventReceiver=true, mEvent=KeyEvent { action=ACTION_UP, keyCode=KEYCODE_BACK, scanCode=0, metaState=0, flags=0x48, repeatCount=0, eventTime=2793909, downTime=2793822, deviceId=-1, source=0x101 }}
05-02 11:17:28.125 V/ViewRootImpl[TestActivity]( 2961): Done with EarlyPostImeInputStage. QueuedInputEvent{flags=0, hasNextQueuedEvent=true, hasInputEventReceiver=true, mEvent=KeyEvent { action=ACTION_UP, keyCode=KEYCODE_BACK, scanCode=0, metaState=0, flags=0x48, repeatCount=0, eventTime=2793909, downTime=2793822, deviceId=-1, source=0x101 }}
05-02 11:17:28.126 V/ViewRootImpl[TestActivity]( 2961): Done with NativePostImeInputStage. QueuedInputEvent{flags=0, hasNextQueuedEvent=true, hasInputEventReceiver=true, mEvent=KeyEvent { action=ACTION_UP, keyCode=KEYCODE_BACK, scanCode=0, metaState=0, flags=0x48, repeatCount=0, eventTime=2793909, downTime=2793822, deviceId=-1, source=0x101 }}
......
05-02 11:17:28.127 V/ActivityStack_States( 1129): Finishing activity token=Token{54eda1a ActivityRecord{8be2d09 u0 com.android.testred/.TestActivity t23}} r=, result=0, data=null, reason=app-request
......
05-02 11:17:28.127 V/WindowManager( 1129): Pausing WindowToken AppWindowToken{322f94b token=Token{54eda1a ActivityRecord{8be2d09 u0 com.android.testred/.TestActivity t23}}}
05-02 11:17:28.128 V/DispSyncThread( 1003): [PrimaryDispSync] updateModel: mPeriod = 16708, mPhase = -10 mReferenceTime = 2793829523
05-02 11:17:28.128 V/SurfaceFlinger( 1003): preComposition
05-02 11:17:28.128 V/SurfaceFlinger( 1003): rebuildLayerStacks
05-02 11:17:28.128 V/SurfaceFlinger( 1003): setUpHWComposer
05-02 11:17:28.128 D/WindowManager( 1129): addInputWindowHandle: Window{a8feb48 u0 NavigationBar}, Window{a8feb48 u0 NavigationBar}, layer=0, frame=[0,782,480,854], touchableRegion=SkRegion((0,782,480,854)), visible=true
05-02 11:17:28.128 V/BufferLayer( 1003): [com.android.systemui.ImageWallpaper#0] Requesting Device composition
05-02 11:17:28.128 V/Layer   ( 1003): setCompositionType(d, Device, 1)
05-02 11:17:28.128 V/BufferLayer( 1003): setPerFrameData: dataspace = 0
05-02 11:17:28.128 V/BufferLayerConsumer( 1003): [com.android.systemui.ImageWallpaper#0] getCurrentHdrMetadata
05-02 11:17:28.128 V/BufferLayer( 1003): [com.android.launcher3/com.android.launcher3.Launcher#0] Requesting Device composition
05-02 11:17:28.128 D/WindowManager( 1129): addInputWindowHandle: Window{ccca422 u0 StatusBar}, Window{ccca422 u0 StatusBar}, layer=0, frame=[0,0,480,36], touchableRegion=SkRegion((0,0,480,36)), visible=true
05-02 11:17:28.128 V/Layer   ( 1003): setCompositionType(e, Device, 1)
05-02 11:17:28.128 V/BufferLayer( 1003): setPerFrameData: dataspace = 0
05-02 11:17:28.128 V/BufferLayerConsumer( 1003): [com.android.launcher3/com.android.launcher3.Launcher#0] getCurrentHdrMetadata
05-02 11:17:28.128 V/BufferLayer( 1003): [SurfaceView - com.android.testred/com.android.testred.TestActivity#0] Requesting Device composition
05-02 11:17:28.128 V/Layer   ( 1003): setCompositionType(f, Device, 1)
05-02 11:17:28.128 V/BufferLayer( 1003): setPerFrameData: dataspace = 0
05-02 11:17:28.128 V/BufferLayerConsumer( 1003): [SurfaceView - com.android.testred/com.android.testred.TestActivity#0] getCurrentHdrMetadata
05-02 11:17:28.128 V/BufferLayer( 1003): [com.android.testred/com.android.testred.TestActivity#0] Requesting Device composition
05-02 11:17:28.128 V/Layer   ( 1003): setCompositionType(10, Device, 1)
05-02 11:17:28.128 V/BufferLayer( 1003): setPerFrameData: dataspace = 0
05-02 11:17:28.128 V/BufferLayerConsumer( 1003): [com.android.testred/com.android.testred.TestActivity#0] getCurrentHdrMetadata
05-02 11:17:28.128 V/BufferLayer( 1003): [StatusBar#0] Requesting Device composition
05-02 11:17:28.128 D/WindowManager( 1129): addInputWindowHandle: Window{95ed7ce u0 AssistPreviewPanel}, Window{95ed7ce u0 AssistPreviewPanel}, layer=0, frame=[0,854,480,854], touchableRegion=SkRegion(), visible=false
05-02 11:17:28.128 V/Layer   ( 1003): setCompositionType(a, Device, 1)
05-02 11:17:28.128 V/BufferLayer( 1003): setPerFrameData: dataspace = 0
05-02 11:17:28.128 V/BufferLayerConsumer( 1003): [StatusBar#0] getCurrentHdrMetadata
05-02 11:17:28.128 V/BufferLayer( 1003): [NavigationBar#0] Requesting Device composition
05-02 11:17:28.128 V/Layer   ( 1003): setCompositionType(b, Device, 1)
05-02 11:17:28.128 V/BufferLayer( 1003): setPerFrameData: dataspace = 0
05-02 11:17:28.128 V/BufferLayerConsumer( 1003): [NavigationBar#0] getCurrentHdrMetadata
05-02 11:17:28.128 D/WindowManager( 1129): addInputWindowHandle: Window{cd1acce u0 DockedStackDivider}, Window{cd1acce u0 DockedStackDivider}, layer=0, frame=[0,0,0,0], touchableRegion=SkRegion((-72,0,72,72)), visible=false
05-02 11:17:28.128 D/WindowManager( 1129): addInputWindowHandle: Window{9f1d5ed u0 com.android.testred/com.android.testred.TestActivity}, Window{9f1d5ed u0 com.android.testred/com.android.testred.TestActivity}, layer=0, frame=[0,0,160,854], touchableRegion=SkRegion((0,0,480,854)), visible=true
05-02 11:17:28.128 D/WindowManager( 1129): addInputWindowHandle: Window{9958bf8 u0 com.android.launcher3/com.android.launcher3.Launcher}, Window{9958bf8 u0 com.android.launcher3/com.android.launcher3.Launcher}, layer=0, frame=[0,0,480,854], touchableRegion=SkRegion((0,0,480,854)), visible=true
05-02 11:17:28.129 D/WindowManager( 1129): addInputWindowHandle: Window{695da45 u0 com.android.systemui.ImageWallpaper}, Window{695da45 u0 com.android.systemui.ImageWallpaper}, layer=0, frame=[0,0,1243,1024], touchableRegion=SkRegion((0,0,1243,1024)), visible=true
05-02 11:17:28.129 V/DispSyncThread( 1003): [PrimaryDispSync] gatherCallbackInvocationsLocked @ 2793916105
05-02 11:17:28.129 V/DispSyncThread( 1003): [PrimaryDispSync] [sf] computeListenerNextEventTimeLocked(2793899397)
05-02 11:17:28.129 V/DispSyncThread( 1003): [PrimaryDispSync] lastEventTime: 2793913856
05-02 11:17:28.129 V/DispSyncThread( 1003): [PrimaryDispSync] Clamping baseTime to lastEventTime -> 2793913856
05-02 11:17:28.129 V/DispSyncThread( 1003): [PrimaryDispSync] Relative baseTime = 84333
05-02 11:17:28.129 V/DispSyncThread( 1003): [PrimaryDispSync] Phase = 989
05-02 11:17:28.129 V/DispSyncThread( 1003): [PrimaryDispSync] baseTime - phase = 83343
05-02 11:17:28.129 V/DispSyncThread( 1003): [PrimaryDispSync] numPeriods = 4
05-02 11:17:28.129 V/DispSyncThread( 1003): [PrimaryDispSync] t = 84533
05-02 11:17:28.129 V/DispSyncThread( 1003): [PrimaryDispSync] Absolute t = 2793914056
05-02 11:17:28.129 V/DispSyncThread( 1003): [PrimaryDispSync] Modifying t -> 2793930765
05-02 11:17:28.129 V/DispSyncThread( 1003): [PrimaryDispSync] Corrected for wakeup latency -> 2793929738
05-02 11:17:28.129 V/DispSyncThread( 1003): [PrimaryDispSync] [app] computeListenerNextEventTimeLocked(2793899397)
05-02 11:17:28.129 V/DispSyncThread( 1003): [PrimaryDispSync] lastEventTime: 2793913856
05-02 11:17:28.129 V/DispSyncThread( 1003): [PrimaryDispSync] Clamping baseTime to lastEventTime -> 2793913856
05-02 11:17:28.129 V/DispSyncThread( 1003): [PrimaryDispSync] Relative baseTime = 84333
05-02 11:17:28.129 V/DispSyncThread( 1003): [PrimaryDispSync] Phase = 989
05-02 11:17:28.129 V/DispSyncThread( 1003): [PrimaryDispSync] baseTime - phase = 83343
05-02 11:17:28.129 V/DispSyncThread( 1003): [PrimaryDispSync] numPeriods = 4
05-02 11:17:28.129 V/DispSyncThread( 1003): [PrimaryDispSync] t = 84533
05-02 11:17:28.129 V/DispSyncThread( 1003): [PrimaryDispSync] Absolute t = 2793914056
05-02 11:17:28.129 I/WindowManager( 1129): positionTaskStackAt: positioning stack={StackWindowController stackId=0} at 1
05-02 11:17:28.129 V/DispSyncThread( 1003): [PrimaryDispSync] Modifying t -> 2793930765
05-02 11:17:28.129 V/DispSyncThread( 1003): [PrimaryDispSync] Corrected for wakeup latency -> 2793929738
05-02 11:17:28.129 V/DispSyncThread( 1003): [PrimaryDispSync] Frame 4675
05-02 11:17:28.129 V/DispSyncThread( 1003): [PrimaryDispSync] computeNextEventTimeLocked
05-02 11:17:28.129 V/DispSyncThread( 1003): [PrimaryDispSync] [sf] computeListenerNextEventTimeLocked(2793916105)
05-02 11:17:28.129 V/DispSyncThread( 1003): [PrimaryDispSync] lastEventTime: 2793913856
05-02 11:17:28.129 V/DispSyncThread( 1003): [PrimaryDispSync] Relative baseTime = 86582
05-02 11:17:28.129 V/DispSyncThread( 1003): [PrimaryDispSync] Phase = 989
05-02 11:17:28.129 V/DispSyncThread( 1003): [PrimaryDispSync] baseTime - phase = 85593
05-02 11:17:28.129 V/DispSyncThread( 1003): [PrimaryDispSync] numPeriods = 5
05-02 11:17:28.129 V/DispSyncThread( 1003): [PrimaryDispSync] t = 101242
05-02 11:17:28.129 V/DispSyncThread( 1003): [PrimaryDispSync] Absolute t = 2793930765
05-02 11:17:28.129 V/DispSyncThread( 1003): [PrimaryDispSync] Corrected for wakeup latency -> 2793929738
05-02 11:17:28.129 V/DispSyncThread( 1003): [PrimaryDispSync] [app] computeListenerNextEventTimeLocked(2793916105)
05-02 11:17:28.129 V/DispSyncThread( 1003): [PrimaryDispSync] lastEventTime: 2793913856
05-02 11:17:28.129 V/DispSyncThread( 1003): [PrimaryDispSync] Relative baseTime = 86582
05-02 11:17:28.129 V/DispSyncThread( 1003): [PrimaryDispSync] Phase = 989
05-02 11:17:28.129 V/DispSyncThread( 1003): [PrimaryDispSync] baseTime - phase = 85593
05-02 11:17:28.129 V/DispSyncThread( 1003): [PrimaryDispSync] numPeriods = 5
05-02 11:17:28.129 V/HWComposer( 1003): SkipValidate failed, Falling back to SLOW validate/present
05-02 11:17:28.129 V/DispSyncThread( 1003): [PrimaryDispSync] t = 101242
05-02 11:17:28.129 V/DispSyncThread( 1003): [PrimaryDispSync] Absolute t = 2793930765
05-02 11:17:28.129 V/DispSyncThread( 1003): [PrimaryDispSync] Corrected for wakeup latency -> 2793929738
05-02 11:17:28.129 V/SurfaceFlinger( 1003): doComposition
05-02 11:17:28.130 V/DispSyncThread( 1003): [PrimaryDispSync] nextEventTime = 2793929738
05-02 11:17:28.130 V/DispSyncThread( 1003): [PrimaryDispSync] Waiting until 2793929738
05-02 11:17:28.130 V/SurfaceFlinger( 1003): doDisplayComposition
05-02 11:17:28.130 V/SurfaceFlinger( 1003): doComposeSurfaces
05-02 11:17:28.130 V/SurfaceFlinger( 1003): Rendering client layers
05-02 11:17:28.130 V/SurfaceFlinger( 1003): Layer: com.android.systemui.ImageWallpaper#0
05-02 11:17:28.130 V/SurfaceFlinger( 1003):   Composition type: Device
05-02 11:17:28.130 W/WindowManager( 1129): setLayoutNeeded: callers=com.android.server.wm.DisplayContent$TaskStackContainers.positionChildAt:3416 com.android.server.wm.DisplayContent.positionStackAt:1885 com.android.server.wm.DisplayWindowController.positionChildAt:93 
05-02 11:17:28.130 V/SurfaceFlinger( 1003): Layer: com.android.launcher3/com.android.launcher3.Launcher#0
05-02 11:17:28.130 V/SurfaceFlinger( 1003):   Composition type: Device
05-02 11:17:28.130 V/SurfaceFlinger( 1003): Layer: SurfaceView - com.android.testred/com.android.testred.TestActivity#0
05-02 11:17:28.130 V/SurfaceFlinger( 1003):   Composition type: Device
05-02 11:17:28.130 V/SurfaceFlinger( 1003): Layer: com.android.testred/com.android.testred.TestActivity#0
05-02 11:17:28.130 V/SurfaceFlinger( 1003):   Composition type: Device
05-02 11:17:28.130 V/SurfaceFlinger( 1003): Layer: StatusBar#0
05-02 11:17:28.130 V/SurfaceFlinger( 1003):   Composition type: Device
05-02 11:17:28.130 V/SurfaceFlinger( 1003): Layer: NavigationBar#0
05-02 11:17:28.130 V/SurfaceFlinger( 1003):   Composition type: Device
05-02 11:17:28.130 V/SurfaceFlinger( 1003): postFramebuffer
05-02 11:17:28.130 W/WindowManager( 1129): setLayoutNeeded: callers=com.android.server.wm.DisplayContent.layoutAndAssignWindowLayersIfNeeded:2420 com.android.server.wm.DisplayContent.positionStackAt:1886 com.android.server.wm.DisplayWindowController.positionChildAt:93 
05-02 11:17:28.130 V/WindowManager( 1129): Looking for focus: Window{a8feb48 u0 NavigationBar}, flags=562298984, canReceive=false
05-02 11:17:28.130 V/WindowManager( 1129): Looking for focus: Window{ccca422 u0 StatusBar}, flags=-2122055608, canReceive=false
05-02 11:17:28.130 V/WindowManager( 1129): Looking for focus: Window{95ed7ce u0 AssistPreviewPanel}, flags=16777496, canReceive=false
05-02 11:17:28.130 V/WindowManager( 1129): Looking for focus: Window{cd1acce u0 DockedStackDivider}, flags=562298920, canReceive=false
05-02 11:17:28.130 V/WindowManager( 1129): Looking for focus: Window{9958bf8 u0 com.android.launcher3/com.android.launcher3.Launcher}, flags=-2121203456, canReceive=true
05-02 11:17:28.130 V/WindowManager( 1129): findFocusedWindow: Found new focus @ Window{9958bf8 u0 com.android.launcher3/com.android.launcher3.Launcher}
05-02 11:17:28.131 V/ConsumerBase( 1003): [com.android.launcher3/com.android.launcher3.Launcher#0] addReleaseFenceLocked: slot=2
05-02 11:17:28.131 V/WindowManager( 1129): Changing focus from Window{9f1d5ed u0 com.android.testred/com.android.testred.TestActivity} to Window{9958bf8 u0 com.android.launcher3/com.android.launcher3.Launcher} Callers=com.android.server.wm.DisplayContent.layoutAndAssignWindowLayersIfNeeded:2422 com.android.server.wm.DisplayContent.positionStackAt:1886 com.android.server.wm.DisplayWindowController.positionChildAt:93 com.android.server.am.ActivityDisplay.positionChildAt:169 
05-02 11:17:28.131 V/ConsumerBase( 1003): [NavigationBar#0] addReleaseFenceLocked: slot=2
05-02 11:17:28.131 V/SurfaceFlinger( 1003): postComposition
05-02 11:17:28.131 V/BufferLayerConsumer( 1003): [NavigationBar#0] Releasing pending buffer
05-02 11:17:28.131 V/ConsumerBase( 1003): [NavigationBar#0] releaseBufferLocked: slot=2/80
05-02 11:17:28.131 V/BufferQueueConsumer( 1003): [NavigationBar#0] releaseBuffer: releasing slot 2
05-02 11:17:28.131 D/WindowManager( 1129): Input focus has changed to Window{9958bf8 u0 com.android.launcher3/com.android.launcher3.Launcher}
05-02 11:17:28.131 V/WindowManager( 1129): handleMessage: entry what=2
05-02 11:17:28.132 V/DispSync( 1003): [PrimaryDispSync] addResyncSample returning locked
05-02 11:17:28.132 V/BufferLayerConsumer( 1003): [NavigationBar#0] getTimestamp
05-02 11:17:28.132 D/WindowManager( 1129): addInputWindowHandle: Window{a8feb48 u0 NavigationBar}, Window{a8feb48 u0 NavigationBar}, layer=0, frame=[0,782,480,854], touchableRegion=SkRegion((0,782,480,854)), visible=true
05-02 11:17:28.132 D/WindowManager( 1129): addInputWindowHandle: Window{ccca422 u0 StatusBar}, Window{ccca422 u0 StatusBar}, layer=0, frame=[0,0,480,36], touchableRegion=SkRegion((0,0,480,36)), visible=true
05-02 11:17:28.132 D/WindowManager( 1129): addInputWindowHandle: Window{95ed7ce u0 AssistPreviewPanel}, Window{95ed7ce u0 AssistPreviewPanel}, layer=0, frame=[0,854,480,854], touchableRegion=SkRegion(), visible=false
05-02 11:17:28.132 D/WindowManager( 1129): addInputWindowHandle: Window{cd1acce u0 DockedStackDivider}, Window{cd1acce u0 DockedStackDivider}, layer=0, frame=[0,0,0,0], touchableRegion=SkRegion((-72,0,72,72)), visible=false
05-02 11:17:28.132 D/WindowManager( 1129): addInputWindowHandle: Window{9958bf8 u0 com.android.launcher3/com.android.launcher3.Launcher}, Window{9958bf8 u0 com.android.launcher3/com.android.launcher3.Launcher}, layer=0, frame=[0,0,480,854], touchableRegion=SkRegion((0,0,480,854)), visible=true
05-02 11:17:28.132 D/WindowManager( 1129): addInputWindowHandle: Window{9f1d5ed u0 com.android.testred/com.android.testred.TestActivity}, Window{9f1d5ed u0 com.android.testred/com.android.testred.TestActivity}, layer=0, frame=[0,0,160,854], touchableRegion=SkRegion((0,0,480,854)), visible=true
05-02 11:17:28.132 V/Surface ( 1408): Surface::query
05-02 11:17:28.132 D/WindowManager( 1129): addInputWindowHandle: Window{695da45 u0 com.android.systemui.ImageWallpaper}, Window{695da45 u0 com.android.systemui.ImageWallpaper}, layer=0, frame=[0,0,1243,1024], touchableRegion=SkRegion((0,0,1243,1024)), visible=true
05-02 11:17:28.132 I/chatty  ( 1408): uid=10015(com.android.systemui) RenderThread identical 4 lines
05-02 11:17:28.132 V/Surface ( 1408): Surface::query
05-02 11:17:28.132 V/Surface ( 1408): Surface::dequeueBuffer
05-02 11:17:28.133 V/BufferQueueProducer( 1003): [NavigationBar#0] dequeueBuffer: w=480 h=72 format=0x1, usage=0x10000900
05-02 11:17:28.133 V/BufferQueueProducer( 1003): [NavigationBar#0] dequeueBuffer: setting buffer age to 3
05-02 11:17:28.133 V/BufferQueueProducer( 1003): [NavigationBar#0] dequeueBuffer: returning slot=0/79 buf=0x7026a27800 flags=0
05-02 11:17:28.133 V/ActivityStack_Results( 1129): No result destination from ActivityRecord{8be2d09 u0 com.android.testred/.TestActivity t23 f}
05-02 11:17:28.133 V/ActivityStack_Transition( 1129): Prepare close transition: finishing ActivityRecord{8be2d09 u0 com.android.testred/.TestActivity t23 f}
05-02 11:17:28.133 V/Surface ( 1408): Surface::query
05-02 11:17:28.133 V/AppTransition( 1129): Prepare app transition: transit=TRANSIT_TASK_CLOSE mNextAppTransition=TRANSIT_UNSET alwaysKeepCurrent=false Callers=com.android.server.wm.WindowManagerService.prepareAppTransition:2598 com.android.server.wm.WindowManagerService.prepareAppTransition:2580 com.android.server.am.ActivityStack.finishActivityLocked:3803 
05-02 11:17:28.134 I/WindowManager( 1129): Focus moving from Window{9f1d5ed u0 com.android.testred/com.android.testred.TestActivity} to Window{9958bf8 u0 com.android.launcher3/com.android.launcher3.Launcher}
05-02 11:17:28.134 I/WindowManager( 1129): Gaining focus: Window{9958bf8 u0 com.android.launcher3/com.android.launcher3.Launcher}
05-02 11:17:28.133 I/chatty  ( 1408): uid=10015(com.android.systemui) RenderThread identical 1 line
05-02 11:17:28.133 V/Surface ( 1408): Surface::query
05-02 11:17:28.134 I/System.out( 1408): ======================================
05-02 11:17:28.134 I/System.out( 1408): performTraversals
05-02 11:17:28.134 D/View    ( 1408):   + com.android.systemui.statusbar.phone.NavigationBarFrame{198407d V.ED..... .......D 0,0-480,72 #7f0a022d app:id/navigation_bar_frame} (id=2131362349)
05-02 11:17:28.134 D/View    ( 1408):       frame={0, 0, 480, 72} scroll={0, 0} 
05-02 11:17:28.134 D/View    ( 1408):       mMeasureWidth=480 mMeasureHeight=72
05-02 11:17:28.134 V/WindowManager( 1129): setAppVisibility(Token{54eda1a ActivityRecord{8be2d09 u0 com.android.testred/.TestActivity t23 f}}, visible=false): mNextAppTransition=TRANSIT_TASK_CLOSE hidden=false hiddenRequested=false Callers=com.android.server.am.ActivityRecord.setVisibility:1668 com.android.server.am.ActivityStack.finishActivityLocked:3806 com.android.server.am.ActivityStack.finishActivityLocked:3754 com.android.server.am.ActivityStack.requestFinishActivityLocked:3594 com.android.server.am.ActivityManagerService.finishActivity:5805 android.app.IActivityManager$Stub.onTransact:147 
05-02 11:17:28.134 V/ActivityStack_Pause( 1129): Finish needs to pause: ActivityRecord{8be2d09 u0 com.android.testred/.TestActivity t23 f}
05-02 11:17:28.134 V/ActivityStack_UserLeaving( 1129): finish() => pause with userLeaving=false
05-02 11:17:28.135 V/ActivityStack_States( 1129): Moving to PAUSING: ActivityRecord{8be2d09 u0 com.android.testred/.TestActivity t23 f}
05-02 11:17:28.135 D/ActivityTrigger( 1129): ActivityTrigger activityPauseTrigger 
05-02 11:17:28.135 D/touchmode( 2003): ensureTouchModeLocally(true), current touch mode is true
05-02 11:17:28.135 I/WindowManager( 1129): Losing focus: Window{9f1d5ed u0 com.android.testred/com.android.testred.TestActivity}
05-02 11:17:28.135 V/WindowManager( 1129): handleMessage: exit
05-02 11:17:28.135 V/ActivityRecord_States( 1129): State movement: ActivityRecord{8be2d09 u0 com.android.testred/.TestActivity t23 f} from:RESUMED to:PAUSING reason:startPausingLocked
05-02 11:17:28.135 V/ActivityStack_Pause( 1129): Enqueueing pending pause: ActivityRecord{8be2d09 u0 com.android.testred/.TestActivity t23 f}
05-02 11:17:28.135 D/ActivityManagerService_Switch( 1129): updateUsageStats: comp=ActivityRecord{8be2d09 u0 com.android.testred/.TestActivity t23 f}res=false
05-02 11:17:28.136 V/ActivityStack_Pause( 1129): Waiting for pause to complete...
05-02 11:17:28.136 V/RootWindowContainer( 1129): performSurfacePlacementInner: entry. Called by com.android.server.wm.WindowSurfacePlacer.performSurfacePlacementLoop:207 com.android.server.wm.WindowSurfacePlacer.performSurfacePlacement:155 com.android.server.wm.WindowSurfacePlacer.performSurfacePlacement:145 
05-02 11:17:28.136 I/RootWindowContainer( 1129): >>> OPEN TRANSACTION performLayoutAndPlaceSurfaces
05-02 11:17:28.136 W/WindowManager( 1129): clearLayoutNeeded: callers=com.android.server.wm.DisplayContent.performLayout:2967 com.android.server.wm.DisplayContent.applySurfaceChangesTransaction:2880 com.android.server.wm.RootWindowContainer.applySurfaceChangesTransaction:852 
05-02 11:17:28.136 V/ActivityThread( 2961): SCHEDULE 159 EXECUTE_TRANSACTION: 0 / android.app.servertransaction.ClientTransaction@f043e0
05-02 11:17:28.136 V/DisplayContent( 1129): -------------------------------------
05-02 11:17:28.136 V/DisplayContent( 1129): performLayout: needed=false dw=480 dh=854
05-02 11:17:28.136 I/System.out( 2003): Find focus in DecorView@2d81300[Launcher]: flags=false, child=android.widget.LinearLayout{282583 V.ED..... .......D 0,0-480,854}
05-02 11:17:28.136 I/System.out( 2003): Find focus in android.widget.LinearLayout{282583 V.ED..... .......D 0,0-480,854}: flags=false, child=android.widget.FrameLayout{8959e5f V.ED..... .......D 0,0-480,854 #1020002 android:id/content}
05-02 11:17:28.136 V/WindowState( 1129): Resolving (mRequestedWidth=480, mRequestedheight=854) to (pw=480, ph=72): frame=[0,782][480,854] ci=[0,0][0,0] vi=[0,0][0,0] si=[0,0][0,0] of=[0,0][0,0]
05-02 11:17:28.136 I/WindowManager( 1129): mNavigationBar frame: Rect(0, 782 - 480, 854)
05-02 11:17:28.136 I/WindowManager( 1129): mDock rect:Rect(0, 0 - 480, 782)
05-02 11:17:28.136 I/System.out( 2003): Find focus in android.widget.FrameLayout{8959e5f V.ED..... .......D 0,0-480,854 #1020002 android:id/content}: flags=false, child=com.android.launcher3.LauncherRootView{d20ab4 V.ED..... .......D 0,0-480,854 #7f0a0047 app:id/launcher}
05-02 11:17:28.136 V/WindowState( 1129): Resolving (mRequestedWidth=480, mRequestedheight=36) to (pw=480, ph=854): frame=[0,0][480,36] ci=[0,0][0,0] vi=[0,0][0,0] si=[0,0][0,0] of=[0,0][0,0]
05-02 11:17:28.136 I/System.out( 2003): Find focus in com.android.launcher3.LauncherRootView{d20ab4 V.ED..... .......D 0,0-480,854 #7f0a0047 app:id/launcher}: flags=false, child=com.android.launcher3.dragndrop.DragLayer{c9251e7 V.ED..... .......D 0,0-480,854 #7f0a002d app:id/drag_layer}
05-02 11:17:28.136 V/WindowManager( 1129): Status bar: dock=Rect(0, 36 - 480, 782) content=Rect(0, 36 - 480, 782) cur=Rect(0, 36 - 480, 782)
05-02 11:17:28.136 I/System.out( 2003): Find focus in com.android.launcher3.dragndrop.DragLayer{c9251e7 V.ED..... .......D 0,0-480,854 #7f0a002d app:id/drag_layer}: flags=false, child=com.android.launcher3.allapps.AllAppsContainerView{ccecfc7 V.ED..... ........ 0,0-480,854 #7f0a0017 app:id/apps_view}
05-02 11:17:28.137 I/System.out( 2003): Find focus in com.android.launcher3.allapps.AllAppsContainerView{ccecfc7 V.ED..... ........ 0,0-480,854 #7f0a0017 app:id/apps_view}: flags=false, child=com.android.launcher3.allapps.AllAppsRecyclerView{5448e55 VFED..... .F...... 0,84-480,854 #7f0a0016 app:id/apps_list_view}
05-02 11:17:28.137 V/DisplayContent( 1129): 1ST PASS Window{a8feb48 u0 NavigationBar}: gone=false mHaveFrame=true mLayoutAttached=false screen changed=false
05-02 11:17:28.137 V/DisplayContent( 1129):   VIS: mViewVisibility=0 mRelayoutCalled=true hidden=false hiddenRequested=false parentHidden=false
05-02 11:17:28.137 I/System.out( 2003): Find focus in com.android.launcher3.allapps.AllAppsRecyclerView{5448e55 VFED..... .F...... 0,84-480,854 #7f0a0016 app:id/apps_list_view}: flags=true, child=null
05-02 11:17:28.137 V/DisplayContent( 1129):   LAYOUT: mFrame=Rect(0, 782 - 480, 854) mContainingFrame=Rect(0, 782 - 480, 854) mDisplayFrame=Rect(0, 782 - 480, 854)
05-02 11:17:28.137 V/DisplayContent( 1129): 1ST PASS Window{ccca422 u0 StatusBar}: gone=false mHaveFrame=true mLayoutAttached=false screen changed=false
05-02 11:17:28.137 V/DisplayContent( 1129):   VIS: mViewVisibility=0 mRelayoutCalled=true hidden=false hiddenRequested=false parentHidden=false
05-02 11:17:28.137 V/DisplayContent( 1129):   LAYOUT: mFrame=Rect(0, 0 - 480, 36) mContainingFrame=Rect(0, 0 - 480, 854) mDisplayFrame=Rect(0, 0 - 480, 854)
05-02 11:17:28.137 V/DisplayContent( 1129): 1ST PASS Window{95ed7ce u0 AssistPreviewPanel}: gone=true mHaveFrame=true mLayoutAttached=false screen changed=true
05-02 11:17:28.137 V/DisplayContent( 1129):   GONE: mViewVisibility=8 mRelayoutCalled=true hidden=false hiddenRequested=false parentHidden=false
05-02 11:17:28.137 V/DisplayContent( 1129): 1ST PASS Window{cd1acce u0 DockedStackDivider}: gone=false mHaveFrame=true mLayoutAttached=false screen changed=true
05-02 11:17:28.137 V/DisplayContent( 1129):   VIS: mViewVisibility=4 mRelayoutCalled=true hidden=false hiddenRequested=false parentHidden=false
05-02 11:17:28.137 V/WindowManager( 1129): layoutWindowLw(DockedStackDivider): IN_SCREEN
05-02 11:17:28.137 V/WindowManager( 1129): Compute frame DockedStackDivider: sim=#20 attach=null type=2034 flags=0x21840028 pf=[0,0][480,854] df=[0,0][480,854] of=[0,0][480,854] cf=[0,36][480,782] vf=[0,36][480,782] dcf=[0,0][480,854] sf=[0,36][480,782] osf=null
05-02 11:17:28.137 V/WindowState( 1129): Resolving (mRequestedWidth=480, mRequestedheight=72) to (pw=480, ph=854): frame=[0,0][0,0] ci=[0,0][0,0] vi=[0,0][0,0] si=[0,36][0,72] of=[0,0][0,0]
05-02 11:17:28.137 V/DisplayContent( 1129):   LAYOUT: mFrame=Rect(0, 0 - 0, 0) mContainingFrame=Rect(0, 0 - 480, 854) mDisplayFrame=Rect(0, 0 - 480, 854)
05-02 11:17:28.137 V/DisplayContent( 1129): 1ST PASS Window{9958bf8 u0 com.android.launcher3/com.android.launcher3.Launcher}: gone=false mHaveFrame=true mLayoutAttached=false screen changed=false
05-02 11:17:28.137 V/DisplayContent( 1129):   VIS: mViewVisibility=0 mRelayoutCalled=true hidden=false hiddenRequested=false parentHidden=false
05-02 11:17:28.137 V/WindowManager( 1129): layoutWindowLw(com.android.launcher3/com.android.launcher3.Launcher): IN_SCREEN, INSET_DECOR
05-02 11:17:28.137 V/WindowManager( 1129): Compute frame com.android.launcher3/com.android.launcher3.Launcher: sim=#20 attach=null type=1 flags=0x81910100 pf=[0,0][480,854] df=[0,0][480,854] of=[0,0][480,854] cf=[0,36][480,782] vf=[0,36][480,782] dcf=[0,0][480,854] sf=[0,36][480,782] osf=null
05-02 11:17:28.137 V/WindowState( 1129): Resolving (mRequestedWidth=480, mRequestedheight=854) to (pw=480, ph=854): frame=[0,0][480,854] ci=[0,36][0,72] vi=[0,36][0,72] si=[0,36][0,72] of=[0,0][0,0]
05-02 11:17:28.137 V/DisplayContent( 1129):   LAYOUT: mFrame=Rect(0, 0 - 480, 854) mContainingFrame=Rect(0, 0 - 480, 854) mDisplayFrame=Rect(0, 0 - 480, 854)
05-02 11:17:28.137 V/DisplayContent( 1129): 1ST PASS Window{9f1d5ed u0 com.android.testred/com.android.testred.TestActivity}: gone=true mHaveFrame=true mLayoutAttached=false screen changed=false
05-02 11:17:28.137 V/DisplayContent( 1129):   GONE: mViewVisibility=0 mRelayoutCalled=true hidden=false hiddenRequested=true parentHidden=false
05-02 11:17:28.137 V/DisplayContent( 1129): 1ST PASS Window{695da45 u0 com.android.systemui.ImageWallpaper}: gone=false mHaveFrame=true mLayoutAttached=false screen changed=false
05-02 11:17:28.137 V/DisplayContent( 1129):   VIS: mViewVisibility=0 mRelayoutCalled=true hidden=false hiddenRequested=false parentHidden=false
05-02 11:17:28.138 V/WindowManager( 1129): Compute frame com.android.systemui.ImageWallpaper: sim=#0 attach=null type=2013 flags=0x00010318 pf=[0,0][480,854] df=[-10000,-10000][10000,10000] of=[0,0][480,854] cf=[0,0][480,854] vf=[0,36][480,782] dcf=[0,0][0,0] sf=[0,36][480,782] osf=[0,0][480,854]
05-02 11:17:28.138 V/WindowState( 1129): Resolving (mRequestedWidth=1243, mRequestedheight=1024) to (pw=480, ph=854): frame=[0,0][1243,1024] ci=[0,0][763,170] vi=[0,36][763,242] si=[0,36][763,242] of=[0,0][0,0]
05-02 11:17:28.138 V/DisplayContent( 1129):   LAYOUT: mFrame=Rect(0, 0 - 1243, 1024) mContainingFrame=Rect(0, 0 - 480, 854) mDisplayFrame=Rect(-10000, -10000 - 10000, 10000)
05-02 11:17:28.138 I/WindowManager( 1129): Win Window{a8feb48 u0 NavigationBar}: affectsSystemUi=true
05-02 11:17:28.138 I/WindowManager( 1129): Win Window{ccca422 u0 StatusBar}: affectsSystemUi=true
05-02 11:17:28.138 I/WindowManager( 1129): Win Window{95ed7ce u0 AssistPreviewPanel}: affectsSystemUi=false
05-02 11:17:28.138 V/WindowManager( 1129): handleMessage: entry what=41
05-02 11:17:28.138 I/WindowManager( 1129): Win Window{cd1acce u0 DockedStackDivider}: affectsSystemUi=false
05-02 11:17:28.138 I/WindowManager( 1129): Win Window{9958bf8 u0 com.android.launcher3/com.android.launcher3.Launcher}: affectsSystemUi=true
05-02 11:17:28.138 V/WindowManager( 1129): Fullscreen window: Window{9958bf8 u0 com.android.launcher3/com.android.launcher3.Launcher}
05-02 11:17:28.138 I/WindowManager( 1129): Win Window{9f1d5ed u0 com.android.testred/com.android.testred.TestActivity}: affectsSystemUi=true
05-02 11:17:28.138 I/WindowManager( 1129): Win Window{695da45 u0 com.android.systemui.ImageWallpaper}: affectsSystemUi=true
05-02 11:17:28.138 I/WindowManager( 1129): force=false forcefkg=false top=Window{9958bf8 u0 com.android.launcher3/com.android.launcher3.Launcher}
05-02 11:17:28.138 D/WindowManager( 1129): frame: Rect(0, 0 - 480, 854)
......
05-02 11:17:28.143 V/WindowStateAnimator( 1129): computeShownFrameLocked: WindowStateAnimator{222e3e9 com.android.testred/com.android.testred.TestActivity} not attached, mAlpha=1.0
05-02 11:17:28.143 D/View    ( 1408):                               mMeasureWidth=105 mMeasureHeight=72
05-02 11:17:28.143 D/WindowStateAnimator( 1129): Updating crop win=Window{9f1d5ed u0 com.android.testred/com.android.testred.TestActivity} mLastCrop=Rect(0, 36 - 160, 782)
05-02 11:17:28.143 D/View    ( 1408):                               LinearLayout.LayoutParams={width=105, height=match-parent weight=0.0}
05-02 11:17:28.143 D/WindowStateAnimator( 1129): Applying decor to crop win=Window{9f1d5ed u0 com.android.testred/com.android.testred.TestActivity} mDecorFrame=Rect(0, 36 - 480, 782) mSystemDecorRect=Rect(0, 36 - 160, 782)
05-02 11:17:28.143 D/View    ( 1408):                               flags={TAKES_FOCUS}
05-02 11:17:28.143 D/View    ( 1408):                               privateFlags={HAS_BOUNDS DRAWN}
05-02 11:17:28.143 D/WindowStateAnimator( 1129): win=Window{9f1d5ed u0 com.android.testred/com.android.testred.TestActivity} Initial clip rect: Rect(0, 36 - 160, 782) fullscreen=true
05-02 11:17:28.143 D/View    ( 1408):                           }
05-02 11:17:28.143 D/View    ( 1408):                       }
05-02 11:17:28.143 D/WindowStateAnimator( 1129): win=Window{9f1d5ed u0 com.android.testred/com.android.testred.TestActivity} Clip rect after stack adjustment=Rect(0, 36 - 160, 782)
05-02 11:17:28.143 D/View    ( 1408):                   }
05-02 11:17:28.143 D/WindowStateAnimator( 1129): applyCrop: win=Window{9f1d5ed u0 com.android.testred/com.android.testred.TestActivity} clipRect=Rect(0, 36 - 160, 782)
05-02 11:17:28.143 V/WindowStateAnimator( 1129): prepareSurface: No changes in animation for WindowStateAnimator{222e3e9 com.android.testred/com.android.testred.TestActivity}
05-02 11:17:28.143 D/View    ( 1408):               + android.widget.FrameLayout{deeac1 G.ED..... ......I. 0,0-0,0 #7f0a02b8 app:id/rot90} (id=2131362488)
......
05-02 11:17:28.148 I/WindowManager( 1129): enableScreenIfNeededLocked: mDisplayEnabled=true mForceDisplayEnabled=false mShowingBootMessages=false mSystemBooted=true
05-02 11:17:28.148 I/WindowManager( 1129): java.lang.RuntimeException: here
05-02 11:17:28.148 I/WindowManager( 1129): 	at com.android.server.wm.WindowManagerService.enableScreenIfNeededLocked(WindowManagerService.java:3417)
05-02 11:17:28.148 I/WindowManager( 1129): 	at com.android.server.wm.RootWindowContainer.performSurfacePlacement(RootWindowContainer.java:818)
05-02 11:17:28.148 I/WindowManager( 1129): 	at com.android.server.wm.WindowSurfacePlacer.performSurfacePlacementLoop(WindowSurfacePlacer.java:207)
05-02 11:17:28.148 I/WindowManager( 1129): 	at com.android.server.wm.WindowSurfacePlacer.performSurfacePlacement(WindowSurfacePlacer.java:155)
05-02 11:17:28.148 I/WindowManager( 1129): 	at com.android.server.wm.WindowSurfacePlacer.performSurfacePlacement(WindowSurfacePlacer.java:145)
05-02 11:17:28.148 I/WindowManager( 1129): 	at com.android.server.wm.WindowSurfacePlacer.continueLayout(WindowSurfacePlacer.java:136)
05-02 11:17:28.148 I/WindowManager( 1129): 	at com.android.server.wm.WindowManagerService.continueSurfaceLayout(WindowManagerService.java:2888)
05-02 11:17:28.148 I/WindowManager( 1129): 	at com.android.server.am.ActivityStack.finishActivityLocked(ActivityStack.java:3853)
05-02 11:17:28.148 I/WindowManager( 1129): 	at com.android.server.am.ActivityStack.finishActivityLocked(ActivityStack.java:3754)
05-02 11:17:28.148 I/WindowManager( 1129): 	at com.android.server.am.ActivityStack.requestFinishActivityLocked(ActivityStack.java:3594)
05-02 11:17:28.148 I/WindowManager( 1129): 	at com.android.server.am.ActivityManagerService.finishActivity(ActivityManagerService.java:5805)
05-02 11:17:28.148 I/WindowManager( 1129): 	at android.app.IActivityManager$Stub.onTransact(IActivityManager.java:147)
05-02 11:17:28.148 I/WindowManager( 1129): 	at com.android.server.am.ActivityManagerService.onTransact(ActivityManagerService.java:3340)
05-02 11:17:28.148 I/WindowManager( 1129): 	at android.os.Binder.execTransact(Binder.java:731)
05-02 11:17:28.148 V/ViewRootImpl[NavigationBar]( 1408): Draw com.android.systemui.statusbar.phone.NavigationBarFrame{198407d V.ED..... .......D 0,0-480,72 #7f0a022d app:id/navigation_bar_frame}/NavigationBar: dirty={0,0,480,72} surface=Surface(name=null)/@0xb3fd831 surface.isValid()=true, appScale:1.0, width=480, height=72
05-02 11:17:28.148 E/RootWindowContainer( 1129): performSurfacePlacementInner exit: animating=false
05-02 11:17:28.149 V/Surface ( 1408): Surface::query
05-02 11:17:28.149 I/chatty  ( 1408): uid=10015(com.android.systemui) RenderThread identical 4 lines
05-02 11:17:28.149 V/Surface ( 1408): Surface::query
05-02 11:17:28.149 V/Surface ( 1408): Surface::dequeueBuffer
05-02 11:17:28.149 V/BufferQueueProducer( 1003): [NavigationBar#0] dequeueBuffer: w=480 h=72 format=0x1, usage=0x10000900
05-02 11:17:28.149 V/BufferQueueProducer( 1003): [NavigationBar#0] dequeueBuffer: setting buffer age to 3
05-02 11:17:28.149 V/BufferQueueProducer( 1003): [NavigationBar#0] dequeueBuffer: returning slot=2/80 buf=0x7026a27600 flags=0
05-02 11:17:28.149 V/Surface ( 1408): Surface::query
05-02 11:17:28.149 I/chatty  ( 1408): uid=10015(com.android.systemui) RenderThread identical 1 line
05-02 11:17:28.149 V/Surface ( 1408): Surface::query
05-02 11:17:28.150 D/msm8974_platform( 1004): platform_set_channel_map mixer_ctl_name:Playback Channel Map15
05-02 11:17:28.150 D/msm8974_platform( 1004): platform_set_channel_map: set mapping(1 2 0 0 0 0 0 0) for channel:2
05-02 11:17:28.151 D/audio_hw_primary( 1004): start_output_stream: exit
05-02 11:17:28.152 V/WindowManager( 1129): handleMessage: exit
05-02 11:17:28.151 V/Surface ( 1408): Surface::setSurfaceDamage
05-02 11:17:28.153 V/Surface ( 1408): Surface::queueBuffer
05-02 11:17:28.153 V/Surface ( 1408): Surface::queueBuffer making up timestamp: 2793940.49 ms
05-02 11:17:28.153 V/BufferQueueProducer( 1003): [NavigationBar#0] queueBuffer: slot=2/83 time=2793940492370 dataSpace=0 validHdrMetadataTypes=0x0 crop=[0,0,0,0] transform=0 scale=FREEZE
05-02 11:17:28.153 V/ConsumerBase( 1003): [NavigationBar#0] onFrameAvailable
05-02 11:17:28.153 V/ConsumerBase( 1003): [NavigationBar#0] actually calling onFrameAvailable
05-02 11:17:28.154 V/BufferQueueProducer( 1003): [NavigationBar#0] addAndGetFrameTimestamps
05-02 11:17:28.154 V/Surface ( 1408): Surface::query
05-02 11:17:28.154 V/ViewRootImpl[TestActivity]( 2961): Done with ViewPostImeInputStage. QueuedInputEvent{flags=FINISHED|FINISHED_HANDLED, hasNextQueuedEvent=true, hasInputEventReceiver=true, mEvent=KeyEvent { action=ACTION_UP, keyCode=KEYCODE_BACK, scanCode=0, metaState=0, flags=0x248, repeatCount=0, eventTime=2793909, downTime=2793822, deviceId=-1, source=0x101 }}
05-02 11:17:28.154 V/Surface ( 1408): Surface::query
05-02 11:17:28.154 V/ViewRootImpl[TestActivity]( 2961): Done with SyntheticInputStage. QueuedInputEvent{flags=FINISHED|FINISHED_HANDLED, hasNextQueuedEvent=true, hasInputEventReceiver=true, mEvent=KeyEvent { action=ACTION_UP, keyCode=KEYCODE_BACK, scanCode=0, metaState=0, flags=0x248, repeatCount=0, eventTime=2793909, downTime=2793822, deviceId=-1, source=0x101 }}
05-02 11:17:28.154 V/ActivityThread( 2961): >>> handling: EXECUTE_TRANSACTION
05-02 11:17:28.155 I/GLThread( 2961): onPause tid=203
05-02 11:17:28.155 I/Main thread( 2961): onPause waiting for mPaused.
05-02 11:17:28.155 I/GLThread( 2961): mPaused is now true tid=203
05-02 11:17:28.155 I/GLThread( 2961): releasing EGL surface because paused tid=203
05-02 11:17:28.155 W/EglHelper( 2961): destroySurface()  tid=203
05-02 11:17:28.156 V/Surface ( 2961): Surface::setBuffersFormat
05-02 11:17:28.156 V/Surface ( 2961): Surface::disconnect
05-02 11:17:28.156 V/BufferQueueProducer( 1003): [SurfaceView - com.android.testred/com.android.testred.TestActivity#0] disconnect: api 1
05-02 11:17:28.156 V/BufferQueueCore( 1003): [SurfaceView - com.android.testred/com.android.testred.TestActivity#0] clearBufferSlotLocked: slot 2
05-02 11:17:28.156 V/BufferQueueCore( 1003): [SurfaceView - com.android.testred/com.android.testred.TestActivity#0] clearBufferSlotLocked: slot 0
05-02 11:17:28.156 V/BufferQueueCore( 1003): [SurfaceView - com.android.testred/com.android.testred.TestActivity#0] clearBufferSlotLocked: slot 1
05-02 11:17:28.156 V/ConsumerBase( 1003): [SurfaceView - com.android.testred/com.android.testred.TestActivity#0] onBuffersReleased
05-02 11:17:28.157 V/BufferQueueConsumer( 1003): [SurfaceView - com.android.testred/com.android.testred.TestActivity#0] getReleasedBuffers: returning mask 0xffffffffffffffff
