05-02 11:08:54.372 V/WindowState( 1129): performShow on Window{9f1d5ed u0 com.android.testred/com.android.testred.TestActivity}: mDrawState=READY_TO_SHOW readyForDisplay=true starting=false during animation: policyVis=true parentHidden=false tok.hiddenRequested=false tok.hidden=false animationSet=true tok animating=true Callers=com.android.server.wm.WindowState.performShowLocked:3818 com.android.server.wm.AppWindowToken.lambda$showAllWindowsLocked$2:1918 com.android.server.wm.-$$Lambda$AppWindowToken$jSO6pNpAHzC89v5XTI_Oj39kDGg.accept:2 com.android.server.wm.WindowContainer$ForAllWindowsConsumerWrapper.apply:1053 
05-02 11:08:54.372 V/AppWindowToken( 1129): Update reported visibility: AppWindowToken{322f94b token=Token{54eda1a ActivityRecord{8be2d09 u0 com.android.testred/.TestActivity t23}}}
05-02 11:08:54.372 V/WindowState( 1129): Win Window{9f1d5ed u0 com.android.testred/com.android.testred.TestActivity}: isDrawn=true, isAnimationSet=true
05-02 11:08:54.372 V/AppWindowToken( 1129): VIS AppWindowToken{322f94b token=Token{54eda1a ActivityRecord{8be2d09 u0 com.android.testred/.TestActivity t23}}}: interesting=1 visible=0
05-02 11:08:54.372 V/WindowState( 1129): Showing Window{9f1d5ed u0 com.android.testred/com.android.testred.TestActivity}: mDrawState=READY_TO_SHOW readyForDisplay=true starting=false during animation: policyVis=true parentHidden=false tok.hiddenRequested=false tok.hidden=false animationSet=true tok animating=true Callers=com.android.server.wm.WindowState.performShowLocked:3830 com.android.server.wm.AppWindowToken.lambda$showAllWindowsLocked$2:1918 com.android.server.wm.-$$Lambda$AppWindowToken$jSO6pNpAHzC89v5XTI_Oj39kDGg.accept:2 com.android.server.wm.WindowContainer$ForAllWindowsConsumerWrapper.apply:1053 
05-02 11:08:54.373 I/WindowManager( 1129): enableScreenIfNeededLocked: mDisplayEnabled=true mForceDisplayEnabled=false mShowingBootMessages=false mSystemBooted=true
05-02 11:08:54.373 I/WindowManager( 1129): java.lang.RuntimeException: here
05-02 11:08:54.373 I/WindowManager( 1129): 	at com.android.server.wm.WindowManagerService.enableScreenIfNeededLocked(WindowManagerService.java:3417)
05-02 11:08:54.373 I/WindowManager( 1129): 	at com.android.server.wm.WindowState.performShowLocked(WindowState.java:3832)
05-02 11:08:54.373 I/WindowManager( 1129): 	at com.android.server.wm.AppWindowToken.lambda$showAllWindowsLocked$2(AppWindowToken.java:1918)
05-02 11:08:54.373 I/WindowManager( 1129): 	at com.android.server.wm.-$$Lambda$AppWindowToken$jSO6pNpAHzC89v5XTI_Oj39kDGg.accept(Unknown Source:2)
05-02 11:08:54.373 I/WindowManager( 1129): 	at com.android.server.wm.WindowContainer$ForAllWindowsConsumerWrapper.apply(WindowContainer.java:1053)
05-02 11:08:54.373 I/WindowManager( 1129): 	at com.android.server.wm.WindowContainer$ForAllWindowsConsumerWrapper.apply(WindowContainer.java:1043)
05-02 11:08:54.373 I/WindowManager( 1129): 	at com.android.server.wm.WindowState.applyInOrderWithImeWindows(WindowState.java:4049)
05-02 11:08:54.373 I/WindowManager( 1129): 	at com.android.server.wm.WindowState.forAllWindows(WindowState.java:3944)
05-02 11:08:54.373 I/WindowManager( 1129): 	at com.android.server.wm.WindowContainer.forAllWindows(WindowContainer.java:776)
05-02 11:08:54.373 I/WindowManager( 1129): 	at com.android.server.wm.AppWindowToken.forAllWindowsUnchecked(AppWindowToken.java:1556)
05-02 11:08:54.373 I/WindowManager( 1129): 	at com.android.server.wm.AppWindowToken.forAllWindows(AppWindowToken.java:1551)
05-02 11:08:54.373 I/WindowManager( 1129): 	at com.android.server.wm.WindowContainer.forAllWindows(WindowContainer.java:786)
05-02 11:08:54.373 I/WindowManager( 1129): 	at com.android.server.wm.AppWindowToken.showAllWindowsLocked(AppWindowToken.java:1916)
05-02 11:08:54.373 I/WindowManager( 1129): 	at com.android.server.wm.WindowSurfacePlacer.handleOpeningApps(WindowSurfacePlacer.java:476)
05-02 11:08:54.373 I/WindowManager( 1129): 	at com.android.server.wm.WindowSurfacePlacer.handleAppTransitionReadyLocked(WindowSurfacePlacer.java:321)
05-02 11:08:54.373 I/WindowManager( 1129): 	at com.android.server.wm.RootWindowContainer.performSurfacePlacement(RootWindowContainer.java:615)
05-02 11:08:54.373 I/WindowManager( 1129): 	at com.android.server.wm.WindowSurfacePlacer.performSurfacePlacementLoop(WindowSurfacePlacer.java:207)
05-02 11:08:54.373 I/WindowManager( 1129): 	at com.android.server.wm.WindowSurfacePlacer.performSurfacePlacement(WindowSurfacePlacer.java:155)
05-02 11:08:54.373 I/WindowManager( 1129): 	at com.android.server.wm.WindowSurfacePlacer.performSurfacePlacement(WindowSurfacePlacer.java:145)
05-02 11:08:54.373 I/WindowManager( 1129): 	at com.android.server.wm.WindowSurfacePlacer.lambda$new$0(WindowSurfacePlacer.java:118)
05-02 11:08:54.373 I/WindowManager( 1129): 	at com.android.server.wm.-$$Lambda$WindowSurfacePlacer$4Hbamt-LFcbu8AoZBoOZN_LveKQ.run(Unknown Source:2)
05-02 11:08:54.373 I/WindowManager( 1129): 	at android.os.Handler.handleCallback(Handler.java:873)
05-02 11:08:54.373 I/WindowManager( 1129): 	at android.os.Handler.dispatchMessage(Handler.java:99)
05-02 11:08:54.373 I/WindowManager( 1129): 	at android.os.Looper.loop(Looper.java:193)
05-02 11:08:54.373 I/WindowManager( 1129): 	at android.os.HandlerThread.run(HandlerThread.java:65)
05-02 11:08:54.373 I/WindowManager( 1129): 	at com.android.server.ServiceThread.run(ServiceThread.java:44)
05-02 11:08:54.373 V/AppTransition( 1129): Loading animations: layout params pkg=com.android.testred resId=0x1030000
05-02 11:08:54.373 V/AppTransition( 1129): Loading animations: picked package=android
05-02 11:08:54.373 V/WindowStateAnimator( 1129): applyAnimation: win=WindowStateAnimator{222e3e9 com.android.testred/com.android.testred.TestActivity} anim=0 attr=0x0 a=null transit=1 isEntrance=true Callers com.android.server.wm.WindowStateAnimator.applyEnterAnimationLocked:1326 com.android.server.wm.WindowState.performShowLocked:3833 com.android.server.wm.AppWindowToken.lambda$showAllWindowsLocked$2:1918 
05-02 11:08:54.374 V/WindowState( 1129): performShowLocked: mDrawState=HAS_DRAWN in Window{9f1d5ed u0 com.android.testred/com.android.testred.TestActivity}
05-02 11:08:54.374 I/WindowSurfacePlacer( 1129): <<< CLOSE TRANSACTION handleAppTransitionReadyLocked()
05-02 11:08:54.374 D/RemoteAnimationController( 1129): goodToGo()
05-02 11:08:54.374 D/RemoteAnimationController( 1129): createAnimations()
05-02 11:08:54.374 D/RemoteAnimationController( 1129): 	Add token=AppWindowToken{322f94b token=Token{54eda1a ActivityRecord{8be2d09 u0 com.android.testred/.TestActivity t23}}}
05-02 11:08:54.374 W/WindowManager( 1129): setLayoutNeeded: callers=com.android.server.wm.WindowSurfacePlacer.handleAppTransitionReadyLocked:344 com.android.server.wm.RootWindowContainer.performSurfacePlacement:615 com.android.server.wm.WindowSurfacePlacer.performSurfacePlacementLoop:207 
05-02 11:08:54.374 W/WindowManager( 1129): Moving IM target from null to null since mInputMethodWindow is null
05-02 11:08:54.374 V/WindowManager( 1129): Looking for focus: Window{a8feb48 u0 NavigationBar}, flags=562298984, canReceive=false
05-02 11:08:54.374 V/WindowManager( 1129): Looking for focus: Window{ccca422 u0 StatusBar}, flags=-2122055608, canReceive=false
05-02 11:08:54.374 V/WindowManager( 1129): Looking for focus: Window{95ed7ce u0 AssistPreviewPanel}, flags=16777496, canReceive=false
05-02 11:08:54.374 V/WindowManager( 1129): Looking for focus: Window{cd1acce u0 DockedStackDivider}, flags=562298920, canReceive=false
05-02 11:08:54.375 V/WindowManager( 1129): Looking for focus: Window{9f1d5ed u0 com.android.testred/com.android.testred.TestActivity}, flags=25231616, canReceive=true
05-02 11:08:54.375 V/WindowManager( 1129): findFocusedWindow: Found new focus @ Window{9f1d5ed u0 com.android.testred/com.android.testred.TestActivity}
05-02 11:08:54.375 W/WindowManager( 1129): setLayoutNeeded: callers=com.android.server.wm.RootWindowContainer.performSurfacePlacement:722 com.android.server.wm.WindowSurfacePlacer.performSurfacePlacementLoop:207 com.android.server.wm.WindowSurfacePlacer.performSurfacePlacement:155 
05-02 11:08:54.375 D/WindowManager( 1129): addInputWindowHandle: Window{a8feb48 u0 NavigationBar}, Window{a8feb48 u0 NavigationBar}, layer=0, frame=[0,782,480,854], touchableRegion=SkRegion((0,782,480,854)), visible=true
05-02 11:08:54.375 D/WindowManager( 1129): addInputWindowHandle: Window{ccca422 u0 StatusBar}, Window{ccca422 u0 StatusBar}, layer=0, frame=[0,0,480,36], touchableRegion=SkRegion((0,0,480,36)), visible=true
05-02 11:08:54.375 D/WindowManager( 1129): addInputWindowHandle: Window{95ed7ce u0 AssistPreviewPanel}, Window{95ed7ce u0 AssistPreviewPanel}, layer=0, frame=[0,854,480,854], touchableRegion=SkRegion(), visible=false
05-02 11:08:54.375 D/WindowManager( 1129): addInputWindowHandle: Window{cd1acce u0 DockedStackDivider}, Window{cd1acce u0 DockedStackDivider}, layer=0, frame=[0,0,0,0], touchableRegion=SkRegion((-72,0,72,72)), visible=false
05-02 11:08:54.375 D/WindowManager( 1129): addInputWindowHandle: Window{9f1d5ed u0 com.android.testred/com.android.testred





.......







05-02 11:17:00.968 V/ViewRootImpl[StatusBar]( 1408): 0x4c57d6b	Frame time:	149
05-02 11:17:00.968 V/ViewRootImpl[StatusBar]( 1408): Draw com.android.systemui.statusbar.phone.StatusBarWindowView{a160d19 V.ED..... .......D 0,0-480,36}/StatusBar: dirty={0,0,480,36} surface=Surface(name=null)/@0x6bc2fe5 surface.isValid()=true, appScale:1.0, width=480, height=36
05-02 11:17:00.968 V/Surface ( 1408): Surface::query
05-02 11:17:00.968 I/chatty  ( 1408): uid=10015(com.android.systemui) RenderThread identical 4 lines
05-02 11:17:00.968 V/Surface ( 1408): Surface::query
05-02 11:17:00.968 V/BufferQueueProducer( 1003): [StatusBar#0] dequeueBuffer: w=480 h=36 format=0x1, usage=0x10000900
05-02 11:17:00.968 V/BufferQueueProducer( 1003): [StatusBar#0] dequeueBuffer: setting buffer age to 2
05-02 11:17:00.968 V/BufferQueueProducer( 1003): [StatusBar#0] dequeueBuffer: returning slot=1/188 buf=0x7026a27900 flags=0
05-02 11:17:00.969 V/Surface ( 1408): Surface::query
05-02 11:17:00.969 I/chatty  ( 1408): uid=10015(com.android.systemui) RenderThread identical 1 line
05-02 11:17:00.969 V/Surface ( 1408): Surface::query
05-02 11:17:00.971 V/Surface ( 1408): Surface::setSurfaceDamage
05-02 11:17:00.971 V/Surface ( 1408): Surface::queueBuffer
05-02 11:17:00.972 V/Surface ( 1408): Surface::queueBuffer making up timestamp: 2766758.81 ms
05-02 11:17:00.972 V/BufferQueueProducer( 1003): [StatusBar#0] queueBuffer: slot=1/190 time=2766758806963 dataSpace=0 validHdrMetadataTypes=0x0 crop=[0,0,0,0] transform=0 scale=FREEZE
05-02 11:17:00.972 V/ConsumerBase( 1003): [StatusBar#0] onFrameAvailable
05-02 11:17:00.972 V/ConsumerBase( 1003): [StatusBar#0] actually calling onFrameAvailable
05-02 11:17:00.972 V/BufferQueueProducer( 1003): [StatusBar#0] addAndGetFrameTimestamps
05-02 11:17:00.972 V/DispSyncThread( 1003): [PrimaryDispSync] gatherCallbackInvocationsLocked @ 2766759370
05-02 11:17:00.972 V/DispSyncThread( 1003): [PrimaryDispSync] [sf] computeListenerNextEventTimeLocked(2766742663)
05-02 11:17:00.972 V/Surface ( 1408): Surface::query
05-02 11:17:00.972 V/DispSyncThread( 1003): [PrimaryDispSync] lastEventTime: 2766750887
05-02 11:17:00.972 V/Surface ( 1408): Surface::query
05-02 11:17:00.972 V/DispSyncThread( 1003): [PrimaryDispSync] Clamping baseTime to lastEventTime -> 2766750887
05-02 11:17:00.972 V/DispSyncThread( 1003): [PrimaryDispSync] Relative baseTime = 907766
05-02 11:17:00.972 V/DispSyncThread( 1003): [PrimaryDispSync] Phase = 999
05-02 11:17:00.972 V/DispSyncThread( 1003): [PrimaryDispSync] baseTime - phase = 906767
05-02 11:17:00.972 V/DispSyncThread( 1003): [PrimaryDispSync] numPeriods = 54
05-02 11:17:00.972 V/DispSyncThread( 1003): [PrimaryDispSync] t = 919896
05-02 11:17:00.972 V/DispSyncThread( 1003): [PrimaryDispSync] Absolute t = 2766763017
05-02 11:17:00.972 V/DispSyncThread( 1003): [PrimaryDispSync] Corrected for wakeup latency -> 2766761951
05-02 11:17:00.972 V/DispSyncThread( 1003): [PrimaryDispSync] Frame 4654
05-02 11:17:00.972 V/DispSyncThread( 1003): [PrimaryDispSync] computeNextEventTimeLocked
05-02 11:17:00.972 V/DispSyncThread( 1003): [PrimaryDispSync] [sf] computeListenerNextEventTimeLocked(2766759370)
05-02 11:17:00.972 V/DispSyncThread( 1003): [PrimaryDispSync] lastEventTime: 2766750887
05-02 11:17:00.972 V/DispSyncThread( 1003): [PrimaryDispSync] Relative baseTime = 916250
05-02 11:17:00.972 V/DispSyncThread( 1003): [PrimaryDispSync] Phase = 999
05-02 11:17:00.972 V/DispSyncThread( 1003): [PrimaryDispSync] baseTime - phase = 915250
05-02 11:17:00.972 V/DispSyncThread( 1003): [PrimaryDispSync] numPeriods = 54
05-02 11:17:00.972 V/DispSyncThread( 1003): [PrimaryDispSync] t = 919896
05-02 11:17:00.973 V/DispSyncThread( 1003): [PrimaryDispSync] Absolute t = 2766763017
05-02 11:17:00.973 V/DispSyncThread( 1003): [PrimaryDispSync] Corrected for wakeup latency -> 2766761951
05-02 11:17:00.973 V/DispSyncThread( 1003): [PrimaryDispSync] nextEventTime = 2766761951
05-02 11:17:00.973 V/DispSyncThread( 1003): [PrimaryDispSync] Waiting until 2766761951
05-02 11:17:00.975 V/DispSyncThread( 1003): [PrimaryDispSync] gatherCallbackInvocationsLocked @ 2766762626
05-02 11:17:00.975 V/DispSyncThread( 1003): [PrimaryDispSync] [sf] computeListenerNextEventTimeLocked(2766745919)
05-02 11:17:00.975 V/DispSyncThread( 1003): [PrimaryDispSync] lastEventTime: 2766750881
05-02 11:17:00.975 V/DispSyncThread( 1003): [PrimaryDispSync] Clamping baseTime to lastEventTime -> 2766750881
05-02 11:17:00.975 V/DispSyncThread( 1003): [PrimaryDispSync] Relative baseTime = 907760
05-02 11:17:00.975 V/DispSyncThread( 1003): [PrimaryDispSync] Phase = 999
05-02 11:17:00.975 V/DispSyncThread( 1003): [PrimaryDispSync] baseTime - phase = 906761
05-02 11:17:00.975 V/DispSyncThread( 1003): [PrimaryDispSync] numPeriods = 54
05-02 11:17:00.976 V/DispSyncThread( 1003): [PrimaryDispSync] t = 919896
05-02 11:17:00.976 V/DispSyncThread( 1003): [PrimaryDispSync] Absolute t = 2766763017
05-02 11:17:00.976 V/DispSyncThread( 1003): [PrimaryDispSync] Corrected for wakeup latency -> 2766761957
05-02 11:17:00.976 V/DispSyncThread( 1003): [PrimaryDispSync] [sf] Preparing to fire
05-02 11:17:00.976 V/DispSyncThread( 1003): [PrimaryDispSync] Frame 4655
05-02 11:17:00.976 V/DispSyncThread( 1003): [PrimaryDispSync] computeNextEventTimeLocked
05-02 11:17:00.976 V/DispSyncThread( 1003): [PrimaryDispSync] [sf] computeListenerNextEventTimeLocked(2766762626)
05-02 11:17:00.976 V/DispSyncThread( 1003): [PrimaryDispSync] lastEventTime: 2766763017
05-02 11:17:00.976 V/DispSyncThread( 1003): [PrimaryDispSync] Clamping baseTime to lastEventTime -> 2766763017
05-02 11:17:00.976 V/DispSyncThread( 1003): [PrimaryDispSync] Relative baseTime = 919896
05-02 11:17:00.976 V/DispSyncThread( 1003): [PrimaryDispSync] Phase = 999
05-02 11:17:00.976 V/DispSyncThread( 1003): [PrimaryDispSync] baseTime - phase = 918897
05-02 11:17:00.976 V/DispSyncThread( 1003): [PrimaryDispSync] numPeriods = 55
05-02 11:17:00.976 V/DispSyncThread( 1003): [PrimaryDispSync] t = 936603
05-02 11:17:00.976 V/DispSyncThread( 1003): [PrimaryDispSync] Absolute t = 2766779724
05-02 11:17:00.976 V/DispSyncThread( 1003): [PrimaryDispSync] Corrected for wakeup latency -> 2766778664
05-02 11:17:00.976 V/DispSyncThread( 1003): [PrimaryDispSync] nextEventTime = 2766778664
05-02 11:17:00.976 V/SurfaceFlinger( 1003): handlePageFlip
05-02 11:17:00.976 V/DispSyncThread( 1003): [PrimaryDispSync] Waiting until 2766778664
05-02 11:17:00.976 V/BufferQueueProducer( 1003): [StatusBar#0] query: 11? 0
05-02 11:17:00.976 V/BufferLayerConsumer( 1003): [StatusBar#0] updateTexImage
05-02 11:17:00.976 V/BufferQueueConsumer( 1003): [StatusBar#0] acquireBuffer: accept desire=2766758806963 expect=2766778724407 (-19917444) now=2766763253161
05-02 11:17:00.976 V/BufferQueueConsumer( 1003): [StatusBar#0] acquireBuffer: acquiring { slot=1/190 buffer=0x7026a27900 }
05-02 11:17:00.976 V/ConsumerBase( 1003): [StatusBar#0] acquireBufferLocked: -> slot=1/190
05-02 11:17:00.976 V/BufferLayerConsumer( 1003): [StatusBar#0] syncForReleaseLocked
05-02 11:17:00.976 V/ConsumerBase( 1003): [StatusBar#0] addReleaseFenceLocked: slot=0
05-02 11:17:00.976 V/BufferLayerConsumer( 1003): [StatusBar#0] updateAndRelease: (slot=0 buf=0x7024b78b80) -> (slot=1 buf=0x7026a27900)
05-02 11:17:00.976 V/BufferLayerConsumer( 1003): [StatusBar#0] computeCurrentTransformMatrixLocked
05-02 11:17:00.976 V/BufferLayerConsumer( 1003): [StatusBar#0] getFrameNumber
05-02 11:17:00.976 V/BufferLayerConsumer( 1003): [StatusBar#0] getFrameNumber
05-02 11:17:00.976 V/BufferLayerConsumer( 1003): [StatusBar#0] getCurrentDataSpace
05-02 11:17:00.976 V/SurfaceFlinger( 1003): preComposition
05-02 11:17:00.976 V/SurfaceFlinger( 1003): rebuildLayerStacks
05-02 11:17:00.976 V/SurfaceFlinger( 1003): setUpHWComposer
05-02 11:17:00.976 V/BufferLayer( 1003): [com.android.systemui.ImageWallpaper#0] Requesting Device composition
05-02 11:17:00.976 V/Layer   ( 1003): setCompositionType(d, Device, 1)
05-02 11:17:00.976 V/Layer   ( 1003):     actually setting
05-02 11:17:00.976 V/BufferLayer( 1003): setPerFrameData: dataspace = 0
05-02 11:17:00.976 V/BufferLayerConsumer( 1003): [com.android.systemui.ImageWallpaper#0] getCurrentHdrMetadata
05-02 11:17:00.977 V/BufferLayer( 1003): [com.android.launcher3/com.android.launcher3.Launcher#0] Requesting Device composition
05-02 11:17:00.977 V/Layer   ( 1003): setCompositionType(e, Device, 1)
05-02 11:17:00.977 V/Layer   ( 1003):     actually setting
05-02 11:17:00.977 V/BufferLayer( 1003): setPerFrameData: dataspace = 0
05-02 11:17:00.977 V/BufferLayerConsumer( 1003): [com.android.launcher3/com.android.launcher3.Launcher#0] getCurrentHdrMetadata
05-02 11:17:00.977 V/BufferLayer( 1003): [SurfaceView - com.android.testred/com.android.testred.TestActivity#0] Requesting Device composition
05-02 11:17:00.977 V/Layer   ( 1003): setCompositionType(f, Device, 1)
05-02 11:17:00.977 V/Layer   ( 1003):     actually setting
05-02 11:17:00.977 V/BufferLayer( 1003): setPerFrameData: dataspace = 0
05-02 11:17:00.977 V/BufferLayerConsumer( 1003): [SurfaceView - com.android.testred/com.android.testred.TestActivity#0] getCurrentHdrMetadata
05-02 11:17:00.977 V/BufferLayer( 1003): [com.android.testred/com.android.testred.TestActivity#0] Requesting Device composition
05-02 11:17:00.977 V/Layer   ( 1003): setCompositionType(10, Device, 1)
05-02 11:17:00.977 V/Layer   ( 1003):     actually setting
05-02 11:17:00.977 V/BufferLayer( 1003): setPerFrameData: dataspace = 0
05-02 11:17:00.977 V/BufferLayerConsumer( 1003): [com.android.testred/com.android.testred.TestActivity#0] getCurrentHdrMetadata
05-02 11:17:00.977 V/BufferLayer( 1003): [StatusBar#0] Requesting Device composition
05-02 11:17:00.977 V/Layer   ( 1003): setCompositionType(a, Device, 1)
05-02 11:17:00.977 V/Layer   ( 1003):     actually setting
05-02 11:17:00.977 V/BufferLayer( 1003): setPerFrameData: dataspace = 0
05-02 11:17:00.977 V/BufferLayerConsumer( 1003): [StatusBar#0] getCurrentHdrMetadata
05-02 11:17:00.977 V/BufferLayer( 1003): [NavigationBar#0] Requesting Device composition
05-02 11:17:00.977 V/Layer   ( 1003): setCompositionType(b, Device, 1)
05-02 11:17:00.977 V/Layer   ( 1003):     actually setting
05-02 11:17:00.977 V/BufferLayer( 1003): setPerFrameData: dataspace = 0
05-02 11:17:00.977 V/BufferLayerConsumer( 1003): [NavigationBar#0] getCurrentHdrMetadata
05-02 11:17:00.978 V/HWComposer( 1003): SkipValidate failed, Falling back to SLOW validate/present
05-02 11:17:00.978 V/SurfaceFlinger( 1003): doComposition
05-02 11:17:00.978 V/SurfaceFlinger( 1003): doDisplayComposition
05-02 11:17:00.978 V/SurfaceFlinger( 1003): doComposeSurfaces
05-02 11:17:00.978 V/SurfaceFlinger( 1003): Rendering client layers
05-02 11:17:00.978 V/SurfaceFlinger( 1003): Layer: com.android.systemui.ImageWallpaper#0
05-02 11:17:00.978 V/SurfaceFlinger( 1003):   Composition type: Device
05-02 11:17:00.978 V/SurfaceFlinger( 1003): Layer: com.android.launcher3/com.android.launcher3.Launcher#0
05-02 11:17:00.978 V/SurfaceFlinger( 1003):   Composition type: Device
05-02 11:17:00.978 V/SurfaceFlinger( 1003): Layer: SurfaceView - com.android.testred/com.android.testred.TestActivity#0
05-02 11:17:00.978 V/SurfaceFlinger( 1003):   Composition type: Device
05-02 11:17:00.978 V/SurfaceFlinger( 1003): Layer: com.android.testred/com.android.testred.TestActivity#0
05-02 11:17:00.978 V/SurfaceFlinger( 1003):   Composition type: Device
05-02 11:17:00.978 V/SurfaceFlinger( 1003): Layer: StatusBar#0
05-02 11:17:00.978 V/SurfaceFlinger( 1003):   Composition type: Device
05-02 11:17:00.978 V/SurfaceFlinger( 1003): Layer: NavigationBar#0
05-02 11:17:00.978 V/SurfaceFlinger( 1003):   Composition type: Device
05-02 11:17:00.978 V/SurfaceFlinger( 1003): postFramebuffer
05-02 11:17:00.979 V/SurfaceFlinger( 1003): postComposition
05-02 11:17:00.979 V/BufferLayerConsumer( 1003): [StatusBar#0] Releasing pending buffer
05-02 11:17:00.979 V/ConsumerBase( 1003): [StatusBar#0] releaseBufferLocked: slot=0/189
05-02 11:17:00.979 V/BufferQueueConsumer( 1003): [StatusBar#0] releaseBuffer: releasing slot 0
05-02 11:17:00.979 V/BufferLayerConsumer( 1003): [StatusBar#0] getTimestamp
05-02 11:17:00.992 V/DispSyncThread( 1003): [PrimaryDispSync] gatherCallbackInvocationsLocked @ 2766779378
05-02 11:17:00.992 V/DispSyncThread( 1003): [PrimaryDispSync] [sf] computeListenerNextEventTimeLocked(2766762671)
05-02 11:17:00.992 V/DispSyncThread( 1003): [PrimaryDispSync] lastEventTime: 2766763011
05-02 11:17:00.992 V/DispSyncThread( 1003): [PrimaryDispSync] Clamping baseTime to lastEventTime -> 2766763011
05-02 11:17:00.992 V/DispSyncThread( 1003): [PrimaryDispSync] Relative baseTime = 919890
05-02 11:17:00.992 V/DispSyncThread( 1003): [PrimaryDispSync] Phase = 999
05-02 11:17:00.992 V/DispSyncThread( 1003): [PrimaryDispSync] baseTime - phase = 918891
05-02 11:17:00.992 V/DispSyncThread( 1003): [PrimaryDispSync] numPeriods = 54
05-02 11:17:00.992 V/DispSyncThread( 1003): [PrimaryDispSync] t = 919896
05-02 11:17:00.992 V/DispSyncThread( 1003): [PrimaryDispSync] Absolute t = 2766763017
05-02 11:17:00.992 V/DispSyncThread( 1003): [PrimaryDispSync] Modifying t -> 2766779724
05-02 11:17:00.992 V/DispSyncThread( 1003): [PrimaryDispSync] Corrected for wakeup latency -> 2766778669
05-02 11:17:00.992 V/DispSyncThread( 1003): [PrimaryDispSync] [sf] Preparing to fire
05-02 11:17:00.992 V/DispSyncThread( 1003): [PrimaryDispSync] Frame 4656
05-02 11:17:00.992 V/DispSyncThread( 1003): [PrimaryDispSync] computeNextEventTimeLocked
05-02 11:17:00.992 V/DispSyncThread( 1003): [PrimaryDispSync] [sf] computeListenerNextEventTimeLocked(2766779378)
05-02 11:17:00.992 V/DispSyncThread( 1003): [PrimaryDispSync] lastEventTime: 2766779724
05-02 11:17:00.992 V/DispSyncThread( 1003): [PrimaryDispSync] Clamping baseTime to lastEventTime -> 2766779724
05-02 11:17:00.993 V/DispSyncThread( 1003): [PrimaryDispSync] Relative baseTime = 936603
05-02 11:17:00.993 V/DispSyncThread( 1003): [PrimaryDispSync] Phase = 999
05-02 11:17:00.993 V/DispSyncThread( 1003): [PrimaryDispSync] baseTime - phase = 935604
05-02 11:17:00.993 V/DispSyncThread( 1003): [PrimaryDispSync] numPeriods = 56
05-02 11:17:00.993 V/DispSyncThread( 1003): [PrimaryDispSync] t = 953310
05-02 11:17:00.993 V/DispSyncThread( 1003): [PrimaryDispSync] Absolute t = 2766796431
05-02 11:17:00.993 V/DispSyncThread( 1003): [PrimaryDispSync] Corrected for wakeup latency -> 2766795377
05-02 11:17:00.993 V/DispSyncThread( 1003): [PrimaryDispSync] nextEventTime = 2766795377
05-02 11:17:00.993 V/DispSyncThread( 1003): [PrimaryDispSync] Waiting until 2766795377
05-02 11:17:00.993 V/SurfaceFlinger( 1003): handlePageFlip
05-02 11:17:01.009 V/DispSyncThread( 1003): [PrimaryDispSync] gatherCallbackInvocationsLocked @ 2766796117
05-02 11:17:01.009 V/DispSyncThread( 1003): [PrimaryDispSync] [sf] computeListenerNextEventTimeLocked(2766779410)
05-02 11:17:01.009 V/DispSyncThread( 1003): [PrimaryDispSync] lastEventTime: 2766779719
05-02 11:17:01.009 V/DispSyncThread( 1003): [PrimaryDispSync] Clamping baseTime to lastEventTime -> 2766779719
05-02 11:17:01.009 V/DispSyncThread( 1003): [PrimaryDispSync] Relative baseTime = 936598
05-02 11:17:01.009 V/DispSyncThread( 1003): [PrimaryDispSync] Phase = 999
05-02 11:17:01.009 V/DispSyncThread( 1003): [PrimaryDispSync] baseTime - phase = 935599
05-02 11:17:01.009 V/DispSyncThread( 1003): [PrimaryDispSync] numPeriods = 55
05-02 11:17:01.009 V/DispSyncThread( 1003): [PrimaryDispSync] t = 936603
05-02 11:17:01.009 V/DispSyncThread( 1003): [PrimaryDispSync] Absolute t = 2766779724
05-02 11:17:01.009 V/DispSyncThread( 1003): [PrimaryDispSync] Modifying t -> 2766796431
05-02 11:17:01.009 V/DispSyncThread( 1003): [PrimaryDispSync] Corrected for wakeup latency -> 2766795382
05-02 11:17:01.009 V/DispSyncThread( 1003): [PrimaryDispSync] [sf] Preparing to fire
05-02 11:17:01.009 V/DispSyncThread( 1003): [PrimaryDispSync] Frame 4657
05-02 11:17:01.009 V/DispSyncThread( 1003): [PrimaryDispSync] computeNextEventTimeLocked
05-02 11:17:01.009 V/DispSyncThread( 1003): [PrimaryDispSync] [sf] computeListenerNextEventTimeLocked(2766796117)
05-02 11:17:01.009 V/DispSyncThread( 1003): [PrimaryDispSync] lastEventTime: 2766796431
05-02 11:17:01.009 V/DispSyncThread( 1003): [PrimaryDispSync] Clamping baseTime to lastEventTime -> 2766796431
05-02 11:17:01.009 V/DispSyncThread( 1003): [PrimaryDispSync] Relative baseTime = 953310
05-02 11:17:01.009 V/DispSyncThread( 1003): [PrimaryDispSync] Phase = 999
05-02 11:17:01.009 V/DispSyncThread( 1003): [PrimaryDispSync] baseTime - phase = 952311
05-02 11:17:01.009 V/DispSyncThread( 1003): [PrimaryDispSync] numPeriods = 57
05-02 11:17:01.009 V/DispSyncThread( 1003): [PrimaryDispSync] t = 970017
05-02 11:17:01.010 V/DispSyncThread( 1003): [PrimaryDispSync] Absolute t = 2766813138
05-02 11:17:01.010 V/DispSyncThread( 1003): [PrimaryDispSync] Corrected for wakeup latency -> 2766812089
05-02 11:17:01.010 V/DispSyncThread( 1003): [PrimaryDispSync] nextEventTime = 2766812089
05-02 11:17:01.010 V/DispSyncThread( 1003): [PrimaryDispSync] Waiting until 2766812089
05-02 11:17:01.010 V/DispSyncThread( 1003): [PrimaryDispSync] gatherCallbackInvocationsLocked @ 2766796983
05-02 11:17:01.010 V/DispSyncThread( 1003): [PrimaryDispSync] Frame 4658
05-02 11:17:01.010 V/DispSyncThread( 1003): [PrimaryDispSync] computeNextEventTimeLocked
05-02 11:17:01.010 V/DispSyncThread( 1003): [PrimaryDispSync] nextEventTime = 9223372036854775
05-02 11:17:01.010 V/DispSyncThread( 1003): [PrimaryDispSync] Waiting forever
05-02 11:17:01.044 V/DispSyncThread( 1003): [PrimaryDispSync] gatherCallbackInvocationsLocked @ 2766831379
05-02 11:17:01.044 V/DispSyncThread( 1003): [PrimaryDispSync] [sf] computeListenerNextEventTimeLocked(2766814672)
05-02 11:17:01.044 V/DispSyncThread( 1003): [PrimaryDispSync] lastEventTime: 2766822963
05-02 11:17:01.044 V/DispSyncThread( 1003): [PrimaryDispSync] Clamping baseTime to lastEventTime -> 2766822963
05-02 11:17:01.044 V/DispSyncThread( 1003): [PrimaryDispSync] Relative baseTime = 979842
05-02 11:17:01.044 V/DispSyncThread( 1003): [PrimaryDispSync] Phase = 999
05-02 11:17:01.044 V/DispSyncThread( 1003): [PrimaryDispSync] baseTime - phase = 978843
05-02 11:17:01.044 V/DispSyncThread( 1003): [PrimaryDispSync] numPeriods = 58
05-02 11:17:01.044 V/DispSyncThread( 1003): [PrimaryDispSync] t = 986725
05-02 11:17:01.044 V/DispSyncThread( 1003): [PrimaryDispSync] Absolute t = 2766829846
05-02 11:17:01.044 V/DispSyncThread( 1003): [PrimaryDispSync] Modifying t -> 2766846553
05-02 11:17:01.044 V/DispSyncThread( 1003): [PrimaryDispSync] Corrected for wakeup latency -> 2766845503
05-02 11:17:01.044 V/DispSyncThread( 1003): [PrimaryDispSync] Frame 4659
05-02 11:17:01.044 V/DispSyncThread( 1003): [PrimaryDispSync] computeNextEventTimeLocked
05-02 11:17:01.044 V/DispSyncThread( 1003): [PrimaryDispSync] [sf] computeListenerNextEventTimeLocked(2766831379)
05-02 11:17:01.044 V/DispSyncThread( 1003): [PrimaryDispSync] lastEventTime: 2766822963
05-02 11:17:01.044 V/DispSyncThread( 1003): [PrimaryDispSync] Relative baseTime = 988258
05-02 11:17:01.044 V/DispSyncThread( 1003): [PrimaryDispSync] Phase = 999
05-02 11:17:01.044 V/DispSyncThread( 1003): [PrimaryDispSync] baseTime - phase = 987259
05-02 11:17:01.044 V/DispSyncThread( 1003): [PrimaryDispSync] numPeriods = 59
05-02 11:17:01.044 V/DispSyncThread( 1003): [PrimaryDispSync] t = 1003432
05-02 11:17:01.044 V/DispSyncThread( 1003): [PrimaryDispSync] Absolute t = 2766846553
05-02 11:17:01.044 V/DispSyncThread( 1003): [PrimaryDispSync] Corrected for wakeup latency -> 2766845503
05-02 11:17:01.044 V/DispSyncThread( 1003): [PrimaryDispSync] nextEventTime = 2766845503
05-02 11:17:01.044 V/DispSyncThread( 1003): [PrimaryDispSync] Waiting until 2766845503
05-02 11:17:01.059 V/DispSyncThread( 1003): [PrimaryDispSync] gatherCallbackInvocationsLocked @ 2766846098
05-02 11:17:01.059 V/DispSyncThread( 1003): [PrimaryDispSync] [sf] computeListenerNextEventTimeLocked(2766829390)
05-02 11:17:01.059 V/DispSyncThread( 1003): [PrimaryDispSync] lastEventTime: 2766822956
05-02 11:17:01.059 V/DispSyncThread( 1003): [PrimaryDispSync] Relative baseTime = 986269
05-02 11:17:01.059 V/DispSyncThread( 1003): [PrimaryDispSync] Phase = 999
05-02 11:17:01.059 V/DispSyncThread( 1003): [PrimaryDispSync] baseTime - phase = 985270
05-02 11:17:01.059 V/DispSyncThread( 1003): [PrimaryDispSync] numPeriods = 58
05-02 11:17:01.059 V/DispSyncThread( 1003): [PrimaryDispSync] t = 986725
05-02 11:17:01.059 V/DispSyncThread( 1003): [PrimaryDispSync] Absolute t = 2766829846
05-02 11:17:01.059 V/DispSyncThread( 1003): [PrimaryDispSync] Modifying t -> 2766846553
05-02 11:17:01.059 V/DispSyncThread( 1003): [PrimaryDispSync] Corrected for wakeup latency -> 2766845510
05-02 11:17:01.059 V/DispSyncThread( 1003): [PrimaryDispSync] [sf] Preparing to fire
05-02 11:17:01.059 V/DispSyncThread( 1003): [PrimaryDispSync] Frame 4660
05-02 11:17:01.059 V/DispSyncThread( 1003): [PrimaryDispSync] computeNextEventTimeLocked
05-02 11:17:01.059 V/DispSyncThread( 1003): [PrimaryDispSync] [sf] computeListenerNextEventTimeLocked(2766846098)
05-02 11:17:01.059 V/DispSyncThread( 1003): [PrimaryDispSync] lastEventTime: 2766846553
05-02 11:17:01.059 V/DispSyncThread( 1003): [PrimaryDispSync] Clamping baseTime to lastEventTime -> 2766846553
05-02 11:17:01.059 V/DispSyncThread( 1003): [PrimaryDispSync] Relative baseTime = 1003432
05-02 11:17:01.059 V/DispSyncThread( 1003): [PrimaryDispSync] Phase = 999
05-02 11:17:01.059 V/DispSyncThread( 1003): [PrimaryDispSync] baseTime - phase = 1002433
05-02 11:17:01.059 V/DispSyncThread( 1003): [PrimaryDispSync] numPeriods = 60
05-02 11:17:01.059 V/DispSyncThread( 1003): [PrimaryDispSync] t = 1020139
05-02 11:17:01.059 V/DispSyncThread( 1003): [PrimaryDispSync] Absolute t = 2766863260
05-02 11:17:01.059 V/DispSyncThread( 1003): [PrimaryDispSync] Corrected for wakeup latency -> 2766862218
05-02 11:17:01.059 V/DispSyncThread( 1003): [PrimaryDispSync] nextEventTime = 2766862218
05-02 11:17:01.059 V/DispSyncThread( 1003): [PrimaryDispSync] Waiting until 2766862218
05-02 11:17:01.059 V/SurfaceFlinger( 1003): handlePageFlip
05-02 11:17:01.060 V/SurfaceFlinger( 1003): preComposition
05-02 11:17:01.060 V/SurfaceFlinger( 1003): rebuildLayerStacks
05-02 11:17:01.060 V/SurfaceFlinger( 1003): setUpHWComposer
05-02 11:17:01.060 V/BufferLayer( 1003): [com.android.systemui.ImageWallpaper#0] Requesting Device composition
05-02 11:17:01.060 V/Layer   ( 1003): setCompositionType(d, Device, 1)
05-02 11:17:01.060 V/BufferLayer( 1003): setPerFrameData: dataspace = 0
05-02 11:17:01.060 V/BufferLayerConsumer( 1003): [com.android.systemui.ImageWallpaper#0] getCurrentHdrMetadata
05-02 11:17:01.060 V/BufferLayer( 1003): [com.android.launcher3/com.android.launcher3.Launcher#0] Requesting Device composition
05-02 11:17:01.060 V/Layer   ( 1003): setCompositionType(e, Device, 1)
05-02 11:17:01.060 V/BufferLayer( 1003): setPerFrameData: dataspace = 0
05-02 11:17:01.060 V/BufferLayerConsumer( 1003): [com.android.launcher3/com.android.launcher3.Launcher#0] getCurrentHdrMetadata
05-02 11:17:01.060 V/BufferLayer( 1003): [SurfaceView - com.android.testred/com.android.testred.TestActivity#0] Requesting Device composition
05-02 11:17:01.060 V/Layer   ( 1003): setCompositionType(f, Device, 1)
05-02 11:17:01.060 V/BufferLayer( 1003): setPerFrameData: dataspace = 0
05-02 11:17:01.060 V/BufferLayerConsumer( 1003): [SurfaceView - com.android.testred/com.android.testred.TestActivity#0] getCurrentHdrMetadata
05-02 11:17:01.060 V/BufferLayer( 1003): [com.android.testred/com.android.testred.TestActivity#0] Requesting Device composition
05-02 11:17:01.060 V/Layer   ( 1003): setCompositionType(10, Device, 1)
05-02 11:17:01.060 V/BufferLayer( 1003): setPerFrameData: dataspace = 0
05-02 11:17:01.060 V/BufferLayerConsumer( 1003): [com.android.testred/com.android.testred.TestActivity#0] getCurrentHdrMetadata
05-02 11:17:01.060 V/BufferLayer( 1003): [StatusBar#0] Requesting Device composition
05-02 11:17:01.060 V/Layer   ( 1003): setCompositionType(a, Device, 1)
05-02 11:17:01.060 V/BufferLayer( 1003): setPerFrameData: dataspace = 0
05-02 11:17:01.060 V/BufferLayerConsumer( 1003): [StatusBar#0] getCurrentHdrMetadata
05-02 11:17:01.060 V/BufferLayer( 1003): [NavigationBar#0] Requesting Device composition
05-02 11:17:01.060 V/Layer   ( 1003): setCompositionType(b, Device, 1)
05-02 11:17:01.060 V/BufferLayer( 1003): setPerFrameData: dataspace = 0
05-02 11:17:01.060 V/BufferLayerConsumer( 1003): [NavigationBar#0] getCurrentHdrMetadata
05-02 11:17:01.061 V/HWComposer( 1003): SkipValidate failed, Falling back to SLOW validate/present
05-02 11:17:01.061 V/HWC2    ( 1003): getChangedCompositionTypes: adding 10 Client
05-02 11:17:01.061 V/HWC2    ( 1003): getChangedCompositionTypes: adding 11 Client
05-02 11:17:01.061 V/HWC2    ( 1003): getChangedCompositionTypes: adding 13 Client
05-02 11:17:01.061 V/HWC2    ( 1003): getChangedCompositionTypes: adding 14 Client
05-02 11:17:01.061 V/HWC2    ( 1003): getChangedCompositionTypes: adding 15 Client
05-02 11:17:01.061 V/HWC2    ( 1003): getChangedCompositionTypes: adding 16 Client
05-02 11:17:01.061 V/Layer   ( 1003): setCompositionType(d, Client, 0)
05-02 11:17:01.062 V/Layer   ( 1003):     actually setting
05-02 11:17:01.062 V/Layer   ( 1003): setCompositionType(e, Client, 0)
05-02 11:17:01.062 V/Layer   ( 1003):     actually setting
05-02 11:17:01.062 V/Layer   ( 1003): setCompositionType(f, Client, 0)
05-02 11:17:01.062 V/Layer   ( 1003):     actually setting
05-02 11:17:01.062 V/Layer   ( 1003): setCompositionType(10, Client, 0)
05-02 11:17:01.062 V/Layer   ( 1003):     actually setting
05-02 11:17:01.062 V/Layer   ( 1003): setCompositionType(a, Client, 0)
05-02 11:17:01.062 V/Layer   ( 1003):     actually setting
05-02 11:17:01.062 V/Layer   ( 1003): setCompositionType(b, Client, 0)
05-02 11:17:01.062 V/Layer   ( 1003):     actually setting
05-02 11:17:01.062 V/SurfaceFlinger( 1003): doComposition
05-02 11:17:01.062 V/SurfaceFlinger( 1003): doDisplayComposition
05-02 11:17:01.062 V/SurfaceFlinger( 1003): doComposeSurfaces
05-02 11:17:01.062 V/SurfaceFlinger( 1003): hasClientComposition
05-02 11:17:01.062 V/SurfaceFlinger( 1003): Rendering client layers
05-02 11:17:01.062 V/SurfaceFlinger( 1003): Layer: com.android.systemui.ImageWallpaper#0
05-02 11:17:01.062 V/SurfaceFlinger( 1003):   Composition type: Client
05-02 11:17:01.062 V/Surface ( 1003): Surface::query
05-02 11:17:01.062 I/chatty  ( 1003): uid=1000(system) /system/bin/surfaceflinger identical 2 lines
05-02 11:17:01.062 V/Surface ( 1003): Surface::query
05-02 11:17:01.062 V/Surface ( 1003): Surface::dequeueBuffer
05-02 11:17:01.062 V/BufferQueueProducer( 1003): [FramebufferSurface] dequeueBuffer: w=480 h=854 format=0x1, usage=0x10001a00
05-02 11:17:01.062 V/BufferQueueProducer( 1003): [FramebufferSurface] dequeueBuffer: setting buffer age to 3
05-02 11:17:01.062 V/BufferQueueProducer( 1003): [FramebufferSurface] dequeueBuffer: returning slot=2/229 buf=0x7025377880 flags=0
05-02 11:17:01.063 V/SurfaceFlinger( 1003): Layer: com.android.launcher3/com.android.launcher3.Launcher#0
05-02 11:17:01.063 V/SurfaceFlinger( 1003):   Composition type: Client
05-02 11:17:01.063 V/SurfaceFlinger( 1003): Layer: SurfaceView - com.android.testred/com.android.testred.TestActivity#0
05-02 11:17:01.063 V/SurfaceFlinger( 1003):   Composition type: Client
05-02 11:17:01.063 V/SurfaceFlinger( 1003): Layer: com.android.testred/com.android.testred.TestActivity#0
05-02 11:17:01.063 V/SurfaceFlinger( 1003):   Composition type: Client
05-02 11:17:01.063 V/SurfaceFlinger( 1003): Layer: StatusBar#0
05-02 11:17:01.063 V/SurfaceFlinger( 1003):   Composition type: Client
05-02 11:17:01.064 V/SurfaceFlinger( 1003): Layer: NavigationBar#0
05-02 11:17:01.064 V/SurfaceFlinger( 1003):   Composition type: Client
05-02 11:17:01.064 V/Surface ( 1003): Surface::queueBuffer
05-02 11:17:01.064 V/Surface ( 1003): Surface::queueBuffer making up timestamp: 2766851.43 ms
05-02 11:17:01.064 V/BufferQueueProducer( 1003): [FramebufferSurface] queueBuffer: slot=2/232 time=2766851428109 dataSpace=0 validHdrMetadataTypes=0x0 crop=[0,0,0,0] transform=0 scale=FREEZE
05-02 11:17:01.064 V/ConsumerBase( 1003): [FramebufferSurface] onFrameAvailable
05-02 11:17:01.064 V/BufferQueueProducer( 1003): [FramebufferSurface] addAndGetFrameTimestamps
05-02 11:17:01.064 V/BufferQueueConsumer( 1003): [FramebufferSurface] acquireBuffer: acquiring { slot=2/232 buffer=0x7025377880 }
05-02 11:17:01.064 V/ConsumerBase( 1003): [FramebufferSurface] acquireBufferLocked: -> slot=2/232
05-02 11:17:01.064 V/HWComposer( 1003): setClientTarget for display 0
05-02 11:17:01.064 V/SurfaceFlinger( 1003): postFramebuffer
05-02 11:17:01.066 V/ConsumerBase( 1003): [FramebufferSurface] addReleaseFenceLocked: slot=0
05-02 11:17:01.066 V/ConsumerBase( 1003): [FramebufferSurface] releaseBufferLocked: slot=0/231
05-02 11:17:01.066 V/BufferQueueConsumer( 1003): [FramebufferSurface] releaseBuffer: releasing slot 0
05-02 11:17:01.066 V/ConsumerBase( 1003): [com.android.launcher3/com.android.launcher3.Launcher#0] addReleaseFenceLocked: slot=2
05-02 11:17:01.066 V/ConsumerBase( 1003): [SurfaceView - com.android.testred/com.android.testred.TestActivity#0] addReleaseFenceLocked: slot=1
05-02 11:17:01.066 V/ConsumerBase( 1003): [com.android.testred/com.android.testred.TestActivity#0] addReleaseFenceLocked: slot=1
05-02 11:17:01.066 V/ConsumerBase( 1003): [StatusBar#0] addReleaseFenceLocked: slot=1
05-02 11:17:01.066 V/ConsumerBase( 1003): [NavigationBar#0] addReleaseFenceLocked: slot=0
05-02 11:17:01.066 V/SurfaceFlinger( 1003): postComposition
05-02 11:17:01.076 V/DispSyncThread( 1003): [PrimaryDispSync] gatherCallbackInvocationsLocked @ 2766862898
05-02 11:17:01.076 V/DispSyncThread( 1003): [PrimaryDispSync] [sf] computeListenerNextEventTimeLocked(2766846191)
05-02 11:17:01.076 V/DispSyncThread( 1003): [PrimaryDispSync] lastEventTime: 2766846547
05-02 11:17:01.076 V/DispSyncThread( 1003): [PrimaryDispSync] Clamping baseTime to lastEventTime -> 2766846547
05-02 11:17:01.076 V/DispSyncThread( 1003): [PrimaryDispSync] Relative baseTime = 1003426
05-02 11:17:01.076 V/DispSyncThread( 1003): [PrimaryDispSync] Phase = 999
05-02 11:17:01.076 V/DispSyncThread( 1003): [PrimaryDispSync] baseTime - phase = 1002427
05-02 11:17:01.076 V/DispSyncThread( 1003): [PrimaryDispSync] numPeriods = 59
05-02 11:17:01.076 V/DispSyncThread( 1003): [PrimaryDispSync] t = 1003432
05-02 11:17:01.076 V/DispSyncThread( 1003): [PrimaryDispSync] Absolute t = 2766846553
05-02 11:17:01.076 V/DispSyncThread( 1003): [PrimaryDispSync] Modifying t -> 2766863260
05-02 11:17:01.076 V/DispSyncThread( 1003): [PrimaryDispSync] Corrected for wakeup latency -> 2766862223
05-02 11:17:01.076 V/DispSyncThread( 1003): [PrimaryDispSync] [sf] Preparing to fire
05-02 11:17:01.076 V/DispSyncThread( 1003): [PrimaryDispSync] Frame 4661
05-02 11:17:01.076 V/DispSyncThread( 1003): [PrimaryDispSync] computeNextEventTimeLocked
05-02 11:17:01.076 V/DispSyncThread( 1003): [PrimaryDispSync] [sf] computeListenerNextEventTimeLocked(2766862898)
05-02 11:17:01.076 V/DispSyncThread( 1003): [PrimaryDispSync] lastEventTime: 2766863260
05-02 11:17:01.076 V/DispSyncThread( 1003): [PrimaryDispSync] Clamping baseTime to lastEventTime -> 2766863260
05-02 11:17:01.076 V/DispSyncThread( 1003): [PrimaryDispSync] Relative baseTime = 1020139
05-02 11:17:01.076 V/DispSyncThread( 1003): [PrimaryDispSync] Phase = 999
05-02 11:17:01.076 V/DispSyncThread( 1003): [PrimaryDispSync] baseTime - phase = 1019140
05-02 11:17:01.076 V/DispSyncThread( 1003): [PrimaryDispSync] numPeriods = 61
05-02 11:17:01.076 V/DispSyncThread( 1003): [PrimaryDispSync] t = 1036846
05-02 11:17:01.076 V/DispSyncThread( 1003): [PrimaryDispSync] Absolute t = 2766879967
05-02 11:17:01.076 V/DispSyncThread( 1003): [PrimaryDispSync] Corrected for wakeup latency -> 2766878930
05-02 11:17:01.076 V/DispSyncThread( 1003): [PrimaryDispSync] nextEventTime = 2766878930
05-02 11:17:01.076 V/DispSyncThread( 1003): [PrimaryDispSync] Waiting until 2766878930
05-02 11:17:01.076 V/SurfaceFlinger( 1003): handlePageFlip
05-02 11:17:01.092 V/DispSyncThread( 1003): [PrimaryDispSync] gatherCallbackInvocationsLocked @ 2766879731
05-02 11:17:01.093 V/DispSyncThread( 1003): [PrimaryDispSync] [sf] computeListenerNextEventTimeLocked(2766863024)
05-02 11:17:01.093 V/DispSyncThread( 1003): [PrimaryDispSync] lastEventTime: 2766863256
05-02 11:17:01.093 V/DispSyncThread( 1003): [PrimaryDispSync] Clamping baseTime to lastEventTime -> 2766863256
05-02 11:17:01.093 V/DispSyncThread( 1003): [PrimaryDispSync] Relative baseTime = 1020135
05-02 11:17:01.093 V/DispSyncThread( 1003): [PrimaryDispSync] Phase = 999
05-02 11:17:01.093 V/DispSyncThread( 1003): [PrimaryDispSync] baseTime - phase = 1019136
05-02 11:17:01.093 V/DispSyncThread( 1003): [PrimaryDispSync] numPeriods = 60
05-02 11:17:01.093 V/DispSyncThread( 1003): [PrimaryDispSync] t = 1020139
05-02 11:17:01.093 V/DispSyncThread( 1003): [PrimaryDispSync] Absolute t = 2766863260
05-02 11:17:01.093 V/DispSyncThread( 1003): [PrimaryDispSync] Modifying t -> 2766879967
05-02 11:17:01.093 V/DispSyncThread( 1003): [PrimaryDispSync] Corrected for wakeup latency -> 2766878934
05-02 11:17:01.093 V/DispSyncThread( 1003): [PrimaryDispSync] [sf] Preparing to fire
05-02 11:17:01.093 V/DispSyncThread( 1003): [PrimaryDispSync] Frame 4662
05-02 11:17:01.093 V/DispSyncThread( 1003): [PrimaryDispSync] computeNextEventTimeLocked
05-02 11:17:01.093 V/DispSyncThread( 1003): [PrimaryDispSync] [sf] computeListenerNextEventTimeLocked(2766879731)
05-02 11:17:01.093 V/DispSyncThread( 1003): [PrimaryDispSync] lastEventTime: 2766879967
05-02 11:17:01.093 V/DispSyncThread( 1003): [PrimaryDispSync] Clamping baseTime to lastEventTime -> 2766879967
05-02 11:17:01.093 V/DispSyncThread( 1003): [PrimaryDispSync] Relative baseTime = 1036846
05-02 11:17:01.093 V/DispSyncThread( 1003): [PrimaryDispSync] Phase = 999
05-02 11:17:01.093 V/DispSyncThread( 1003): [PrimaryDispSync] baseTime - phase = 1035847
05-02 11:17:01.093 V/DispSyncThread( 1003): [PrimaryDispSync] numPeriods = 62
05-02 11:17:01.093 V/DispSyncThread( 1003): [PrimaryDispSync] t = 1053554
05-02 11:17:01.093 V/DispSyncThread( 1003): [PrimaryDispSync] Absolute t = 2766896674
05-02 11:17:01.093 V/DispSyncThread( 1003): [PrimaryDispSync] Corrected for wakeup latency -> 2766895641
05-02 11:17:01.093 V/DispSyncThread( 1003): [PrimaryDispSync] nextEventTime = 2766895641
05-02 11:17:01.093 V/DispSyncThread( 1003): [PrimaryDispSync] Waiting until 2766895641
05-02 11:17:01.093 V/DispSyncThread( 1003): [PrimaryDispSync] gatherCallbackInvocationsLocked @ 2766880499
05-02 11:17:01.093 V/DispSyncThread( 1003): [PrimaryDispSync] Frame 4663
05-02 11:17:01.093 V/DispSyncThread( 1003): [PrimaryDispSync] computeNextEventTimeLocked
05-02 11:17:01.093 V/DispSyncThread( 1003): [PrimaryDispSync] nextEventTime = 9223372036854775
05-02 11:17:01.093 V/DispSyncThread( 1003): [PrimaryDispSync] Waiting forever
05-02 11:17:26.685 E/storaged(  785): getDiskStats failed with result NOT_SUPPORTED and size 0
05-02 11:17:28.023 V/HWC2    ( 1003): [0] getActiveConfig
05-02 11:17:28.025 V/DispSyncThread( 1003): [PrimaryDispSync] updateModel: mPeriod = 16666, mPhase = 0 mReferenceTime = 0
05-02 11:17:28.026 V/DispSync( 1003): [PrimaryDispSync] beginResync
05-02 11:17:28.026 V/DispSyncThread( 1003): [PrimaryDispSync] gatherCallbackInvocationsLocked @ 2793813149
05-02 11:17:28.026 V/DispSyncThread( 1003): [PrimaryDispSync] Frame 4664
05-02 11:17:28.026 V/DispSyncThread( 1003): [PrimaryDispSync] computeNextEventTimeLocked
05-02 11:17:28.026 V/DispSyncThread( 1003): [PrimaryDispSync] nextEventTime = 9223372036854775
05-02 11:17:28.026 V/DispSyncThread( 1003): [PrimaryDispSync] Waiting forever
05-02 11:17:28.027 V/DispSyncThread( 1003): [PrimaryDispSync] gatherCallbackInvocationsLocked @ 2793813858
05-02 11:17:28.027 V/DispSyncThread( 1003): [PrimaryDispSync] [app] computeListenerNextEventTimeLocked(2793797191)
05-02 11:17:28.027 V/DispSyncThread( 1003): [PrimaryDispSync] lastEventTime: 2793805423
05-02 11:17:28.027 V/DispSyncThread( 1003): [PrimaryDispSync] Clamping baseTime to lastEventTime -> 2793805423
05-02 11:17:28.027 V/DispSyncThread( 1003): [PrimaryDispSync] Relative baseTime = 2793805423
05-02 11:17:28.027 V/DispSyncThread( 1003): [PrimaryDispSync] Phase = 1000
05-02 11:17:28.027 V/DispSyncThread( 1003): [PrimaryDispSync] baseTime - phase = 2793804423
05-02 11:17:28.027 V/DispSyncThread( 1003): [PrimaryDispSync] numPeriods = 167628
05-02 11:17:28.027 V/DispSyncThread( 1003): [PrimaryDispSync] t = 2793817554
05-02 11:17:28.027 V/DispSyncThread( 1003): [PrimaryDispSync] Absolute t = 2793817554
05-02 11:17:28.027 V/DispSyncThread( 1003): [PrimaryDispSync] Corrected for wakeup latency -> 2793816521
05-02 11:17:28.027 V/DispSyncThread( 1003): [PrimaryDispSync] Frame 4665
05-02 11:17:28.027 V/DispSyncThread( 1003): [PrimaryDispSync] computeNextEventTimeLocked
05-02 11:17:28.027 V/DispSyncThread( 1003): [PrimaryDispSync] [app] computeListenerNextEventTimeLocked(2793813858)
05-02 11:17:28.027 V/DispSyncThread( 1003): [PrimaryDispSync] lastEventTime: 2793805423
05-02 11:17:28.027 V/DispSyncThread( 1003): [PrimaryDispSync] Relative baseTime = 2793813858
05-02 11:17:28.027 V/DispSyncThread( 1003): [PrimaryDispSync] Phase = 1000
05-02 11:17:28.027 V/DispSyncThread( 1003): [PrimaryDispSync] baseTime - phase = 2793812858
05-02 11:17:28.027 V/DispSyncThread( 1003): [PrimaryDispSync] numPeriods = 167628
05-02 11:17:28.027 V/DispSyncThread( 1003): [PrimaryDispSync] t = 2793817554
05-02 11:17:28.027 V/DispSyncThread( 1003): [PrimaryDispSync] Absolute t = 2793817554
05-02 11:17:28.027 V/DispSyncThread( 1003): [PrimaryDispSync] Corrected for wakeup latency -> 2793816521
05-02 11:17:28.027 V/DispSyncThread( 1003): [PrimaryDispSync] nextEventTime = 2793816521
05-02 11:17:28.027 V/DispSyncThread( 1003): [PrimaryDispSync] Waiting until 2793816521
05-02 11:17:28.028 D/touchmode( 1408): ensureTouchMode(true), current touch mode is false
05-02 11:17:28.030 V/DispSyncThread( 1003): [PrimaryDispSync] gatherCallbackInvocationsLocked @ 2793817200
05-02 11:17:28.030 V/DispSyncThread( 1003): [PrimaryDispSync] [app] computeListenerNextEventTimeLocked(2793800533)
05-02 11:17:28.030 V/DispSyncThread( 1003): [PrimaryDispSync] lastEventTime: 2793805418
05-02 11:17:28.030 V/DispSyncThread( 1003): [PrimaryDispSync] Clamping baseTime to lastEventTime -> 2793805418
05-02 11:17:28.030 V/DispSyncThread( 1003): [PrimaryDispSync] Relative baseTime = 2793805418
05-02 11:17:28.030 V/DispSyncThread( 1003): [PrimaryDispSync] Phase = 1000
05-02 11:17:28.030 V/DispSyncThread( 1003): [PrimaryDispSync] baseTime - phase = 2793804418
05-02 11:17:28.030 V/DispSyncThread( 1003): [PrimaryDispSync] numPeriods = 167628
05-02 11:17:28.030 V/DispSyncThread( 1003): [PrimaryDispSync] t = 2793817554
05-02 11:17:28.030 V/DispSyncThread( 1003): [PrimaryDispSync] Absolute t = 2793817554
05-02 11:17:28.030 V/DispSyncThread( 1003): [PrimaryDispSync] Corrected for wakeup latency -> 2793816527
05-02 11:17:28.030 V/DispSyncThread( 1003): [PrimaryDispSync] [app] Preparing to fire
05-02 11:17:28.030 V/DispSyncThread( 1003): [PrimaryDispSync] Frame 4666
05-02 11:17:28.030 V/DispSyncThread( 1003): [PrimaryDispSync] computeNextEventTimeLocked
05-02 11:17:28.030 V/DispSyncThread( 1003): [PrimaryDispSync] [app] computeListenerNextEventTimeLocked(2793817200)
05-02 11:17:28.030 V/DispSyncThread( 1003): [PrimaryDispSync] lastEventTime: 2793817554
05-02 11:17:28.030 V/DispSyncThread( 1003): [PrimaryDispSync] Clamping baseTime to lastEventTime -> 2793817554
05-02 11:17:28.030 V/DispSyncThread( 1003): [PrimaryDispSync] Relative baseTime = 2793817554
05-02 11:17:28.030 V/DispSyncThread( 1003): [PrimaryDispSync] Phase = 1000
05-02 11:17:28.030 V/DispSyncThread( 1003): [PrimaryDispSync] baseTime - phase = 2793816554
05-02 11:17:28.030 V/DispSyncThread( 1003): [PrimaryDispSync] numPeriods = 167629
05-02 11:17:28.030 V/DispSyncThread( 1003): [PrimaryDispSync] t = 2793834221
05-02 11:17:28.030 V/DispSyncThread( 1003): [PrimaryDispSync] Absolute t = 2793834221
05-02 11:17:28.030 V/DispSyncThread( 1003): [PrimaryDispSync] Corrected for wakeup latency -> 2793833194
05-02 11:17:28.030 V/DispSyncThread( 1003): [PrimaryDispSync] nextEventTime = 2793833194
05-02 11:17:28.030 V/DispSyncThread( 1003): [PrimaryDispSync] Waiting until 2793833194
05-02 11:17:28.031 D/touchmode( 1408): ensureTouchModeLocally(true), current touch mode is false
05-02 11:17:28.031 I/System.out( 1408): Find focus in com.android.systemui.statusbar.phone.NavigationBarFrame{198407d V.ED..... ........ 0,0-480,72 #7f0a022d app:id/navigation_bar_frame}: flags=false, child=com.android.systemui.statusbar.phone.NavigationBarView{afcdcee V.ED..... ........ 0,0-480,72}
