05-02 11:17:28.157 V/BufferLayerConsumer( 1003): [SurfaceView - com.android.testred/com.android.testred.TestActivity#0] freeBufferLocked: slotIndex=0
05-02 11:17:28.157 V/ConsumerBase( 1003): [SurfaceView - com.android.testred/com.android.testred.TestActivity#0] freeBufferLocked: slotIndex=0
05-02 11:17:28.157 V/BufferLayerConsumer( 1003): [SurfaceView - com.android.testred/com.android.testred.TestActivity#0] freeBufferLocked: slotIndex=1
05-02 11:17:28.157 V/ConsumerBase( 1003): [SurfaceView - com.android.testred/com.android.testred.TestActivity#0] freeBufferLocked: slotIndex=1
05-02 11:17:28.157 V/BufferLayerConsumer( 1003): [SurfaceView - com.android.testred/com.android.testred.TestActivity#0] freeBufferLocked: slotIndex=2
05-02 11:17:28.157 V/ConsumerBase( 1003): [SurfaceView - com.android.testred/com.android.testred.TestActivity#0] freeBufferLocked: slotIndex=2
05-02 11:17:28.157 V/BufferLayerConsumer( 1003): [SurfaceView - com.android.testred/com.android.testred.TestActivity#0] freeBufferLocked: slotIndex=3
05-02 11:17:28.157 V/ConsumerBase( 1003): [SurfaceView - com.android.testred/com.android.testred.TestActivity#0] freeBufferLocked: slotIndex=3
05-02 11:17:28.157 V/BufferLayerConsumer( 1003): [SurfaceView - com.android.testred/com.android.testred.TestActivity#0] freeBufferLocked: slotIndex=4
05-02 11:17:28.157 V/ConsumerBase( 1003): [SurfaceView - com.android.testred/com.android.testred.TestActivity#0] freeBufferLocked: slotIndex=4
05-02 11:17:28.157 V/BufferLayerConsumer( 1003): [SurfaceView - com.android.testred/com.android.testred.TestActivity#0] freeBufferLocked: slotIndex=5
05-02 11:17:28.157 V/ConsumerBase( 1003): [SurfaceView - com.android.testred/com.android.testred.TestActivity#0] freeBufferLocked: slotIndex=5
05-02 11:17:28.157 V/BufferLayerConsumer( 1003): [SurfaceView - com.android.testred/com.android.testred.TestActivity#0] freeBufferLocked: slotIndex=6
05-02 11:17:28.157 V/ConsumerBase( 1003): [SurfaceView - com.android.testred/com.android.testred.TestActivity#0] freeBufferLocked: slotIndex=6
05-02 11:17:28.157 V/BufferLayerConsumer( 1003): [SurfaceView - com.android.testred/com.android.testred.TestActivity#0] freeBufferLocked: slotIndex=7
05-02 11:17:28.157 V/ConsumerBase( 1003): [SurfaceView - com.android.testred/com.android.testred.TestActivity#0] freeBufferLocked: slotIndex=7
05-02 11:17:28.157 V/BufferLayerConsumer( 1003): [SurfaceView - com.android.testred/com.android.testred.TestActivity#0] freeBufferLocked: slotIndex=8
05-02 11:17:28.157 V/ConsumerBase( 1003): [SurfaceView - com.android.testred/com.android.testred.TestActivity#0] freeBufferLocked: slotIndex=8
05-02 11:17:28.157 V/BufferLayerConsumer( 1003): [SurfaceView - com.android.testred/com.android.testred.TestActivity#0] freeBufferLocked: slotIndex=9
05-02 11:17:28.157 V/ConsumerBase( 1003): [SurfaceView - com.android.testred/com.android.testred.TestActivity#0] freeBufferLocked: slotIndex=9
05-02 11:17:28.157 V/BufferLayerConsumer( 1003): [SurfaceView - com.android.testred/com.android.testred.TestActivity#0] freeBufferLocked: slotIndex=10
05-02 11:17:28.157 V/ConsumerBase( 1003): [SurfaceView - com.android.testred/com.android.testred.TestActivity#0] freeBufferLocked: slotIndex=10
05-02 11:17:28.157 V/BufferLayerConsumer( 1003): [SurfaceView - com.android.testred/com.android.testred.TestActivity#0] freeBufferLocked: slotIndex=11
05-02 11:17:28.157 V/ConsumerBase( 1003): [SurfaceView - com.android.testred/com.android.testred.TestActivity#0] freeBufferLocked: slotIndex=11
05-02 11:17:28.157 V/BufferLayerConsumer( 1003): [SurfaceView - com.android.testred/com.android.testred.TestActivity#0] freeBufferLocked: slotIndex=12
05-02 11:17:28.157 V/ConsumerBase( 1003): [SurfaceView - com.android.testred/com.android.testred.TestActivity#0] freeBufferLocked: slotIndex=12
05-02 11:17:28.157 V/BufferLayerConsumer( 1003): [SurfaceView - com.android.testred/com.android.testred.TestActivity#0] freeBufferLocked: slotIndex=13
05-02 11:17:28.157 V/ConsumerBase( 1003): [SurfaceView - com.android.testred/com.android.testred.TestActivity#0] freeBufferLocked: slotIndex=13
05-02 11:17:28.157 V/BufferLayerConsumer( 1003): [SurfaceView - com.android.testred/com.android.testred.TestActivity#0] freeBufferLocked: slotIndex=14
05-02 11:17:28.157 V/ConsumerBase( 1003): [SurfaceView - com.android.testred/com.android.testred.TestActivity#0] freeBufferLocked: slotIndex=14
05-02 11:17:28.157 V/BufferLayerConsumer( 1003): [SurfaceView - com.android.testred/com.android.testred.TestActivity#0] freeBufferLocked: slotIndex=15
05-02 11:17:28.157 V/ConsumerBase( 1003): [SurfaceView - com.android.testred/com.android.testred.TestActivity#0] freeBufferLocked: slotIndex=15
05-02 11:17:28.157 V/BufferLayerConsumer( 1003): [SurfaceView - com.android.testred/com.android.testred.TestActivity#0] freeBufferLocked: slotIndex=16
05-02 11:17:28.157 V/ConsumerBase( 1003): [SurfaceView - com.android.testred/com.android.testred.TestActivity#0] freeBufferLocked: slotIndex=16
05-02 11:17:28.157 V/BufferLayerConsumer( 1003): [SurfaceView - com.android.testred/com.android.testred.TestActivity#0] freeBufferLocked: slotIndex=17
05-02 11:17:28.157 V/ConsumerBase( 1003): [SurfaceView - com.android.testred/com.android.testred.TestActivity#0] freeBufferLocked: slotIndex=17
05-02 11:17:28.157 V/BufferLayerConsumer( 1003): [SurfaceView - com.android.testred/com.android.testred.TestActivity#0] freeBufferLocked: slotIndex=18
05-02 11:17:28.157 V/ConsumerBase( 1003): [SurfaceView - com.android.testred/com.android.testred.TestActivity#0] freeBufferLocked: slotIndex=18
05-02 11:17:28.157 V/BufferLayerConsumer( 1003): [SurfaceView - com.android.testred/com.android.testred.TestActivity#0] freeBufferLocked: slotIndex=19
05-02 11:17:28.157 V/ConsumerBase( 1003): [SurfaceView - com.android.testred/com.android.testred.TestActivity#0] freeBufferLocked: slotIndex=19
05-02 11:17:28.157 V/BufferLayerConsumer( 1003): [SurfaceView - com.android.testred/com.android.testred.TestActivity#0] freeBufferLocked: slotIndex=20
05-02 11:17:28.157 V/ConsumerBase( 1003): [SurfaceView - com.android.testred/com.android.testred.TestActivity#0] freeBufferLocked: slotIndex=20
05-02 11:17:28.157 V/BufferLayerConsumer( 1003): [SurfaceView - com.android.testred/com.android.testred.TestActivity#0] freeBufferLocked: slotIndex=21
05-02 11:17:28.157 V/ConsumerBase( 1003): [SurfaceView - com.android.testred/com.android.testred.TestActivity#0] freeBufferLocked: slotIndex=21
05-02 11:17:28.157 V/BufferLayerConsumer( 1003): [SurfaceView - com.android.testred/com.android.testred.TestActivity#0] freeBufferLocked: slotIndex=22
05-02 11:17:28.157 V/ConsumerBase( 1003): [SurfaceView - com.android.testred/com.android.testred.TestActivity#0] freeBufferLocked: slotIndex=22
05-02 11:17:28.157 V/BufferLayerConsumer( 1003): [SurfaceView - com.android.testred/com.android.testred.TestActivity#0] freeBufferLocked: slotIndex=23
05-02 11:17:28.157 V/ConsumerBase( 1003): [SurfaceView - com.android.testred/com.android.testred.TestActivity#0] freeBufferLocked: slotIndex=23
05-02 11:17:28.157 V/BufferLayerConsumer( 1003): [SurfaceView - com.android.testred/com.android.testred.TestActivity#0] freeBufferLocked: slotIndex=24
05-02 11:17:28.157 V/ConsumerBase( 1003): [SurfaceView - com.android.testred/com.android.testred.TestActivity#0] freeBufferLocked: slotIndex=24
05-02 11:17:28.157 V/BufferLayerConsumer( 1003): [SurfaceView - com.android.testred/com.android.testred.TestActivity#0] freeBufferLocked: slotIndex=25
05-02 11:17:28.157 V/ConsumerBase( 1003): [SurfaceView - com.android.testred/com.android.testred.TestActivity#0] freeBufferLocked: slotIndex=25
05-02 11:17:28.157 V/BufferLayerConsumer( 1003): [SurfaceView - com.android.testred/com.android.testred.TestActivity#0] freeBufferLocked: slotIndex=26
05-02 11:17:28.157 V/ConsumerBase( 1003): [SurfaceView - com.android.testred/com.android.testred.TestActivity#0] freeBufferLocked: slotIndex=26
05-02 11:17:28.157 V/BufferLayerConsumer( 1003): [SurfaceView - com.android.testred/com.android.testred.TestActivity#0] freeBufferLocked: slotIndex=27
05-02 11:17:28.157 V/ConsumerBase( 1003): [SurfaceView - com.android.testred/com.android.testred.TestActivity#0] freeBufferLocked: slotIndex=27
05-02 11:17:28.157 V/BufferLayerConsumer( 1003): [SurfaceView - com.android.testred/com.android.testred.TestActivity#0] freeBufferLocked: slotIndex=28
05-02 11:17:28.157 V/ConsumerBase( 1003): [SurfaceView - com.android.testred/com.android.testred.TestActivity#0] freeBufferLocked: slotIndex=28
05-02 11:17:28.157 V/BufferLayerConsumer( 1003): [SurfaceView - com.android.testred/com.android.testred.TestActivity#0] freeBufferLocked: slotIndex=29
05-02 11:17:28.157 V/ConsumerBase( 1003): [SurfaceView - com.android.testred/com.android.testred.TestActivity#0] freeBufferLocked: slotIndex=29
05-02 11:17:28.157 V/BufferLayerConsumer( 1003): [SurfaceView - com.android.testred/com.android.testred.TestActivity#0] freeBufferLocked: slotIndex=30
05-02 11:17:28.157 V/ConsumerBase( 1003): [SurfaceView - com.android.testred/com.android.testred.TestActivity#0] freeBufferLocked: slotIndex=30
05-02 11:17:28.158 V/BufferLayerConsumer( 1003): [SurfaceView - com.android.testred/com.android.testred.TestActivity#0] freeBufferLocked: slotIndex=31
05-02 11:17:28.158 V/ConsumerBase( 1003): [SurfaceView - com.android.testred/com.android.testred.TestActivity#0] freeBufferLocked: slotIndex=31
05-02 11:17:28.158 V/BufferLayerConsumer( 1003): [SurfaceView - com.android.testred/com.android.testred.TestActivity#0] freeBufferLocked: slotIndex=32
05-02 11:17:28.158 V/ConsumerBase( 1003): [SurfaceView - com.android.testred/com.android.testred.TestActivity#0] freeBufferLocked: slotIndex=32
05-02 11:17:28.158 V/BufferLayerConsumer( 1003): [SurfaceView - com.android.testred/com.android.testred.TestActivity#0] freeBufferLocked: slotIndex=33
05-02 11:17:28.158 V/ConsumerBase( 1003): [SurfaceView - com.android.testred/com.android.testred.TestActivity#0] freeBufferLocked: slotIndex=33
05-02 11:17:28.158 V/BufferLayerConsumer( 1003): [SurfaceView - com.android.testred/com.android.testred.TestActivity#0] freeBufferLocked: slotIndex=34
05-02 11:17:28.158 V/ConsumerBase( 1003): [SurfaceView - com.android.testred/com.android.testred.TestActivity#0] freeBufferLocked: slotIndex=34
05-02 11:17:28.158 V/BufferLayerConsumer( 1003): [SurfaceView - com.android.testred/com.android.testred.TestActivity#0] freeBufferLocked: slotIndex=35
05-02 11:17:28.158 V/ConsumerBase( 1003): [SurfaceView - com.android.testred/com.android.testred.TestActivity#0] freeBufferLocked: slotIndex=35
05-02 11:17:28.158 V/BufferLayerConsumer( 1003): [SurfaceView - com.android.testred/com.android.testred.TestActivity#0] freeBufferLocked: slotIndex=36
05-02 11:17:28.158 V/ConsumerBase( 1003): [SurfaceView - com.android.testred/com.android.testred.TestActivity#0] freeBufferLocked: slotIndex=36
05-02 11:17:28.158 V/BufferLayerConsumer( 1003): [SurfaceView - com.android.testred/com.android.testred.TestActivity#0] freeBufferLocked: slotIndex=37
05-02 11:17:28.158 V/ConsumerBase( 1003): [SurfaceView - com.android.testred/com.android.testred.TestActivity#0] freeBufferLocked: slotIndex=37
05-02 11:17:28.158 V/BufferLayerConsumer( 1003): [SurfaceView - com.android.testred/com.android.testred.TestActivity#0] freeBufferLocked: slotIndex=38
05-02 11:17:28.158 V/ConsumerBase( 1003): [SurfaceView - com.android.testred/com.android.testred.TestActivity#0] freeBufferLocked: slotIndex=38
05-02 11:17:28.158 V/BufferLayerConsumer( 1003): [SurfaceView - com.android.testred/com.android.testred.TestActivity#0] freeBufferLocked: slotIndex=39
05-02 11:17:28.158 V/ConsumerBase( 1003): [SurfaceView - com.android.testred/com.android.testred.TestActivity#0] freeBufferLocked: slotIndex=39
05-02 11:17:28.158 V/BufferLayerConsumer( 1003): [SurfaceView - com.android.testred/com.android.testred.TestActivity#0] freeBufferLocked: slotIndex=40
05-02 11:17:28.158 V/ConsumerBase( 1003): [SurfaceView - com.android.testred/com.android.testred.TestActivity#0] freeBufferLocked: slotIndex=40
05-02 11:17:28.158 V/BufferLayerConsumer( 1003): [SurfaceView - com.android.testred/com.android.testred.TestActivity#0] freeBufferLocked: slotIndex=41
05-02 11:17:28.158 V/ConsumerBase( 1003): [SurfaceView - com.android.testred/com.android.testred.TestActivity#0] freeBufferLocked: slotIndex=41
05-02 11:17:28.158 V/BufferLayerConsumer( 1003): [SurfaceView - com.android.testred/com.android.testred.TestActivity#0] freeBufferLocked: slotIndex=42
05-02 11:17:28.158 V/ConsumerBase( 1003): [SurfaceView - com.android.testred/com.android.testred.TestActivity#0] freeBufferLocked: slotIndex=42
05-02 11:17:28.158 V/BufferLayerConsumer( 1003): [SurfaceView - com.android.testred/com.android.testred.TestActivity#0] freeBufferLocked: slotIndex=43
05-02 11:17:28.158 V/ConsumerBase( 1003): [SurfaceView - com.android.testred/com.android.testred.TestActivity#0] freeBufferLocked: slotIndex=43
05-02 11:17:28.158 V/BufferLayerConsumer( 1003): [SurfaceView - com.android.testred/com.android.testred.TestActivity#0] freeBufferLocked: slotIndex=44
05-02 11:17:28.158 V/ConsumerBase( 1003): [SurfaceView - com.android.testred/com.android.testred.TestActivity#0] freeBufferLocked: slotIndex=44
05-02 11:17:28.158 V/BufferLayerConsumer( 1003): [SurfaceView - com.android.testred/com.android.testred.TestActivity#0] freeBufferLocked: slotIndex=45
05-02 11:17:28.158 V/ConsumerBase( 1003): [SurfaceView - com.android.testred/com.android.testred.TestActivity#0] freeBufferLocked: slotIndex=45
05-02 11:17:28.158 V/BufferLayerConsumer( 1003): [SurfaceView - com.android.testred/com.android.testred.TestActivity#0] freeBufferLocked: slotIndex=46
05-02 11:17:28.158 V/ConsumerBase( 1003): [SurfaceView - com.android.testred/com.android.testred.TestActivity#0] freeBufferLocked: slotIndex=46
05-02 11:17:28.158 V/BufferLayerConsumer( 1003): [SurfaceView - com.android.testred/com.android.testred.TestActivity#0] freeBufferLocked: slotIndex=47
05-02 11:17:28.158 V/ConsumerBase( 1003): [SurfaceView - com.android.testred/com.android.testred.TestActivity#0] freeBufferLocked: slotIndex=47
05-02 11:17:28.158 V/BufferLayerConsumer( 1003): [SurfaceView - com.android.testred/com.android.testred.TestActivity#0] freeBufferLocked: slotIndex=48
05-02 11:17:28.158 V/ConsumerBase( 1003): [SurfaceView - com.android.testred/com.android.testred.TestActivity#0] freeBufferLocked: slotIndex=48
05-02 11:17:28.158 V/BufferLayerConsumer( 1003): [SurfaceView - com.android.testred/com.android.testred.TestActivity#0] freeBufferLocked: slotIndex=49
05-02 11:17:28.158 V/ConsumerBase( 1003): [SurfaceView - com.android.testred/com.android.testred.TestActivity#0] freeBufferLocked: slotIndex=49
05-02 11:17:28.158 V/BufferLayerConsumer( 1003): [SurfaceView - com.android.testred/com.android.testred.TestActivity#0] freeBufferLocked: slotIndex=50
05-02 11:17:28.158 V/ConsumerBase( 1003): [SurfaceView - com.android.testred/com.android.testred.TestActivity#0] freeBufferLocked: slotIndex=50
05-02 11:17:28.158 V/BufferLayerConsumer( 1003): [SurfaceView - com.android.testred/com.android.testred.TestActivity#0] freeBufferLocked: slotIndex=51
05-02 11:17:28.158 V/ConsumerBase( 1003): [SurfaceView - com.android.testred/com.android.testred.TestActivity#0] freeBufferLocked: slotIndex=51
05-02 11:17:28.158 V/BufferLayerConsumer( 1003): [SurfaceView - com.android.testred/com.android.testred.TestActivity#0] freeBufferLocked: slotIndex=52
05-02 11:17:28.158 V/ConsumerBase( 1003): [SurfaceView - com.android.testred/com.android.testred.TestActivity#0] freeBufferLocked: slotIndex=52
05-02 11:17:28.158 V/BufferLayerConsumer( 1003): [SurfaceView - com.android.testred/com.android.testred.TestActivity#0] freeBufferLocked: slotIndex=53
05-02 11:17:28.158 V/ConsumerBase( 1003): [SurfaceView - com.android.testred/com.android.testred.TestActivity#0] freeBufferLocked: slotIndex=53
05-02 11:17:28.158 V/BufferLayerConsumer( 1003): [SurfaceView - com.android.testred/com.android.testred.TestActivity#0] freeBufferLocked: slotIndex=54
05-02 11:17:28.158 V/ConsumerBase( 1003): [SurfaceView - com.android.testred/com.android.testred.TestActivity#0] freeBufferLocked: slotIndex=54
05-02 11:17:28.158 V/BufferLayerConsumer( 1003): [SurfaceView - com.android.testred/com.android.testred.TestActivity#0] freeBufferLocked: slotIndex=55
05-02 11:17:28.158 V/ConsumerBase( 1003): [SurfaceView - com.android.testred/com.android.testred.TestActivity#0] freeBufferLocked: slotIndex=55
05-02 11:17:28.158 V/BufferLayerConsumer( 1003): [SurfaceView - com.android.testred/com.android.testred.TestActivity#0] freeBufferLocked: slotIndex=56
05-02 11:17:28.158 V/ConsumerBase( 1003): [SurfaceView - com.android.testred/com.android.testred.TestActivity#0] freeBufferLocked: slotIndex=56
05-02 11:17:28.158 V/BufferLayerConsumer( 1003): [SurfaceView - com.android.testred/com.android.testred.TestActivity#0] freeBufferLocked: slotIndex=57
05-02 11:17:28.158 V/ConsumerBase( 1003): [SurfaceView - com.android.testred/com.android.testred.TestActivity#0] freeBufferLocked: slotIndex=57
05-02 11:17:28.158 V/BufferLayerConsumer( 1003): [SurfaceView - com.android.testred/com.android.testred.TestActivity#0] freeBufferLocked: slotIndex=58
05-02 11:17:28.158 V/ConsumerBase( 1003): [SurfaceView - com.android.testred/com.android.testred.TestActivity#0] freeBufferLocked: slotIndex=58
05-02 11:17:28.158 V/BufferLayerConsumer( 1003): [SurfaceView - com.android.testred/com.android.testred.TestActivity#0] freeBufferLocked: slotIndex=59
05-02 11:17:28.158 V/ConsumerBase( 1003): [SurfaceView - com.android.testred/com.android.testred.TestActivity#0] freeBufferLocked: slotIndex=59
05-02 11:17:28.158 V/BufferLayerConsumer( 1003): [SurfaceView - com.android.testred/com.android.testred.TestActivity#0] freeBufferLocked: slotIndex=60
05-02 11:17:28.158 V/ConsumerBase( 1003): [SurfaceView - com.android.testred/com.android.testred.TestActivity#0] freeBufferLocked: slotIndex=60
05-02 11:17:28.158 V/BufferLayerConsumer( 1003): [SurfaceView - com.android.testred/com.android.testred.TestActivity#0] freeBufferLocked: slotIndex=61
05-02 11:17:28.158 V/ConsumerBase( 1003): [SurfaceView - com.android.testred/com.android.testred.TestActivity#0] freeBufferLocked: slotIndex=61
05-02 11:17:28.158 V/BufferLayerConsumer( 1003): [SurfaceView - com.android.testred/com.android.testred.TestActivity#0] freeBufferLocked: slotIndex=62
05-02 11:17:28.158 V/ConsumerBase( 1003): [SurfaceView - com.android.testred/com.android.testred.TestActivity#0] freeBufferLocked: slotIndex=62
05-02 11:17:28.158 V/BufferLayerConsumer( 1003): [SurfaceView - com.android.testred/com.android.testred.TestActivity#0] freeBufferLocked: slotIndex=63
05-02 11:17:28.158 V/ConsumerBase( 1003): [SurfaceView - com.android.testred/com.android.testred.TestActivity#0] freeBufferLocked: slotIndex=63
05-02 11:17:28.159 W/EglHelper( 2961): finish() tid=203
......
05-02 11:17:28.161 I/WindowAnimator( 1129): !!! animate: entry time=2793946
05-02 11:17:28.161 I/WindowAnimator( 1129): >>> OPEN TRANSACTION animate
05-02 11:17:28.161 V/BufferLayerConsumer( 1003): [NavigationBar#0] updateAndRelease: (slot=1 buf=0x7026a27680) -> (slot=0 buf=0x7026a27800)
05-02 11:17:28.161 V/BufferLayerConsumer( 1003): [NavigationBar#0] computeCurrentTransformMatrixLocked
05-02 11:17:28.161 V/BufferLayerConsumer( 1003): [NavigationBar#0] getFrameNumber
05-02 11:17:28.161 V/BufferLayerConsumer( 1003): [NavigationBar#0] getFrameNumber
05-02 11:17:28.161 V/BufferLayerConsumer( 1003): [NavigationBar#0] getCurrentDataSpace
05-02 11:17:28.161 V/WindowStateAnimator( 1129): computeShownFrameLocked: WindowStateAnimator{13ed5c1 com.android.systemui.ImageWallpaper} not attached, mAlpha=1.0
05-02 11:17:28.162 D/WindowStateAnimator( 1129): applyCrop: win=Window{695da45 u0 com.android.systemui.ImageWallpaper} clipRect=null
05-02 11:17:28.162 V/SurfaceFlinger( 1003): preComposition
05-02 11:17:28.162 I/WindowSurfaceController( 1129):   SURFACE CLEAR CROP: com.android.systemui.ImageWallpaper
05-02 11:17:28.162 V/SurfaceFlinger( 1003): rebuildLayerStacks
05-02 11:17:28.162 V/SurfaceFlinger( 1003): setUpHWComposer
05-02 11:17:28.162 V/WindowStateAnimator( 1129): computeShownFrameLocked: WindowStateAnimator{222e3e9 com.android.testred/com.android.testred.TestActivity} not attached, mAlpha=1.0
05-02 11:17:28.162 V/BufferLayer( 1003): [com.android.systemui.ImageWallpaper#0] Requesting Device composition
05-02 11:17:28.162 D/WindowStateAnimator( 1129): Updating crop win=Window{9f1d5ed u0 com.android.testred/com.android.testred.TestActivity} mLastCrop=Rect(0, 36 - 160, 782)
05-02 11:17:28.162 V/Layer   ( 1003): setCompositionType(d, Device, 1)
05-02 11:17:28.162 V/BufferLayer( 1003): setPerFrameData: dataspace = 0
05-02 11:17:28.162 D/WindowStateAnimator( 1129): Applying decor to crop win=Window{9f1d5ed u0 com.android.testred/com.android.testred.TestActivity} mDecorFrame=Rect(0, 36 - 480, 782) mSystemDecorRect=Rect(0, 36 - 160, 782)
05-02 11:17:28.162 V/BufferLayerConsumer( 1003): [com.android.systemui.ImageWallpaper#0] getCurrentHdrMetadata
05-02 11:17:28.162 D/WindowStateAnimator( 1129): win=Window{9f1d5ed u0 com.android.testred/com.android.testred.TestActivity} Initial clip rect: Rect(0, 36 - 160, 782) fullscreen=true
05-02 11:17:28.162 D/WindowStateAnimator( 1129): win=Window{9f1d5ed u0 com.android.testred/com.android.testred.TestActivity} Clip rect after stack adjustment=Rect(0, 36 - 160, 782)
05-02 11:17:28.162 V/BufferLayer( 1003): [com.android.launcher3/com.android.launcher3.Launcher#0] Requesting Device composition
05-02 11:17:28.162 V/Layer   ( 1003): setCompositionType(e, Device, 1)
05-02 11:17:28.162 D/WindowStateAnimator( 1129): applyCrop: win=Window{9f1d5ed u0 com.android.testred/com.android.testred.TestActivity} clipRect=Rect(0, 36 - 160, 782)
05-02 11:17:28.162 V/BufferLayer( 1003): setPerFrameData: dataspace = 0
05-02 11:17:28.162 V/BufferLayerConsumer( 1003): [com.android.launcher3/com.android.launcher3.Launcher#0] getCurrentHdrMetadata
05-02 11:17:28.162 V/WindowStateAnimator( 1129): prepareSurface: No changes in animation for WindowStateAnimator{222e3e9 com.android.testred/com.android.testred.TestActivity}
05-02 11:17:28.162 V/BufferLayer( 1003): [SurfaceView - com.android.testred/com.android.testred.TestActivity#0] Requesting Device composition
05-02 11:17:28.162 V/Layer   ( 1003): setCompositionType(f, Device, 1)
05-02 11:17:28.162 V/BufferLayer( 1003): setPerFrameData: dataspace = 0
05-02 11:17:28.162 V/WindowStateAnimator( 1129): computeShownFrameLocked: WindowStateAnimator{2414536 com.android.launcher3/com.android.launcher3.Launcher} not attached, mAlpha=1.0
05-02 11:17:28.162 V/BufferLayerConsumer( 1003): [SurfaceView - com.android.testred/com.android.testred.TestActivity#0] getCurrentHdrMetadata
05-02 11:17:28.162 D/WindowStateAnimator( 1129): Updating crop win=Window{9958bf8 u0 com.android.launcher3/com.android.launcher3.Launcher} mLastCrop=Rect(0, 0 - 480, 854)
05-02 11:17:28.162 V/BufferLayer( 1003): [com.android.testred/com.android.testred.TestActivity#0] Requesting Device composition
05-02 11:17:28.162 D/WindowStateAnimator( 1129): Applying decor to crop win=Window{9958bf8 u0 com.android.launcher3/com.android.launcher3.Launcher} mDecorFrame=Rect(0, 0 - 480, 854) mSystemDecorRect=Rect(0, 0 - 480, 854)
05-02 11:17:28.162 V/Layer   ( 1003): setCompositionType(10, Device, 1)
05-02 11:17:28.162 V/BufferLayer( 1003): setPerFrameData: dataspace = 0
05-02 11:17:28.162 D/WindowStateAnimator( 1129): win=Window{9958bf8 u0 com.android.launcher3/com.android.launcher3.Launcher} Initial clip rect: Rect(0, 0 - 480, 854) fullscreen=true
05-02 11:17:28.162 V/BufferLayerConsumer( 1003): [com.android.testred/com.android.testred.TestActivity#0] getCurrentHdrMetadata
......
05-02 11:17:28.163 I/System.out( 2003): ======================================
05-02 11:17:28.163 I/System.out( 2003): performTraversals
05-02 11:17:28.163 I/WindowAnimator( 1129): <<< CLOSE TRANSACTION animate
......
05-02 11:17:28.166 I/GLThread( 2961): releasing EGL context because paused tid=203
05-02 11:17:28.166 I/GLThread( 2961): waiting tid=203 mHaveEglContext: false mHaveEglSurface: false mFinishedCreatingEglSurface: true mPaused: true mHasSurface: true mSurfaceIsBad: false mWaitingForSurface: false mWidth: 160 mHeight: 816 mRequestRender: false mRenderMode: 0
05-02 11:17:28.167 V/ActivityStack_Pause( 1129): Activity paused: token=Token{54eda1a ActivityRecord{8be2d09 u0 com.android.testred/.TestActivity t23 f}}, timeout=false
05-02 11:17:28.167 V/ActivityStack_States( 1129): Moving to PAUSED: ActivityRecord{8be2d09 u0 com.android.testred/.TestActivity t23 f} (pause complete)
05-02 11:17:28.167 V/ActivityStack_Pause( 1129): Complete pause: ActivityRecord{8be2d09 u0 com.android.testred/.TestActivity t23 f}
05-02 11:17:28.167 V/ActivityRecord_States( 1129): State movement: ActivityRecord{8be2d09 u0 com.android.testred/.TestActivity t23 f} from:PAUSING to:PAUSED reason:completePausedLocked
05-02 11:17:28.167 V/ActivityStack_Pause( 1129): Executing finish of activity: ActivityRecord{8be2d09 u0 com.android.testred/.TestActivity t23 f}
05-02 11:17:28.167 V/ActivityStack_States( 1129): Moving to FINISHING: ActivityRecord{8be2d09 u0 com.android.testred/.TestActivity t23 f}
05-02 11:17:28.167 V/ActivityRecord_States( 1129): State movement: ActivityRecord{8be2d09 u0 com.android.testred/.TestActivity t23 f} from:PAUSED to:FINISHING reason:finishCurrentActivityLocked
05-02 11:17:28.167 V/ActivityStack_Switch( 1129): Removing activity from finish-imm:completedPausedLocked: token=ActivityRecord{8be2d09 u0 com.android.testred/.TestActivity t23 f}, app=com.android.testred
05-02 11:17:28.167 D/ActivityStackSupervisor_Idle( 1129): removeTimeoutsForActivity: Callers=com.android.server.am.ActivityStack.removeTimeoutsForActivityLocked:4181 com.android.server.am.ActivityStack.onActivityRemovedFromStack:4116 com.android.server.am.ActivityStack.cleanUpActivityLocked:4142 com.android.server.am.ActivityStack.destroyActivityLocked:4375 
05-02 11:17:28.168 D/ActivityStackSupervisor_Idle( 1129): removeTimeoutsForActivity: Callers=com.android.server.am.ActivityStack.removeTimeoutsForActivityLocked:4181 com.android.server.am.ActivityStack.cleanUpActivityLocked:4174 com.android.server.am.ActivityStack.destroyActivityLocked:4375 com.android.server.am.ActivityStack.finishCurrentActivityLocked:3927 

05-02 11:17:28.168 D/ActivityManagerService_OomAdj( 1129): Making empty: ProcessRecord{cfabb40 2961:com.android.testred/u0a88}
05-02 11:17:28.168 D/ActivityManagerService_OomAdj( 1129): Raise procstate to cached recent: ProcessRecord{cfabb40 2961:com.android.testred/u0a88}
......
05-02 11:17:28.170 D/ActivityManagerService_OomAdj( 1129): Set 2961 com.android.testred adj 900: cch-rec
05-02 11:17:28.170 D/ActivityManagerService_OomAdj( 1129): Setting sched group of com.android.testred to 0: cch-rec

05-02 11:17:28.171 D/ActivityManagerService_Pss( 1129): Process state change from TOP  to CRE  next pss in 20000: ProcessRecord{cfabb40 2961:com.android.testred/u0a88}
05-02 11:17:28.171 D/ActivityManagerService_OomAdj( 1129): Proc state change of com.android.testred to CRE  (17): cch-rec
05-02 11:17:28.171 D/ActivityManagerService( 1129): Checking proc [[com.android.testred]] state changes: old = 2, new = 17
05-02 11:17:28.171 I/ActivityManagerService_ProcessObservers( 1129): Changes in ProcessRecord{cfabb40 2961:com.android.testred/u0a88}: 1
05-02 11:17:28.171 I/ActivityManagerService_ProcessObservers( 1129): Retrieving available item: com.android.server.am.ActivityManagerService$ProcessChangeItem@da7dc06
05-02 11:17:28.171 I/ActivityManagerService_ProcessObservers( 1129): *** Enqueueing dispatch processes changed!
05-02 11:17:28.171 I/ActivityManagerService_ProcessObservers( 1129): Item da7dc06 2961:com.android.testred/u0a88: changes=1 foreground=false type=cch-rec source=null target=null
05-02 11:17:28.171 D/ActivityManagerService_OomAdj( 1129): oom: memFactor=0 last=0 allowLow=false numProcs=35 last=35
05-02 11:17:28.171 V/ActivityManagerService_OomAdj( 1129): Trimming memory of ui hidden com.android.testred to 20
05-02 11:17:28.171 I/ActivityManagerService_UidObservers( 1129): Changes in UidRecord{68746c3 u0a88 CRE  change:active|uncached procs:1 seq(0,0,0)}: proc state from 2 to 17, whitelist from false to false
05-02 11:17:28.171 I/ActivityManagerService_UidObservers( 1129): *** Enqueueing dispatch uid changed!
05-02 11:17:28.171 I/ActivityManagerService_UidObservers( 1129): Retrieving available item: com.android.server.am.UidRecord$ChangeItem@fa94e78

05-02 11:17:28.172 D/ActivityManagerService_OomAdj( 1129): Did OOM ADJ in 5ms
05-02 11:17:28.172 I/ActivityStack_Switch( 1129): Destroying: ActivityRecord{8be2d09 u0 com.android.testred/.TestActivity t23 f}

05-02 11:17:28.172 V/ActivityThread( 2961): SCHEDULE 159 EXECUTE_TRANSACTION: 0 / android.app.servertransaction.ClientTransaction@7fe0

05-02 11:17:28.174 V/ActivityStack_States( 1129): Moving to DESTROYING: ActivityRecord{8be2d09 u0 com.android.testred/.TestActivity t23 f} (destroy requested)
05-02 11:17:28.174 V/ActivityRecord_States( 1129): State movement: ActivityRecord{8be2d09 u0 com.android.testred/.TestActivity t23 f} from:FINISHING to:DESTROYING reason:destroyActivityLocked. finishing and not skipping destroy

05-02 11:17:28.174 V/ActivityStack_Visibility( 1129): ensureActivitiesVisible behind ActivityRecord{303b419 u0 com.android.launcher3/.Launcher t2} configChanges=0x0
05-02 11:17:28.174 V/ActivityStack_Visibility( 1129): Fullscreen: at ActivityRecord{303b419 u0 com.android.launcher3/.Launcher t2} stackInvisible=false behindFullscreenActivity=false
05-02 11:17:28.174 V/ActivityStack_Visibility( 1129): Make visible? ActivityRecord{303b419 u0 com.android.launcher3/.Launcher t2} finishing=false state=PAUSED
05-02 11:17:28.174 V/ActivityStack_Visibility( 1129): Skipping: already visible at ActivityRecord{303b419 u0 com.android.launcher3/.Launcher t2}
05-02 11:17:28.174 V/ActivityStack_Visibility( 1129): Home task: at TaskRecord{119d98c #2 ?? U=0 StackId=0 sz=1} stackShouldBeVisible=true behindFullscreenActivity=true
05-02 11:17:28.174 V/ActivityStack_Visibility( 1129): ensureActivitiesVisible behind null configChanges=0x0

05-02 11:17:28.174 V/WindowManager( 1129): App is requesting an orientation, return 5 for display id=0
05-02 11:17:28.175 V/WindowManager( 1129): Computed rotation=0 for display id=0 based on lastOrientation=5 and oldRotation=0
05-02 11:17:28.175 V/WindowManager( 1129): Display id=0 selected orientation 5, got rotation 0 which has compatible metrics

05-02 11:17:28.176 D/ActivityStack_Containers( 1129): destroyActivityLocked: finishCurrentActivityLocked r=ActivityRecord{8be2d09 u0 com.android.testred/.TestActivity t23 f} destroy returned removed=false

05-02 11:17:28.176 V/WindowManager( 1129): Clear freezing of Token{54eda1a ActivityRecord{8be2d09 u0 com.android.testred/.TestActivity t23 f}}: hidden=false freezing=false
05-02 11:17:28.176 V/ActivityStack_Switch( 1129): Resuming ActivityRecord{303b419 u0 com.android.launcher3/.Launcher t2}
......
05-02 11:17:28.178 V/ActivityStack_Switch( 1129): Not waiting for visible to hide: ActivityRecord{8be2d09 u0 com.android.testred/.TestActivity t23 f}, waitingVisible=false, nowVisible=true

05-02 11:17:28.178 V/ActivityStack_Transition( 1129): Prepare close transition: prev=ActivityRecord{8be2d09 u0 com.android.testred/.TestActivity t23 f}

05-02 11:17:28.178 V/BufferLayer( 1003): [SurfaceView - com.android.testred/com.android.testred.TestActivity#0] Requesting Device composition
05-02 11:17:28.178 V/AppTransition( 1129): Prepare app transition: transit=TRANSIT_TASK_CLOSE mNextAppTransition=TRANSIT_TASK_CLOSE alwaysKeepCurrent=false Callers=com.android.server.wm.WindowManagerService.prepareAppTransition:2598 com.android.server.wm.WindowManagerService.prepareAppTransition:2580 com.android.server.am.ActivityStack.resumeTopActivityInnerLocked:2586 

05-02 11:17:28.178 V/BufferLayerConsumer( 1003): [SurfaceView - com.android.testred/com.android.testred.TestActivity#0] getCurrentHdrMetadata

05-02 11:17:28.178 V/BufferLayer( 1003): [com.android.testred/com.android.testred.TestActivity#0] Requesting Device composition

05-02 11:17:28.179 V/BufferLayerConsumer( 1003): [com.android.testred/com.android.testred.TestActivity#0] getCurrentHdrMetadata
......
05-02 11:17:28.179 V/ActivityStack_Switch( 1129): Resume running: ActivityRecord{303b419 u0 com.android.launcher3/.Launcher t2} stopped=false visible=true

05-02 11:17:28.180 V/WindowManager( 1129): No longer Stopped: AppWindowToken{d510278 token=Token{369c7db ActivityRecord{303b419 u0 com.android.launcher3/.Launcher t2}}}

05-02 11:17:28.181 V/ActivityStack_States( 1129): Moving to RESUMED: ActivityRecord{303b419 u0 com.android.launcher3/.Launcher t2} (in existing)
05-02 11:17:28.181 V/ActivityRecord_States( 1129): State movement: ActivityRecord{303b419 u0 com.android.launcher3/.Launcher t2} from:PAUSED to:RESUMED reason:resumeTopActivityInnerLocked
05-02 11:17:28.181 V/ActivityStack_Stack( 1129): set resumed activity to:ActivityRecord{303b419 u0 com.android.launcher3/.Launcher t2} reason:resumeTopActivityInnerLocked
05-02 11:17:28.181 D/ActivityStack_Stack( 1129): setResumedActivity stack:ActivityStack{78f598b stackId=0 type=home mode=fullscreen visible=true translucent=false, 1 tasks} + from: null to:ActivityRecord{303b419 u0 com.android.launcher3/.Launcher t2} reason:resumeTopActivityInnerLocked - onActivityStateChanged
05-02 11:17:28.181 V/WindowManager( 1129): Set focused app to: AppWindowToken{d510278 token=Token{369c7db ActivityRecord{303b419 u0 com.android.launcher3/.Launcher t2}}} old focus=AppWindowToken{322f94b token=Token{54eda1a ActivityRecord{8be2d09 u0 com.android.testred/.TestActivity t23}}} moveFocusNow=true

05-02 11:17:28.182 V/WindowManager( 1129): Looking for focus: Window{a8feb48 u0 NavigationBar}, flags=562298984, canReceive=false
05-02 11:17:28.182 V/WindowManager( 1129): Looking for focus: Window{ccca422 u0 StatusBar}, flags=-2122055608, canReceive=false
05-02 11:17:28.182 V/WindowManager( 1129): Looking for focus: Window{95ed7ce u0 AssistPreviewPanel}, flags=16777496, canReceive=false
05-02 11:17:28.182 V/WindowManager( 1129): Looking for focus: Window{cd1acce u0 DockedStackDivider}, flags=562298920, canReceive=false
05-02 11:17:28.182 V/WindowManager( 1129): Looking for focus: Window{9958bf8 u0 com.android.launcher3/com.android.launcher3.Launcher}, flags=-2121203456, canReceive=true
05-02 11:17:28.182 V/WindowManager( 1129): findFocusedWindow: Found new focus @ Window{9958bf8 u0 com.android.launcher3/com.android.launcher3.Launcher}
05-02 11:17:28.182 D/View    ( 2003):                                   frame={350, 278, 460, 418} scroll={524245, 0} mText="Sound Recorder" mLayout width=1048576 height=27
05-02 11:17:28.182 D/RecentTasks( 1129): add: task=TaskRecord{119d98c #2 ?? U=0 StackId=0 sz=1}
05-02 11:17:28.182 D/RecentTasks_Recents( 1129): addRecent: moving to top TaskRecord{119d98c #2 ?? U=0 StackId=0 sz=1} from 1
05-02 11:17:28.182 D/ActivityManagerService_LRU( 1129): Not moving, already top activity: ProcessRecord{f4da890 2003:com.android.launcher3/u0a35}
05-02 11:17:28.182 D/ActivityManagerService_OomAdj( 1129): Making top: ProcessRecord{f4da890 2003:com.android.launcher3/u0a35}
......
05-02 11:17:28.184 V/ActivityStack_Visibility( 1129): ensureActivitiesVisible behind ActivityRecord{303b419 u0 com.android.launcher3/.Launcher t2} configChanges=0x0
05-02 11:17:28.184 V/ActivityStack_Visibility( 1129): Fullscreen: at ActivityRecord{303b419 u0 com.android.launcher3/.Launcher t2} stackInvisible=false behindFullscreenActivity=false
05-02 11:17:28.184 V/ActivityStack_Visibility( 1129): Make visible? ActivityRecord{303b419 u0 com.android.launcher3/.Launcher t2} finishing=false state=RESUMED
05-02 11:17:28.184 V/ActivityStack_Visibility( 1129): Skipping: already visible at ActivityRecord{303b419 u0 com.android.launcher3/.Launcher t2}
05-02 11:17:28.184 V/ActivityStack_Visibility( 1129): Home task: at TaskRecord{119d98c #2 ?? U=0 StackId=0 sz=1} stackShouldBeVisible=true behindFullscreenActivity=true
05-02 11:17:28.184 V/ActivityStack_Visibility( 1129): ensureActivitiesVisible behind null configChanges=0x0

05-02 11:17:28.205 V/WindowStateAnimator( 1129): computeShownFrameLocked: WindowStateAnimator{81b5256 NavigationBar} not attached, mAlpha=1.0
05-02 11:17:28.205 D/WindowStateAnimator( 1129): Updating crop win=Window{a8feb48 u0 NavigationBar} mLastCrop=Rect(0, 0 - 480, 72)
05-02 11:17:28.210 V/BufferQueueProducer( 1003): [] setMaxDequeuedBufferCount: maxDequeuedBuffers = 2
05-02 11:17:28.210 V/BufferQueueConsumer( 1003): [Surface(name=AppWindowToken{322f94b token=Token{54eda1a ActivityRecord{8be2d09 u0 com.android.testred/.TestActivity t23}}})/@0x9b1fd07 - animation-leash#0] setConsumerUsageBits: 0x900
......
05-02 11:17:28.214 W/WindowManager( 1129): setLayoutNeeded: callers=com.android.server.wm.WindowState.setDisplayLayoutNeeded:2250 com.android.server.wm.WindowState.onAppVisibilityChanged:1749 com.android.server.wm.AppWindowToken.setVisibility:426 
05-02 11:17:28.214 V/WindowManager( 1129): setVisibility: AppWindowToken{322f94b token=Token{54eda1a ActivityRecord{8be2d09 u0 com.android.testred/.TestActivity t23}}}: hidden=true hiddenRequested=true
......
05-02 11:17:28.214 V/BufferLayerConsumer( 1003): [com.android.launcher3/com.android.launcher3.Launcher#0] getCurrentHdrMetadata
05-02 11:17:28.214 V/BufferLayer( 1003): [SurfaceView - com.android.testred/com.android.testred.TestActivity#0] Requesting Device composition
05-02 11:17:28.214 D/WindowManager( 1129): addInputWindowHandle: Window{cd1acce u0 DockedStackDivider}, Window{cd1acce u0 DockedStackDivider}, layer=0, frame=[0,0,0,0], 
05-02 11:17:28.214 V/BufferLayerConsumer( 1003): [SurfaceView - com.android.testred/com.android.testred.TestActivity#0] getCurrentHdrMetadata
05-02 11:17:28.214 V/BufferLayer( 1003): [com.android.testred/com.android.testred.TestActivity#0] Requesting Device composition

05-02 11:17:28.214 V/BufferLayerConsumer( 1003): [com.android.testred/com.android.testred.TestActivity#0] getCurrentHdrMetadata

05-02 11:17:28.214 D/WindowManager( 1129): addInputWindowHandle: Window{9f1d5ed u0 com.android.testred/com.android.testred.TestActivity}, Window{9f1d5ed u0 com.android.testred/com.android.testred.TestActivity}, layer=0, frame=[0,0,160,854], touchableRegion=SkRegion((0,0,480,854)), visible=true

05-02 11:17:28.215 V/WindowState( 1129): Win Window{9f1d5ed u0 com.android.testred/com.android.testred.TestActivity}: isDrawn=true, isAnimationSet=true

05-02 11:17:28.215 V/AppWindowToken( 1129): VIS AppWindowToken{322f94b token=Token{54eda1a ActivityRecord{8be2d09 u0 com.android.testred/.TestActivity t23}}}: interesting=1 visible=0
......
05-02 11:17:28.241 V/WindowStateAnimator( 1129): computeShownFrameLocked: WindowStateAnimator{222e3e9 com.android.testred/com.android.testred.TestActivity} not attached, mAlpha=1.0
05-02 11:17:28.241 D/WindowStateAnimator( 1129): Updating crop win=Window{9f1d5ed u0 com.android.testred/com.android.testred.TestActivity} mLastCrop=Rect(0, 36 - 160, 782)
05-02 11:17:28.241 D/WindowStateAnimator( 1129): Applying decor to crop win=Window{9f1d5ed u0 com.android.testred/com.android.testred.TestActivity} mDecorFrame=Rect(0, 36 - 480, 782) mSystemDecorRect=Rect(0, 36 - 160, 782)
05-02 11:17:28.241 D/View    ( 2003):                                   flags={TAKES_FOCUS}
05-02 11:17:28.241 D/WindowStateAnimator( 1129): win=Window{9f1d5ed u0 com.android.testred/com.android.testred.TestActivity} Initial clip rect: Rect(0, 36 - 160, 782) fullscreen=true
05-02 11:17:28.241 D/WindowStateAnimator( 1129): win=Window{9f1d5ed u0 com.android.testred/com.android.testred.TestActivity} Clip rect after stack adjustment=Rect(0, 36 - 160, 782)
05-02 11:17:28.241 D/View    ( 2003):                                   privateFlags={HAS_BOUNDS DRAWN}
05-02 11:17:28.241 D/WindowStateAnimator( 1129): applyCrop: win=Window{9f1d5ed u0 com.android.testred/com.android.testred.TestActivity} clipRect=Rect(0, 36 - 160, 782)
05-02 11:17:28.241 D/View    ( 2003):                                   frame={240, 558, 350, 698} scroll={524245, 0} mText="WiGig
05-02 11:17:28.241 D/View    ( 2003): Settings" mLayout width=1048576 height=27
05-02 11:17:28.241 V/WindowStateAnimator( 1129): prepareSurface: No changes in animation for WindowStateAnimator{222e3e9 com.android.testred/com.android.testred.TestActivity}
05-02 11:17:28.241 D/View    ( 2003):                               }
......
05-02 11:17:28.244 I/WindowManager( 1129): java.lang.RuntimeException: here
05-02 11:17:28.244 I/WindowManager( 1129): 	at com.android.server.wm.WindowManagerService.enableScreenIfNeededLocked(WindowManagerService.java:3417)
05-02 11:17:28.244 I/WindowManager( 1129): 	at com.android.server.wm.RootWindowContainer.performSurfacePlacement(RootWindowContainer.java:818)
05-02 11:17:28.244 I/WindowManager( 1129): 	at com.android.server.wm.WindowSurfacePlacer.performSurfacePlacementLoop(WindowSurfacePlacer.java:207)
05-02 11:17:28.244 I/WindowManager( 1129): 	at com.android.server.wm.WindowSurfacePlacer.performSurfacePlacement(WindowSurfacePlacer.java:155)
05-02 11:17:28.244 I/WindowManager( 1129): 	at com.android.server.wm.WindowSurfacePlacer.performSurfacePlacement(WindowSurfacePlacer.java:145)
05-02 11:17:28.244 I/WindowManager( 1129): 	at com.android.server.wm.WindowSurfacePlacer.continueLayout(WindowSurfacePlacer.java:136)
05-02 11:17:28.244 I/WindowManager( 1129): 	at com.android.server.wm.WindowManagerService.continueSurfaceLayout(WindowManagerService.java:2888)
05-02 11:17:28.244 I/WindowManager( 1129): 	at com.android.server.am.ActivityStack.activityPausedLocked(ActivityStack.java:1551)
05-02 11:17:28.244 I/WindowManager( 1129): 	at com.android.server.am.ActivityManagerService.activityPaused(ActivityManagerService.java:8303)
05-02 11:17:28.244 I/WindowManager( 1129): 	at android.app.IActivityManager$Stub.onTransact(IActivityManager.java:224)
05-02 11:17:28.244 I/WindowManager( 1129): 	at com.android.server.am.ActivityManagerService.onTransact(ActivityManagerService.java:3340)
05-02 11:17:28.244 I/WindowManager( 1129): 	at android.os.Binder.execTransact(Binder.java:731)
05-02 11:17:28.244 E/RootWindowContainer( 1129): performSurfacePlacementInner exit: animating=false

05-02 11:17:28.276 V/ConsumerBase( 1003): [com.android.testred/com.android.testred.TestActivity#0] freeBufferLocked: slotIndex=21
05-02 11:17:28.276 V/BufferLayerConsumer( 1003): [com.android.testred/com.android.testred.TestActivity#0] freeBufferLocked: slotIndex=22
05-02 11:17:28.276 V/ConsumerBase( 1003): [com.android.testred/com.android.testred.TestActivity#0] freeBufferLocked: slotIndex=22
05-02 11:17:28.276 V/BufferLayerConsumer( 1003): [com.android.testred/com.android.testred.TestActivity#0] freeBufferLocked: slotIndex=23
05-02 11:17:28.276 V/ConsumerBase( 1003): [com.android.testred/com.android.testred.TestActivity#0] freeBufferLocked: slotIndex=23
05-02 11:17:28.276 V/BufferLayerConsumer( 1003): [com.android.testred/com.android.testred.TestActivity#0] freeBufferLocked: slotIndex=24
05-02 11:17:28.276 V/ConsumerBase( 1003): [com.android.testred/com.android.testred.TestActivity#0] freeBufferLocked: slotIndex=24
05-02 11:17:28.276 V/BufferLayerConsumer( 1003): [com.android.testred/com.android.testred.TestActivity#0] freeBufferLocked: slotIndex=25
05-02 11:17:28.276 V/ConsumerBase( 1003): [com.android.testred/com.android.testred.TestActivity#0] freeBufferLocked: slotIndex=25
05-02 11:17:28.276 V/BufferLayerConsumer( 1003): [com.android.testred/com.android.testred.TestActivity#0] freeBufferLocked: slotIndex=26
05-02 11:17:28.276 V/ConsumerBase( 1003): [com.android.testred/com.android.testred.TestActivity#0] freeBufferLocked: slotIndex=26
05-02 11:17:28.276 V/BufferLayerConsumer( 1003): [com.android.testred/com.android.testred.TestActivity#0] freeBufferLocked: slotIndex=27
05-02 11:17:28.277 V/BufferLayerConsumer( 1003): [com.android.testred/com.android.testred.TestActivity#0] freeBufferLocked: slotIndex=28
05-02 11:17:28.277 V/BufferLayerConsumer( 1003): [com.android.testred/com.android.testred.TestActivity#0] freeBufferLocked: slotIndex=29
05-02 11:17:28.277 V/BufferLayerConsumer( 1003): [com.android.testred/com.android.testred.TestActivity#0] freeBufferLocked: slotIndex=30
05-02 11:17:28.277 V/BufferLayerConsumer( 1003): [com.android.testred/com.android.testred.TestActivity#0] freeBufferLocked: slotIndex=31
05-02 11:17:28.277 V/ConsumerBase( 1003): [com.android.testred/com.android.testred.TestActivity#0] freeBufferLocked: slotIndex=32
05-02 11:17:28.277 V/ConsumerBase( 1003): [com.android.testred/com.android.testred.TestActivity#0] freeBufferLocked: slotIndex=33
05-02 11:17:28.277 V/BufferLayerConsumer( 1003): [com.android.testred/com.android.testred.TestActivity#0] freeBufferLocked: slotIndex=36
05-02 11:17:28.277 V/BufferLayerConsumer( 1003): [com.android.testred/com.android.testred.TestActivity#0] freeBufferLocked: slotIndex=38
05-02 11:17:28.277 V/ConsumerBase( 1003): [com.android.testred/com.android.testred.TestActivity#0] freeBufferLocked: slotIndex=39
05-02 11:17:28.277 V/BufferLayerConsumer( 1003): [com.android.testred/com.android.testred.TestActivity#0] freeBufferLocked: slotIndex=41
05-02 11:17:28.277 V/ConsumerBase( 1003): [com.android.testred/com.android.testred.TestActivity#0] freeBufferLocked: slotIndex=41
05-02 11:17:28.277 V/BufferLayerConsumer( 1003): [com.android.testred/com.android.testred.TestActivity#0] freeBufferLocked: slotIndex=44
05-02 11:17:28.278 V/BufferLayerConsumer( 1003): [com.android.testred/com.android.testred.TestActivity#0] freeBufferLocked: slotIndex=47
05-02 11:17:28.278 V/BufferLayerConsumer( 1003): [com.android.testred/com.android.testred.TestActivity#0] freeBufferLocked: slotIndex=48
05-02 11:17:28.278 V/BufferLayerConsumer( 1003): [com.android.testred/com.android.testred.TestActivity#0] freeBufferLocked: slotIndex=50
05-02 11:17:28.278 V/BufferLayerConsumer( 1003): [com.android.testred/com.android.testred.TestActivity#0] freeBufferLocked: slotIndex=51
......
05-02 11:17:28.304 I/WindowManager( 1129): Win Window{9958bf8 u0 com.android.launcher3/com.android.launcher3.Launcher}: affectsSystemUi=true
05-02 11:17:28.304 V/WindowManager( 1129): Fullscreen window: Window{9958bf8 u0 com.android.launcher3/com.android.launcher3.Launcher}
05-02 11:17:28.304 I/WindowManager( 1129): Win Window{9f1d5ed u0 com.android.testred/com.android.testred.TestActivity EXITING}: affectsSystemUi=false
05-02 11:17:28.304 I/WindowManager( 1129): Win Window{695da45 u0 com.android.systemui.ImageWallpaper}: affectsSystemUi=true
05-02 11:17:28.304 I/WindowManager( 1129): force=false forcefkg=false top=Window{9958bf8 u0 com.android.launcher3/com.android.launcher3.Launcher}
05-02 11:17:28.304 D/WindowManager( 1129): frame: Rect(0, 0 - 480, 854)
......
05-02 11:17:28.318 D/WindowManager( 1129): attr: {(0,0)(fillxfill) sim={adjust=pan} ty=BASE_APPLICATION fmt=TRANSPARENT wanim=0x10302f8
05-02 11:17:28.318 D/WindowManager( 1129):   fl=LAYOUT_IN_SCREEN LAYOUT_INSET_DECOR SHOW_WALLPAPER SPLIT_TOUCH HARDWARE_ACCELERATED DRAWS_SYSTEM_BAR_BACKGROUNDS
05-02 11:17:28.318 D/WindowManager( 1129):   pfl=FORCE_DRAW_STATUS_BAR_BACKGROUND
05-02 11:17:28.318 D/WindowManager( 1129):   vsysui=LAYOUT_STABLE LAYOUT_HIDE_NAVIGATION LAYOUT_FULLSCREEN LIGHT_STATUS_BAR LIGHT_NAVIGATION_BAR} lp.flags=0x81910100
05-02 11:17:28.318 V/WindowManager( 1129): ** SHOWING status bar: top is not fullscreen
.....
05-02 11:17:28.320 V/WindowManager( 1129): Resizing Window{ccca422 u0 StatusBar}: configChanged=false dragResizingChanged=false last=Rect(0, 0 - 480, 36) frame=Rect(0, 0 - 480, 36)
05-02 11:17:28.320 V/WindowManager( 1129): Resizing Window{9958bf8 u0 com.android.launcher3/com.android.launcher3.Launcher}: configChanged=false dragResizingChanged=false last=Rect(0, 0 - 480, 854) frame=Rect(0, 0 - 480, 854)
05-02 11:17:28.320 V/WindowManager( 1129): Resizing Window{695da45 u0 com.android.systemui.ImageWallpaper}: configChanged=false dragResizingChanged=false last=Rect(0, 0 - 1243, 1024) frame=Rect(0, 0 - 1243, 1024)
05-02 11:17:28.320 D/View    ( 2003):                                   flags={TAKES_FOCUS}
05-02 11:17:28.320 V/WindowStateAnimator( 1129): computeShownFrameLocked: WindowStateAnimator{13ed5c1 com.android.systemui.ImageWallpaper} not attached, mAlpha=1.0
05-02 11:17:28.320 D/WindowStateAnimator( 1129): applyCrop: win=Window{695da45 u0 com.android.systemui.ImageWallpaper} clipRect=null
05-02 11:17:28.320 I/WindowSurfaceController( 1129):   SURFACE CLEAR CROP: com.android.systemui.ImageWallpaper
05-02 11:17:28.321 V/WindowStateAnimator( 1129): computeShownFrameLocked: WindowStateAnimator{222e3e9 com.android.testred/com.android.testred.TestActivity} not attached, mAlpha=1.0
05-02 11:17:28.321 D/WindowStateAnimator( 1129): Updating crop win=Window{9f1d5ed u0 com.android.testred/com.android.testred.TestActivity EXITING} mLastCrop=Rect(0, 36 - 160, 782)
05-02 11:17:28.321 D/WindowStateAnimator( 1129): Applying decor to crop win=Window{9f1d5ed u0 com.android.testred/com.android.testred.TestActivity EXITING} mDecorFrame=Rect(0, 36 - 480, 782) mSystemDecorRect=Rect(0, 36 - 160, 782)

05-02 11:17:28.321 D/WindowStateAnimator( 1129): win=Window{9f1d5ed u0 com.android.testred/com.android.testred.TestActivity EXITING} Initial clip rect: Rect(0, 36 - 160, 782) fullscreen=true
05-02 11:17:28.321 D/WindowStateAnimator( 1129): win=Window{9f1d5ed u0 com.android.testred/com.android.testred.TestActivity EXITING} Clip rect after stack adjustment=Rect(0, 36 - 160, 782)
05-02 11:17:28.321 D/WindowStateAnimator( 1129): applyCrop: win=Window{9f1d5ed u0 com.android.testred/com.android.testred.TestActivity EXITING} clipRect=Rect(0, 36 - 160, 782)
